<!doctype html public "-//w3c//dtd html 4.0 transitional//en">
<html><head>
<title>Static Call Graph - [.\Objects\h7b0_mdk_demo.axf]</title></head>
<body><HR>
<H1>Static Call Graph for image .\Objects\h7b0_mdk_demo.axf</H1><HR>
<BR><P>#&#060CALLGRAPH&#062# ARM Linker, 5060960: Last Updated: Sun Apr 23 22:47:44 2023
<BR><P>
<H3>Maximum Stack Usage =          0 bytes + Unknown(Cycles, Untraceable Function Pointers)</H3><H3>
Call chain for Maximum Stack Depth:</H3>

<P>
<H3>
Mutually Recursive functions
</H3> <LI><a href="#[35]">ADC_IRQHandler</a>&nbsp;&nbsp;&nbsp;&rArr;&nbsp;&nbsp;&nbsp;<a href="#[35]">ADC_IRQHandler</a><BR>
 <LI><a href="#[326]">stbtt__sort_edges_quicksort</a>&nbsp;&nbsp;&nbsp;&rArr;&nbsp;&nbsp;&nbsp;<a href="#[326]">stbtt__sort_edges_quicksort</a><BR>
 <LI><a href="#[2e4]">stbtt__tesselate_curve</a>&nbsp;&nbsp;&nbsp;&rArr;&nbsp;&nbsp;&nbsp;<a href="#[2e4]">stbtt__tesselate_curve</a><BR>
 <LI><a href="#[2e5]">stbtt__tesselate_cubic</a>&nbsp;&nbsp;&nbsp;&rArr;&nbsp;&nbsp;&nbsp;<a href="#[2e5]">stbtt__tesselate_cubic</a><BR>
 <LI><a href="#[2f8]">stbtt__GetGlyphShapeTT</a>&nbsp;&nbsp;&nbsp;&rArr;&nbsp;&nbsp;&nbsp;<a href="#[2f6]">stbtt_GetGlyphShape</a><BR>
</UL>
<P>
<H3>
Function Pointers
</H3><UL>
 <LI><a href="#[35]">ADC_IRQHandler</a> from startup_stm32h7b0xx.o(.text) referenced from startup_stm32h7b0xx.o(RESET)
 <LI><a href="#[aa]">BDMA1_IRQHandler</a> from startup_stm32h7b0xx.o(.text) referenced from startup_stm32h7b0xx.o(RESET)
 <LI><a href="#[94]">BDMA2_Channel0_IRQHandler</a> from startup_stm32h7b0xx.o(.text) referenced from startup_stm32h7b0xx.o(RESET)
 <LI><a href="#[95]">BDMA2_Channel1_IRQHandler</a> from startup_stm32h7b0xx.o(.text) referenced from startup_stm32h7b0xx.o(RESET)
 <LI><a href="#[96]">BDMA2_Channel2_IRQHandler</a> from startup_stm32h7b0xx.o(.text) referenced from startup_stm32h7b0xx.o(RESET)
 <LI><a href="#[97]">BDMA2_Channel3_IRQHandler</a> from startup_stm32h7b0xx.o(.text) referenced from startup_stm32h7b0xx.o(RESET)
 <LI><a href="#[98]">BDMA2_Channel4_IRQHandler</a> from startup_stm32h7b0xx.o(.text) referenced from startup_stm32h7b0xx.o(RESET)
 <LI><a href="#[99]">BDMA2_Channel5_IRQHandler</a> from startup_stm32h7b0xx.o(.text) referenced from startup_stm32h7b0xx.o(RESET)
 <LI><a href="#[9a]">BDMA2_Channel6_IRQHandler</a> from startup_stm32h7b0xx.o(.text) referenced from startup_stm32h7b0xx.o(RESET)
 <LI><a href="#[9b]">BDMA2_Channel7_IRQHandler</a> from startup_stm32h7b0xx.o(.text) referenced from startup_stm32h7b0xx.o(RESET)
 <LI><a href="#[1d]">BusFault_Handler</a> from stm32h7xx_it.o(i.BusFault_Handler) referenced from startup_stm32h7b0xx.o(RESET)
 <LI><a href="#[7f]">CEC_IRQHandler</a> from startup_stm32h7b0xx.o(.text) referenced from startup_stm32h7b0xx.o(RESET)
 <LI><a href="#[9c]">COMP_IRQHandler</a> from startup_stm32h7b0xx.o(.text) referenced from startup_stm32h7b0xx.o(RESET)
 <LI><a href="#[a2]">CRS_IRQHandler</a> from startup_stm32h7b0xx.o(.text) referenced from startup_stm32h7b0xx.o(RESET)
 <LI><a href="#[70]">CRYP_IRQHandler</a> from startup_stm32h7b0xx.o(.text) referenced from startup_stm32h7b0xx.o(RESET)
 <LI><a href="#[92]">DAC2_IRQHandler</a> from startup_stm32h7b0xx.o(.text) referenced from startup_stm32h7b0xx.o(RESET)
 <LI><a href="#[ae]">DCMI_DMAError</a> from stm32h7xx_hal_dcmi.o(i.DCMI_DMAError) referenced from stm32h7xx_hal_dcmi.o(i.HAL_DCMI_IRQHandler)
 <LI><a href="#[6f]">DCMI_PSSI_IRQHandler</a> from stm32h7xx_it.o(i.DCMI_PSSI_IRQHandler) referenced from startup_stm32h7b0xx.o(RESET)
 <LI><a href="#[84]">DFSDM1_FLT0_IRQHandler</a> from startup_stm32h7b0xx.o(.text) referenced from startup_stm32h7b0xx.o(RESET)
 <LI><a href="#[85]">DFSDM1_FLT1_IRQHandler</a> from startup_stm32h7b0xx.o(.text) referenced from startup_stm32h7b0xx.o(RESET)
 <LI><a href="#[86]">DFSDM1_FLT2_IRQHandler</a> from startup_stm32h7b0xx.o(.text) referenced from startup_stm32h7b0xx.o(RESET)
 <LI><a href="#[87]">DFSDM1_FLT3_IRQHandler</a> from startup_stm32h7b0xx.o(.text) referenced from startup_stm32h7b0xx.o(RESET)
 <LI><a href="#[61]">DFSDM1_FLT4_IRQHandler</a> from startup_stm32h7b0xx.o(.text) referenced from startup_stm32h7b0xx.o(RESET)
 <LI><a href="#[62]">DFSDM1_FLT5_IRQHandler</a> from startup_stm32h7b0xx.o(.text) referenced from startup_stm32h7b0xx.o(RESET)
 <LI><a href="#[63]">DFSDM1_FLT6_IRQHandler</a> from startup_stm32h7b0xx.o(.text) referenced from startup_stm32h7b0xx.o(RESET)
 <LI><a href="#[64]">DFSDM1_FLT7_IRQHandler</a> from startup_stm32h7b0xx.o(.text) referenced from startup_stm32h7b0xx.o(RESET)
 <LI><a href="#[4d]">DFSDM2_IRQHandler</a> from startup_stm32h7b0xx.o(.text) referenced from startup_stm32h7b0xx.o(RESET)
 <LI><a href="#[2e]">DMA1_Stream0_IRQHandler</a> from stm32h7xx_it.o(i.DMA1_Stream0_IRQHandler) referenced from startup_stm32h7b0xx.o(RESET)
 <LI><a href="#[2f]">DMA1_Stream1_IRQHandler</a> from startup_stm32h7b0xx.o(.text) referenced from startup_stm32h7b0xx.o(RESET)
 <LI><a href="#[30]">DMA1_Stream2_IRQHandler</a> from startup_stm32h7b0xx.o(.text) referenced from startup_stm32h7b0xx.o(RESET)
 <LI><a href="#[31]">DMA1_Stream3_IRQHandler</a> from startup_stm32h7b0xx.o(.text) referenced from startup_stm32h7b0xx.o(RESET)
 <LI><a href="#[32]">DMA1_Stream4_IRQHandler</a> from startup_stm32h7b0xx.o(.text) referenced from startup_stm32h7b0xx.o(RESET)
 <LI><a href="#[33]">DMA1_Stream5_IRQHandler</a> from startup_stm32h7b0xx.o(.text) referenced from startup_stm32h7b0xx.o(RESET)
 <LI><a href="#[34]">DMA1_Stream6_IRQHandler</a> from stm32h7xx_it.o(i.DMA1_Stream6_IRQHandler) referenced from startup_stm32h7b0xx.o(RESET)
 <LI><a href="#[52]">DMA1_Stream7_IRQHandler</a> from startup_stm32h7b0xx.o(.text) referenced from startup_stm32h7b0xx.o(RESET)
 <LI><a href="#[7b]">DMA2D_IRQHandler</a> from stm32h7xx_it.o(i.DMA2D_IRQHandler) referenced from startup_stm32h7b0xx.o(RESET)
 <LI><a href="#[5b]">DMA2_Stream0_IRQHandler</a> from startup_stm32h7b0xx.o(.text) referenced from startup_stm32h7b0xx.o(RESET)
 <LI><a href="#[5c]">DMA2_Stream1_IRQHandler</a> from startup_stm32h7b0xx.o(.text) referenced from startup_stm32h7b0xx.o(RESET)
 <LI><a href="#[5d]">DMA2_Stream2_IRQHandler</a> from startup_stm32h7b0xx.o(.text) referenced from startup_stm32h7b0xx.o(RESET)
 <LI><a href="#[5e]">DMA2_Stream3_IRQHandler</a> from startup_stm32h7b0xx.o(.text) referenced from startup_stm32h7b0xx.o(RESET)
 <LI><a href="#[5f]">DMA2_Stream4_IRQHandler</a> from startup_stm32h7b0xx.o(.text) referenced from startup_stm32h7b0xx.o(RESET)
 <LI><a href="#[65]">DMA2_Stream5_IRQHandler</a> from startup_stm32h7b0xx.o(.text) referenced from startup_stm32h7b0xx.o(RESET)
 <LI><a href="#[66]">DMA2_Stream6_IRQHandler</a> from stm32h7xx_it.o(i.DMA2_Stream6_IRQHandler) referenced from startup_stm32h7b0xx.o(RESET)
 <LI><a href="#[67]">DMA2_Stream7_IRQHandler</a> from startup_stm32h7b0xx.o(.text) referenced from startup_stm32h7b0xx.o(RESET)
 <LI><a href="#[83]">DMAMUX1_OVR_IRQHandler</a> from startup_stm32h7b0xx.o(.text) referenced from startup_stm32h7b0xx.o(RESET)
 <LI><a href="#[93]">DMAMUX2_OVR_IRQHandler</a> from startup_stm32h7b0xx.o(.text) referenced from startup_stm32h7b0xx.o(RESET)
 <LI><a href="#[a4]">DTS_IRQHandler</a> from startup_stm32h7b0xx.o(.text) referenced from startup_stm32h7b0xx.o(RESET)
 <LI><a href="#[20]">DebugMon_Handler</a> from stm32h7xx_it.o(i.DebugMon_Handler) referenced from startup_stm32h7b0xx.o(RESET)
 <LI><a href="#[a3]">ECC_IRQHandler</a> from startup_stm32h7b0xx.o(.text) referenced from startup_stm32h7b0xx.o(RESET)
 <LI><a href="#[29]">EXTI0_IRQHandler</a> from startup_stm32h7b0xx.o(.text) referenced from startup_stm32h7b0xx.o(RESET)
 <LI><a href="#[4b]">EXTI15_10_IRQHandler</a> from startup_stm32h7b0xx.o(.text) referenced from startup_stm32h7b0xx.o(RESET)
 <LI><a href="#[2a]">EXTI1_IRQHandler</a> from startup_stm32h7b0xx.o(.text) referenced from startup_stm32h7b0xx.o(RESET)
 <LI><a href="#[2b]">EXTI2_IRQHandler</a> from startup_stm32h7b0xx.o(.text) referenced from startup_stm32h7b0xx.o(RESET)
 <LI><a href="#[2c]">EXTI3_IRQHandler</a> from startup_stm32h7b0xx.o(.text) referenced from startup_stm32h7b0xx.o(RESET)
 <LI><a href="#[2d]">EXTI4_IRQHandler</a> from startup_stm32h7b0xx.o(.text) referenced from startup_stm32h7b0xx.o(RESET)
 <LI><a href="#[3a]">EXTI9_5_IRQHandler</a> from startup_stm32h7b0xx.o(.text) referenced from startup_stm32h7b0xx.o(RESET)
 <LI><a href="#[36]">FDCAN1_IT0_IRQHandler</a> from startup_stm32h7b0xx.o(.text) referenced from startup_stm32h7b0xx.o(RESET)
 <LI><a href="#[38]">FDCAN1_IT1_IRQHandler</a> from startup_stm32h7b0xx.o(.text) referenced from startup_stm32h7b0xx.o(RESET)
 <LI><a href="#[37]">FDCAN2_IT0_IRQHandler</a> from startup_stm32h7b0xx.o(.text) referenced from startup_stm32h7b0xx.o(RESET)
 <LI><a href="#[39]">FDCAN2_IT1_IRQHandler</a> from startup_stm32h7b0xx.o(.text) referenced from startup_stm32h7b0xx.o(RESET)
 <LI><a href="#[60]">FDCAN_CAL_IRQHandler</a> from startup_stm32h7b0xx.o(.text) referenced from startup_stm32h7b0xx.o(RESET)
 <LI><a href="#[27]">FLASH_IRQHandler</a> from startup_stm32h7b0xx.o(.text) referenced from startup_stm32h7b0xx.o(RESET)
 <LI><a href="#[53]">FMC_IRQHandler</a> from startup_stm32h7b0xx.o(.text) referenced from startup_stm32h7b0xx.o(RESET)
 <LI><a href="#[72]">FPU_IRQHandler</a> from startup_stm32h7b0xx.o(.text) referenced from startup_stm32h7b0xx.o(RESET)
 <LI><a href="#[a9]">GFXMMU_IRQHandler</a> from startup_stm32h7b0xx.o(.text) referenced from startup_stm32h7b0xx.o(RESET)
 <LI><a href="#[71]">HASH_RNG_IRQHandler</a> from startup_stm32h7b0xx.o(.text) referenced from startup_stm32h7b0xx.o(RESET)
 <LI><a href="#[91]">HSEM1_IRQHandler</a> from startup_stm32h7b0xx.o(.text) referenced from startup_stm32h7b0xx.o(RESET)
 <LI><a href="#[1b]">HardFault_Handler</a> from stm32h7xx_it.o(i.HardFault_Handler) referenced from startup_stm32h7b0xx.o(RESET)
 <LI><a href="#[43]">I2C1_ER_IRQHandler</a> from startup_stm32h7b0xx.o(.text) referenced from startup_stm32h7b0xx.o(RESET)
 <LI><a href="#[42]">I2C1_EV_IRQHandler</a> from startup_stm32h7b0xx.o(.text) referenced from startup_stm32h7b0xx.o(RESET)
 <LI><a href="#[45]">I2C2_ER_IRQHandler</a> from startup_stm32h7b0xx.o(.text) referenced from startup_stm32h7b0xx.o(RESET)
 <LI><a href="#[44]">I2C2_EV_IRQHandler</a> from startup_stm32h7b0xx.o(.text) referenced from startup_stm32h7b0xx.o(RESET)
 <LI><a href="#[6a]">I2C3_ER_IRQHandler</a> from startup_stm32h7b0xx.o(.text) referenced from startup_stm32h7b0xx.o(RESET)
 <LI><a href="#[69]">I2C3_EV_IRQHandler</a> from startup_stm32h7b0xx.o(.text) referenced from startup_stm32h7b0xx.o(RESET)
 <LI><a href="#[81]">I2C4_ER_IRQHandler</a> from startup_stm32h7b0xx.o(.text) referenced from startup_stm32h7b0xx.o(RESET)
 <LI><a href="#[80]">I2C4_EV_IRQHandler</a> from startup_stm32h7b0xx.o(.text) referenced from startup_stm32h7b0xx.o(RESET)
 <LI><a href="#[8e]">JPEG_IRQHandler</a> from startup_stm32h7b0xx.o(.text) referenced from startup_stm32h7b0xx.o(RESET)
 <LI><a href="#[7e]">LPTIM1_IRQHandler</a> from startup_stm32h7b0xx.o(.text) referenced from startup_stm32h7b0xx.o(RESET)
 <LI><a href="#[9d]">LPTIM2_IRQHandler</a> from startup_stm32h7b0xx.o(.text) referenced from startup_stm32h7b0xx.o(RESET)
 <LI><a href="#[9e]">LPTIM3_IRQHandler</a> from startup_stm32h7b0xx.o(.text) referenced from startup_stm32h7b0xx.o(RESET)
 <LI><a href="#[a1]">LPUART1_IRQHandler</a> from startup_stm32h7b0xx.o(.text) referenced from startup_stm32h7b0xx.o(RESET)
 <LI><a href="#[7a]">LTDC_ER_IRQHandler</a> from startup_stm32h7b0xx.o(.text) referenced from startup_stm32h7b0xx.o(RESET)
 <LI><a href="#[79]">LTDC_IRQHandler</a> from startup_stm32h7b0xx.o(.text) referenced from startup_stm32h7b0xx.o(RESET)
 <LI><a href="#[8d]">MDIOS_IRQHandler</a> from startup_stm32h7b0xx.o(.text) referenced from startup_stm32h7b0xx.o(RESET)
 <LI><a href="#[8c]">MDIOS_WKUP_IRQHandler</a> from startup_stm32h7b0xx.o(.text) referenced from startup_stm32h7b0xx.o(RESET)
 <LI><a href="#[8f]">MDMA_IRQHandler</a> from startup_stm32h7b0xx.o(.text) referenced from startup_stm32h7b0xx.o(RESET)
 <LI><a href="#[1c]">MemManage_Handler</a> from stm32h7xx_it.o(i.MemManage_Handler) referenced from startup_stm32h7b0xx.o(RESET)
 <LI><a href="#[1a]">NMI_Handler</a> from stm32h7xx_it.o(i.NMI_Handler) referenced from startup_stm32h7b0xx.o(RESET)
 <LI><a href="#[7d]">OCTOSPI1_IRQHandler</a> from startup_stm32h7b0xx.o(.text) referenced from startup_stm32h7b0xx.o(RESET)
 <LI><a href="#[a6]">OCTOSPI2_IRQHandler</a> from startup_stm32h7b0xx.o(.text) referenced from startup_stm32h7b0xx.o(RESET)
 <LI><a href="#[a7]">OTFDEC1_IRQHandler</a> from startup_stm32h7b0xx.o(.text) referenced from startup_stm32h7b0xx.o(RESET)
 <LI><a href="#[a8]">OTFDEC2_IRQHandler</a> from startup_stm32h7b0xx.o(.text) referenced from startup_stm32h7b0xx.o(RESET)
 <LI><a href="#[6c]">OTG_HS_EP1_IN_IRQHandler</a> from startup_stm32h7b0xx.o(.text) referenced from startup_stm32h7b0xx.o(RESET)
 <LI><a href="#[6b]">OTG_HS_EP1_OUT_IRQHandler</a> from startup_stm32h7b0xx.o(.text) referenced from startup_stm32h7b0xx.o(RESET)
 <LI><a href="#[6e]">OTG_HS_IRQHandler</a> from startup_stm32h7b0xx.o(.text) referenced from startup_stm32h7b0xx.o(RESET)
 <LI><a href="#[6d]">OTG_HS_WKUP_IRQHandler</a> from startup_stm32h7b0xx.o(.text) referenced from startup_stm32h7b0xx.o(RESET)
 <LI><a href="#[24]">PVD_PVM_IRQHandler</a> from startup_stm32h7b0xx.o(.text) referenced from startup_stm32h7b0xx.o(RESET)
 <LI><a href="#[21]">PendSV_Handler</a> from port.o(.emb_text) referenced from startup_stm32h7b0xx.o(RESET)
 <LI><a href="#[28]">RCC_IRQHandler</a> from startup_stm32h7b0xx.o(.text) referenced from startup_stm32h7b0xx.o(RESET)
 <LI><a href="#[4c]">RTC_Alarm_IRQHandler</a> from startup_stm32h7b0xx.o(.text) referenced from startup_stm32h7b0xx.o(RESET)
 <LI><a href="#[25]">RTC_TAMP_STAMP_CSS_LSE_IRQHandler</a> from startup_stm32h7b0xx.o(.text) referenced from startup_stm32h7b0xx.o(RESET)
 <LI><a href="#[26]">RTC_WKUP_IRQHandler</a> from startup_stm32h7b0xx.o(.text) referenced from startup_stm32h7b0xx.o(RESET)
 <LI><a href="#[19]">Reset_Handler</a> from startup_stm32h7b0xx.o(.text) referenced from startup_stm32h7b0xx.o(RESET)
 <LI><a href="#[78]">SAI1_IRQHandler</a> from startup_stm32h7b0xx.o(.text) referenced from startup_stm32h7b0xx.o(RESET)
 <LI><a href="#[7c]">SAI2_IRQHandler</a> from stm32h7xx_it.o(i.SAI2_IRQHandler) referenced from startup_stm32h7b0xx.o(RESET)
 <LI><a href="#[af]">SAI_DMAAbort</a> from stm32h7xx_hal_sai.o(i.SAI_DMAAbort) referenced from stm32h7xx_hal_sai.o(i.HAL_SAI_IRQHandler)
 <LI><a href="#[54]">SDMMC1_IRQHandler</a> from stm32h7xx_it.o(i.SDMMC1_IRQHandler) referenced from startup_stm32h7b0xx.o(RESET)
 <LI><a href="#[90]">SDMMC2_IRQHandler</a> from startup_stm32h7b0xx.o(.text) referenced from startup_stm32h7b0xx.o(RESET)
 <LI><a href="#[c3]">SD_initialize</a> from sd_diskio.o(i.SD_initialize) referenced from sd_diskio.o(.constdata)
 <LI><a href="#[c7]">SD_ioctl</a> from sd_diskio.o(i.SD_ioctl) referenced from sd_diskio.o(.constdata)
 <LI><a href="#[c5]">SD_read</a> from sd_diskio.o(i.SD_read) referenced from sd_diskio.o(.constdata)
 <LI><a href="#[c4]">SD_status</a> from sd_diskio.o(i.SD_status) referenced from sd_diskio.o(.constdata)
 <LI><a href="#[c6]">SD_write</a> from sd_diskio.o(i.SD_write) referenced from sd_diskio.o(.constdata)
 <LI><a href="#[82]">SPDIF_RX_IRQHandler</a> from startup_stm32h7b0xx.o(.text) referenced from startup_stm32h7b0xx.o(RESET)
 <LI><a href="#[46]">SPI1_IRQHandler</a> from startup_stm32h7b0xx.o(.text) referenced from startup_stm32h7b0xx.o(RESET)
 <LI><a href="#[47]">SPI2_IRQHandler</a> from startup_stm32h7b0xx.o(.text) referenced from startup_stm32h7b0xx.o(RESET)
 <LI><a href="#[56]">SPI3_IRQHandler</a> from startup_stm32h7b0xx.o(.text) referenced from startup_stm32h7b0xx.o(RESET)
 <LI><a href="#[75]">SPI4_IRQHandler</a> from startup_stm32h7b0xx.o(.text) referenced from startup_stm32h7b0xx.o(RESET)
 <LI><a href="#[76]">SPI5_IRQHandler</a> from startup_stm32h7b0xx.o(.text) referenced from startup_stm32h7b0xx.o(RESET)
 <LI><a href="#[77]">SPI6_IRQHandler</a> from startup_stm32h7b0xx.o(.text) referenced from startup_stm32h7b0xx.o(RESET)
 <LI><a href="#[1f]">SVC_Handler</a> from port.o(.emb_text) referenced from startup_stm32h7b0xx.o(RESET)
 <LI><a href="#[88]">SWPMI1_IRQHandler</a> from startup_stm32h7b0xx.o(.text) referenced from startup_stm32h7b0xx.o(RESET)
 <LI><a href="#[22]">SysTick_Handler</a> from stm32h7xx_it.o(i.SysTick_Handler) referenced from startup_stm32h7b0xx.o(RESET)
 <LI><a href="#[ac]">SystemInit</a> from system_stm32h7xx.o(i.SystemInit) referenced from startup_stm32h7b0xx.o(.text)
 <LI><a href="#[89]">TIM15_IRQHandler</a> from startup_stm32h7b0xx.o(.text) referenced from startup_stm32h7b0xx.o(RESET)
 <LI><a href="#[8a]">TIM16_IRQHandler</a> from startup_stm32h7b0xx.o(.text) referenced from startup_stm32h7b0xx.o(RESET)
 <LI><a href="#[8b]">TIM17_IRQHandler</a> from startup_stm32h7b0xx.o(.text) referenced from startup_stm32h7b0xx.o(RESET)
 <LI><a href="#[3b]">TIM1_BRK_IRQHandler</a> from startup_stm32h7b0xx.o(.text) referenced from startup_stm32h7b0xx.o(RESET)
 <LI><a href="#[3e]">TIM1_CC_IRQHandler</a> from startup_stm32h7b0xx.o(.text) referenced from startup_stm32h7b0xx.o(RESET)
 <LI><a href="#[3d]">TIM1_TRG_COM_IRQHandler</a> from startup_stm32h7b0xx.o(.text) referenced from startup_stm32h7b0xx.o(RESET)
 <LI><a href="#[3c]">TIM1_UP_IRQHandler</a> from startup_stm32h7b0xx.o(.text) referenced from startup_stm32h7b0xx.o(RESET)
 <LI><a href="#[3f]">TIM2_IRQHandler</a> from startup_stm32h7b0xx.o(.text) referenced from startup_stm32h7b0xx.o(RESET)
 <LI><a href="#[40]">TIM3_IRQHandler</a> from startup_stm32h7b0xx.o(.text) referenced from startup_stm32h7b0xx.o(RESET)
 <LI><a href="#[41]">TIM4_IRQHandler</a> from startup_stm32h7b0xx.o(.text) referenced from startup_stm32h7b0xx.o(RESET)
 <LI><a href="#[55]">TIM5_IRQHandler</a> from startup_stm32h7b0xx.o(.text) referenced from startup_stm32h7b0xx.o(RESET)
 <LI><a href="#[59]">TIM6_DAC_IRQHandler</a> from startup_stm32h7b0xx.o(.text) referenced from startup_stm32h7b0xx.o(RESET)
 <LI><a href="#[5a]">TIM7_IRQHandler</a> from startup_stm32h7b0xx.o(.text) referenced from startup_stm32h7b0xx.o(RESET)
 <LI><a href="#[4e]">TIM8_BRK_TIM12_IRQHandler</a> from startup_stm32h7b0xx.o(.text) referenced from startup_stm32h7b0xx.o(RESET)
 <LI><a href="#[51]">TIM8_CC_IRQHandler</a> from startup_stm32h7b0xx.o(.text) referenced from startup_stm32h7b0xx.o(RESET)
 <LI><a href="#[50]">TIM8_TRG_COM_TIM14_IRQHandler</a> from startup_stm32h7b0xx.o(.text) referenced from startup_stm32h7b0xx.o(RESET)
 <LI><a href="#[4f]">TIM8_UP_TIM13_IRQHandler</a> from startup_stm32h7b0xx.o(.text) referenced from startup_stm32h7b0xx.o(RESET)
 <LI><a href="#[57]">UART4_IRQHandler</a> from startup_stm32h7b0xx.o(.text) referenced from startup_stm32h7b0xx.o(RESET)
 <LI><a href="#[58]">UART5_IRQHandler</a> from startup_stm32h7b0xx.o(.text) referenced from startup_stm32h7b0xx.o(RESET)
 <LI><a href="#[73]">UART7_IRQHandler</a> from stm32h7xx_it.o(i.UART7_IRQHandler) referenced from startup_stm32h7b0xx.o(RESET)
 <LI><a href="#[74]">UART8_IRQHandler</a> from startup_stm32h7b0xx.o(.text) referenced from startup_stm32h7b0xx.o(RESET)
 <LI><a href="#[9f]">UART9_IRQHandler</a> from startup_stm32h7b0xx.o(.text) referenced from startup_stm32h7b0xx.o(RESET)
 <LI><a href="#[b0]">UART_DMAAbortOnError</a> from stm32h7xx_hal_uart.o(i.UART_DMAAbortOnError) referenced from stm32h7xx_hal_uart.o(i.HAL_UART_IRQHandler)
 <LI><a href="#[b1]">UART_RxISR_16BIT</a> from stm32h7xx_hal_uart.o(i.UART_RxISR_16BIT) referenced from stm32h7xx_hal_uart.o(i.UART_RxISR_16BIT_FIFOEN)
 <LI><a href="#[b1]">UART_RxISR_16BIT</a> from stm32h7xx_hal_uart.o(i.UART_RxISR_16BIT) referenced from stm32h7xx_hal_uart.o(i.UART_Start_Receive_IT)
 <LI><a href="#[b4]">UART_RxISR_16BIT_FIFOEN</a> from stm32h7xx_hal_uart.o(i.UART_RxISR_16BIT_FIFOEN) referenced from stm32h7xx_hal_uart.o(i.UART_Start_Receive_IT)
 <LI><a href="#[b2]">UART_RxISR_8BIT</a> from stm32h7xx_hal_uart.o(i.UART_RxISR_8BIT) referenced from stm32h7xx_hal_uart.o(i.UART_RxISR_8BIT_FIFOEN)
 <LI><a href="#[b2]">UART_RxISR_8BIT</a> from stm32h7xx_hal_uart.o(i.UART_RxISR_8BIT) referenced from stm32h7xx_hal_uart.o(i.UART_Start_Receive_IT)
 <LI><a href="#[b3]">UART_RxISR_8BIT_FIFOEN</a> from stm32h7xx_hal_uart.o(i.UART_RxISR_8BIT_FIFOEN) referenced from stm32h7xx_hal_uart.o(i.UART_Start_Receive_IT)
 <LI><a href="#[a0]">USART10_IRQHandler</a> from startup_stm32h7b0xx.o(.text) referenced from startup_stm32h7b0xx.o(RESET)
 <LI><a href="#[48]">USART1_IRQHandler</a> from startup_stm32h7b0xx.o(.text) referenced from startup_stm32h7b0xx.o(RESET)
 <LI><a href="#[49]">USART2_IRQHandler</a> from startup_stm32h7b0xx.o(.text) referenced from startup_stm32h7b0xx.o(RESET)
 <LI><a href="#[4a]">USART3_IRQHandler</a> from startup_stm32h7b0xx.o(.text) referenced from startup_stm32h7b0xx.o(RESET)
 <LI><a href="#[68]">USART6_IRQHandler</a> from startup_stm32h7b0xx.o(.text) referenced from startup_stm32h7b0xx.o(RESET)
 <LI><a href="#[1e]">UsageFault_Handler</a> from stm32h7xx_it.o(i.UsageFault_Handler) referenced from startup_stm32h7b0xx.o(RESET)
 <LI><a href="#[a5]">WAKEUP_PIN_IRQHandler</a> from startup_stm32h7b0xx.o(.text) referenced from startup_stm32h7b0xx.o(RESET)
 <LI><a href="#[23]">WWDG_IRQHandler</a> from startup_stm32h7b0xx.o(.text) referenced from startup_stm32h7b0xx.o(RESET)
 <LI><a href="#[ad]">__main</a> from entry.o(.ARM.Collect$$$$00000000) referenced from startup_stm32h7b0xx.o(.text)
 <LI><a href="#[b5]">_sputc</a> from printfa.o(i._sputc) referenced from printfa.o(i.__0sprintf)
 <LI><a href="#[b5]">_sputc</a> from printfa.o(i._sputc) referenced from printfa.o(i.__0vsprintf)
 <LI><a href="#[c]">cap_touch_task_idle</a> from touch.o(i.cap_touch_task_idle) referenced 2 times from touch.o(.data)
 <LI><a href="#[b6]">cuckoo_7b0_test</a> from cuckoo_test.o(i.cuckoo_7b0_test) referenced from cuckoo_test.o(i.cuckoo_7b0_test_init)
 <LI><a href="#[f]">drv_IL3820_color_fill</a> from drv_il3820.o(i.drv_IL3820_color_fill) referenced 2 times from drv_il3820.o(.data)
 <LI><a href="#[14]">drv_IL3820_display_onoff</a> from drv_il3820.o(i.drv_IL3820_display_onoff) referenced 2 times from drv_il3820.o(.data)
 <LI><a href="#[e]">drv_IL3820_drawpoint</a> from drv_il3820.o(i.drv_IL3820_drawpoint) referenced 2 times from drv_il3820.o(.data)
 <LI><a href="#[10]">drv_IL3820_fill</a> from drv_il3820.o(i.drv_IL3820_fill) referenced 2 times from drv_il3820.o(.data)
 <LI><a href="#[12]">drv_IL3820_flush</a> from drv_il3820.o(i.drv_IL3820_flush) referenced 2 times from drv_il3820.o(.data)
 <LI><a href="#[d]">drv_IL3820_init</a> from drv_il3820.o(i.drv_IL3820_init) referenced 2 times from drv_il3820.o(.data)
 <LI><a href="#[16]">drv_IL3820_lcd_bl</a> from drv_il3820.o(i.drv_IL3820_lcd_bl) referenced 2 times from drv_il3820.o(.data)
 <LI><a href="#[11]">drv_IL3820_prepare_display</a> from drv_il3820.o(i.drv_IL3820_prepare_display) referenced 2 times from drv_il3820.o(.data)
 <LI><a href="#[15]">drv_IL3820_scan_dir</a> from drv_il3820.o(i.drv_IL3820_scan_dir) referenced 2 times from drv_il3820.o(.data)
 <LI><a href="#[13]">drv_IL3820_update</a> from drv_il3820.o(i.drv_IL3820_update) referenced 2 times from drv_il3820.o(.data)
 <LI><a href="#[2]">drv_ST7565_color_fill</a> from drv_str7565.o(i.drv_ST7565_color_fill) referenced 4 times from drv_str7565.o(.data)
 <LI><a href="#[7]">drv_ST7565_display_onoff</a> from drv_str7565.o(i.drv_ST7565_display_onoff) referenced 2 times from drv_str7565.o(.data)
 <LI><a href="#[1]">drv_ST7565_drawpoint</a> from drv_str7565.o(i.drv_ST7565_drawpoint) referenced 4 times from drv_str7565.o(.data)
 <LI><a href="#[3]">drv_ST7565_fill</a> from drv_str7565.o(i.drv_ST7565_fill) referenced 4 times from drv_str7565.o(.data)
 <LI><a href="#[5]">drv_ST7565_flush</a> from drv_str7565.o(i.drv_ST7565_flush) referenced 4 times from drv_str7565.o(.data)
 <LI><a href="#[0]">drv_ST7565_init</a> from drv_str7565.o(i.drv_ST7565_init) referenced 2 times from drv_str7565.o(.data)
 <LI><a href="#[9]">drv_ST7565_lcd_bl</a> from drv_str7565.o(i.drv_ST7565_lcd_bl) referenced 4 times from drv_str7565.o(.data)
 <LI><a href="#[4]">drv_ST7565_prepare_display</a> from drv_str7565.o(i.drv_ST7565_prepare_display) referenced 4 times from drv_str7565.o(.data)
 <LI><a href="#[8]">drv_ST7565_scan_dir</a> from drv_str7565.o(i.drv_ST7565_scan_dir) referenced 4 times from drv_str7565.o(.data)
 <LI><a href="#[6]">drv_ST7565_update</a> from drv_str7565.o(i.drv_ST7565_update) referenced 4 times from drv_str7565.o(.data)
 <LI><a href="#[b]">drv_ssd1615_display_onoff</a> from drv_str7565.o(i.drv_ssd1615_display_onoff) referenced 2 times from drv_str7565.o(.data)
 <LI><a href="#[a]">drv_ssd1615_init</a> from drv_str7565.o(i.drv_ssd1615_init) referenced 2 times from drv_str7565.o(.data)
 <LI><a href="#[c1]">gt1151_close</a> from gt1151.o(i.gt1151_close) referenced from gt1151.o(.constdata)
 <LI><a href="#[bf]">gt1151_init</a> from gt1151.o(i.gt1151_init) referenced from gt1151.o(.constdata)
 <LI><a href="#[c0]">gt1151_open</a> from gt1151.o(i.gt1151_open) referenced from gt1151.o(.constdata)
 <LI><a href="#[c2]">gt1151_task</a> from gt1151.o(i.gt1151_task) referenced from gt1151.o(.constdata)
 <LI><a href="#[bd]">gt9147_close</a> from gt9147.o(i.gt9147_close) referenced from gt9147.o(.constdata)
 <LI><a href="#[bb]">gt9147_init</a> from gt9147.o(i.gt9147_init) referenced from gt9147.o(.constdata)
 <LI><a href="#[bc]">gt9147_open</a> from gt9147.o(i.gt9147_open) referenced from gt9147.o(.constdata)
 <LI><a href="#[be]">gt9147_task</a> from gt9147.o(i.gt9147_task) referenced from gt9147.o(.constdata)
 <LI><a href="#[ab]">main</a> from main.o(i.main) referenced from entry9a.o(.ARM.Collect$$$$0000000B)
 <LI><a href="#[b7]">petite_task</a> from petite.o(i.petite_task) referenced from petite.o(i.petite_app)
 <LI><a href="#[b9]">prvIdleTask</a> from tasks.o(i.prvIdleTask) referenced from tasks.o(i.vTaskStartScheduler)
 <LI><a href="#[b8]">prvTaskExitError</a> from port.o(i.prvTaskExitError) referenced from port.o(i.pxPortInitialiseStack)
 <LI><a href="#[ba]">prvTimerTask</a> from timers.o(i.prvTimerTask) referenced from timers.o(i.xTimerCreateTimerTask)
 <LI><a href="#[18]">ttf_get_glyph_bitmap_cb</a> from lv_tiny_ttf.o(i.ttf_get_glyph_bitmap_cb) referenced from lv_tiny_ttf.o(i.lv_tiny_ttf_create)
 <LI><a href="#[17]">ttf_get_glyph_dsc_cb</a> from lv_tiny_ttf.o(i.ttf_get_glyph_dsc_cb) referenced from lv_tiny_ttf.o(i.lv_tiny_ttf_create)
</UL>
<P>
<H3>
Global Symbols
</H3>
<P><STRONG><a name="[ad]"></a>__main</STRONG> (Thumb, 0 bytes, Stack size 0 bytes, entry.o(.ARM.Collect$$$$00000000))
<BR>[Address Reference Count : 1]<UL><LI> startup_stm32h7b0xx.o(.text)
</UL>
<P><STRONG><a name="[c8]"></a>_main_scatterload</STRONG> (Thumb, 0 bytes, Stack size 0 bytes, entry5.o(.ARM.Collect$$$$00000004))
<BR><BR>[Calls]<UL><LI><a href="#[c9]">&gt;&gt;</a>&nbsp;&nbsp;&nbsp;__scatterload
</UL>

<P><STRONG><a name="[da]"></a>__main_after_scatterload</STRONG> (Thumb, 0 bytes, Stack size 0 bytes, entry5.o(.ARM.Collect$$$$00000004))
<BR><BR>[Called By]<UL><LI><a href="#[c9]">&gt;&gt;</a>&nbsp;&nbsp;&nbsp;__scatterload
</UL>

<P><STRONG><a name="[1f]"></a>SVC_Handler</STRONG> (Thumb, 28 bytes, Stack size 0 bytes, port.o(.emb_text))
<BR>[Address Reference Count : 1]<UL><LI> startup_stm32h7b0xx.o(RESET)
</UL>
<P><STRONG><a name="[2ca]"></a>__asm___6_port_c_39a90d8d__prvStartFirstTask</STRONG> (Thumb, 36 bytes, Stack size 0 bytes, port.o(.emb_text))
<BR><BR>[Called By]<UL><LI><a href="#[2bc]">&gt;&gt;</a>&nbsp;&nbsp;&nbsp;xPortStartScheduler
</UL>

<P><STRONG><a name="[2c9]"></a>__asm___6_port_c_39a90d8d__prvEnableVFP</STRONG> (Thumb, 16 bytes, Stack size 0 bytes, port.o(.emb_text))
<BR><BR>[Called By]<UL><LI><a href="#[2bc]">&gt;&gt;</a>&nbsp;&nbsp;&nbsp;xPortStartScheduler
</UL>

<P><STRONG><a name="[21]"></a>PendSV_Handler</STRONG> (Thumb, 88 bytes, Stack size 0 bytes, port.o(.emb_text))
<BR><BR>[Calls]<UL><LI><a href="#[ca]">&gt;&gt;</a>&nbsp;&nbsp;&nbsp;vTaskSwitchContext
</UL>
<BR>[Address Reference Count : 1]<UL><LI> startup_stm32h7b0xx.o(RESET)
</UL>
<P><STRONG><a name="[2b4]"></a>vPortGetIPSR</STRONG> (Thumb, 6 bytes, Stack size 0 bytes, port.o(.emb_text))
<BR><BR>[Called By]<UL><LI><a href="#[2b3]">&gt;&gt;</a>&nbsp;&nbsp;&nbsp;vPortValidateInterruptPriority
</UL>

<P><STRONG><a name="[19]"></a>Reset_Handler</STRONG> (Thumb, 8 bytes, Stack size 0 bytes, startup_stm32h7b0xx.o(.text))
<BR>[Address Reference Count : 1]<UL><LI> startup_stm32h7b0xx.o(RESET)
</UL>
<P><STRONG><a name="[35]"></a>ADC_IRQHandler</STRONG> (Thumb, 0 bytes, Stack size 0 bytes, startup_stm32h7b0xx.o(.text))
<BR><BR>[Calls]<UL><LI><a href="#[35]">&gt;&gt;</a>&nbsp;&nbsp;&nbsp;ADC_IRQHandler
</UL>
<BR>[Called By]<UL><LI><a href="#[35]">&gt;&gt;</a>&nbsp;&nbsp;&nbsp;ADC_IRQHandler
</UL>
<BR>[Address Reference Count : 1]<UL><LI> startup_stm32h7b0xx.o(RESET)
</UL>
<P><STRONG><a name="[aa]"></a>BDMA1_IRQHandler</STRONG> (Thumb, 0 bytes, Stack size 0 bytes, startup_stm32h7b0xx.o(.text))
<BR>[Address Reference Count : 1]<UL><LI> startup_stm32h7b0xx.o(RESET)
</UL>
<P><STRONG><a name="[94]"></a>BDMA2_Channel0_IRQHandler</STRONG> (Thumb, 0 bytes, Stack size 0 bytes, startup_stm32h7b0xx.o(.text))
<BR>[Address Reference Count : 1]<UL><LI> startup_stm32h7b0xx.o(RESET)
</UL>
<P><STRONG><a name="[95]"></a>BDMA2_Channel1_IRQHandler</STRONG> (Thumb, 0 bytes, Stack size 0 bytes, startup_stm32h7b0xx.o(.text))
<BR>[Address Reference Count : 1]<UL><LI> startup_stm32h7b0xx.o(RESET)
</UL>
<P><STRONG><a name="[96]"></a>BDMA2_Channel2_IRQHandler</STRONG> (Thumb, 0 bytes, Stack size 0 bytes, startup_stm32h7b0xx.o(.text))
<BR>[Address Reference Count : 1]<UL><LI> startup_stm32h7b0xx.o(RESET)
</UL>
<P><STRONG><a name="[97]"></a>BDMA2_Channel3_IRQHandler</STRONG> (Thumb, 0 bytes, Stack size 0 bytes, startup_stm32h7b0xx.o(.text))
<BR>[Address Reference Count : 1]<UL><LI> startup_stm32h7b0xx.o(RESET)
</UL>
<P><STRONG><a name="[98]"></a>BDMA2_Channel4_IRQHandler</STRONG> (Thumb, 0 bytes, Stack size 0 bytes, startup_stm32h7b0xx.o(.text))
<BR>[Address Reference Count : 1]<UL><LI> startup_stm32h7b0xx.o(RESET)
</UL>
<P><STRONG><a name="[99]"></a>BDMA2_Channel5_IRQHandler</STRONG> (Thumb, 0 bytes, Stack size 0 bytes, startup_stm32h7b0xx.o(.text))
<BR>[Address Reference Count : 1]<UL><LI> startup_stm32h7b0xx.o(RESET)
</UL>
<P><STRONG><a name="[9a]"></a>BDMA2_Channel6_IRQHandler</STRONG> (Thumb, 0 bytes, Stack size 0 bytes, startup_stm32h7b0xx.o(.text))
<BR>[Address Reference Count : 1]<UL><LI> startup_stm32h7b0xx.o(RESET)
</UL>
<P><STRONG><a name="[9b]"></a>BDMA2_Channel7_IRQHandler</STRONG> (Thumb, 0 bytes, Stack size 0 bytes, startup_stm32h7b0xx.o(.text))
<BR>[Address Reference Count : 1]<UL><LI> startup_stm32h7b0xx.o(RESET)
</UL>
<P><STRONG><a name="[7f]"></a>CEC_IRQHandler</STRONG> (Thumb, 0 bytes, Stack size 0 bytes, startup_stm32h7b0xx.o(.text))
<BR>[Address Reference Count : 1]<UL><LI> startup_stm32h7b0xx.o(RESET)
</UL>
<P><STRONG><a name="[9c]"></a>COMP_IRQHandler</STRONG> (Thumb, 0 bytes, Stack size 0 bytes, startup_stm32h7b0xx.o(.text))
<BR>[Address Reference Count : 1]<UL><LI> startup_stm32h7b0xx.o(RESET)
</UL>
<P><STRONG><a name="[a2]"></a>CRS_IRQHandler</STRONG> (Thumb, 0 bytes, Stack size 0 bytes, startup_stm32h7b0xx.o(.text))
<BR>[Address Reference Count : 1]<UL><LI> startup_stm32h7b0xx.o(RESET)
</UL>
<P><STRONG><a name="[70]"></a>CRYP_IRQHandler</STRONG> (Thumb, 0 bytes, Stack size 0 bytes, startup_stm32h7b0xx.o(.text))
<BR>[Address Reference Count : 1]<UL><LI> startup_stm32h7b0xx.o(RESET)
</UL>
<P><STRONG><a name="[92]"></a>DAC2_IRQHandler</STRONG> (Thumb, 0 bytes, Stack size 0 bytes, startup_stm32h7b0xx.o(.text))
<BR>[Address Reference Count : 1]<UL><LI> startup_stm32h7b0xx.o(RESET)
</UL>
<P><STRONG><a name="[84]"></a>DFSDM1_FLT0_IRQHandler</STRONG> (Thumb, 0 bytes, Stack size 0 bytes, startup_stm32h7b0xx.o(.text))
<BR>[Address Reference Count : 1]<UL><LI> startup_stm32h7b0xx.o(RESET)
</UL>
<P><STRONG><a name="[85]"></a>DFSDM1_FLT1_IRQHandler</STRONG> (Thumb, 0 bytes, Stack size 0 bytes, startup_stm32h7b0xx.o(.text))
<BR>[Address Reference Count : 1]<UL><LI> startup_stm32h7b0xx.o(RESET)
</UL>
<P><STRONG><a name="[86]"></a>DFSDM1_FLT2_IRQHandler</STRONG> (Thumb, 0 bytes, Stack size 0 bytes, startup_stm32h7b0xx.o(.text))
<BR>[Address Reference Count : 1]<UL><LI> startup_stm32h7b0xx.o(RESET)
</UL>
<P><STRONG><a name="[87]"></a>DFSDM1_FLT3_IRQHandler</STRONG> (Thumb, 0 bytes, Stack size 0 bytes, startup_stm32h7b0xx.o(.text))
<BR>[Address Reference Count : 1]<UL><LI> startup_stm32h7b0xx.o(RESET)
</UL>
<P><STRONG><a name="[61]"></a>DFSDM1_FLT4_IRQHandler</STRONG> (Thumb, 0 bytes, Stack size 0 bytes, startup_stm32h7b0xx.o(.text))
<BR>[Address Reference Count : 1]<UL><LI> startup_stm32h7b0xx.o(RESET)
</UL>
<P><STRONG><a name="[62]"></a>DFSDM1_FLT5_IRQHandler</STRONG> (Thumb, 0 bytes, Stack size 0 bytes, startup_stm32h7b0xx.o(.text))
<BR>[Address Reference Count : 1]<UL><LI> startup_stm32h7b0xx.o(RESET)
</UL>
<P><STRONG><a name="[63]"></a>DFSDM1_FLT6_IRQHandler</STRONG> (Thumb, 0 bytes, Stack size 0 bytes, startup_stm32h7b0xx.o(.text))
<BR>[Address Reference Count : 1]<UL><LI> startup_stm32h7b0xx.o(RESET)
</UL>
<P><STRONG><a name="[64]"></a>DFSDM1_FLT7_IRQHandler</STRONG> (Thumb, 0 bytes, Stack size 0 bytes, startup_stm32h7b0xx.o(.text))
<BR>[Address Reference Count : 1]<UL><LI> startup_stm32h7b0xx.o(RESET)
</UL>
<P><STRONG><a name="[4d]"></a>DFSDM2_IRQHandler</STRONG> (Thumb, 0 bytes, Stack size 0 bytes, startup_stm32h7b0xx.o(.text))
<BR>[Address Reference Count : 1]<UL><LI> startup_stm32h7b0xx.o(RESET)
</UL>
<P><STRONG><a name="[2f]"></a>DMA1_Stream1_IRQHandler</STRONG> (Thumb, 0 bytes, Stack size 0 bytes, startup_stm32h7b0xx.o(.text))
<BR>[Address Reference Count : 1]<UL><LI> startup_stm32h7b0xx.o(RESET)
</UL>
<P><STRONG><a name="[30]"></a>DMA1_Stream2_IRQHandler</STRONG> (Thumb, 0 bytes, Stack size 0 bytes, startup_stm32h7b0xx.o(.text))
<BR>[Address Reference Count : 1]<UL><LI> startup_stm32h7b0xx.o(RESET)
</UL>
<P><STRONG><a name="[31]"></a>DMA1_Stream3_IRQHandler</STRONG> (Thumb, 0 bytes, Stack size 0 bytes, startup_stm32h7b0xx.o(.text))
<BR>[Address Reference Count : 1]<UL><LI> startup_stm32h7b0xx.o(RESET)
</UL>
<P><STRONG><a name="[32]"></a>DMA1_Stream4_IRQHandler</STRONG> (Thumb, 0 bytes, Stack size 0 bytes, startup_stm32h7b0xx.o(.text))
<BR>[Address Reference Count : 1]<UL><LI> startup_stm32h7b0xx.o(RESET)
</UL>
<P><STRONG><a name="[33]"></a>DMA1_Stream5_IRQHandler</STRONG> (Thumb, 0 bytes, Stack size 0 bytes, startup_stm32h7b0xx.o(.text))
<BR>[Address Reference Count : 1]<UL><LI> startup_stm32h7b0xx.o(RESET)
</UL>
<P><STRONG><a name="[52]"></a>DMA1_Stream7_IRQHandler</STRONG> (Thumb, 0 bytes, Stack size 0 bytes, startup_stm32h7b0xx.o(.text))
<BR>[Address Reference Count : 1]<UL><LI> startup_stm32h7b0xx.o(RESET)
</UL>
<P><STRONG><a name="[5b]"></a>DMA2_Stream0_IRQHandler</STRONG> (Thumb, 0 bytes, Stack size 0 bytes, startup_stm32h7b0xx.o(.text))
<BR>[Address Reference Count : 1]<UL><LI> startup_stm32h7b0xx.o(RESET)
</UL>
<P><STRONG><a name="[5c]"></a>DMA2_Stream1_IRQHandler</STRONG> (Thumb, 0 bytes, Stack size 0 bytes, startup_stm32h7b0xx.o(.text))
<BR>[Address Reference Count : 1]<UL><LI> startup_stm32h7b0xx.o(RESET)
</UL>
<P><STRONG><a name="[5d]"></a>DMA2_Stream2_IRQHandler</STRONG> (Thumb, 0 bytes, Stack size 0 bytes, startup_stm32h7b0xx.o(.text))
<BR>[Address Reference Count : 1]<UL><LI> startup_stm32h7b0xx.o(RESET)
</UL>
<P><STRONG><a name="[5e]"></a>DMA2_Stream3_IRQHandler</STRONG> (Thumb, 0 bytes, Stack size 0 bytes, startup_stm32h7b0xx.o(.text))
<BR>[Address Reference Count : 1]<UL><LI> startup_stm32h7b0xx.o(RESET)
</UL>
<P><STRONG><a name="[5f]"></a>DMA2_Stream4_IRQHandler</STRONG> (Thumb, 0 bytes, Stack size 0 bytes, startup_stm32h7b0xx.o(.text))
<BR>[Address Reference Count : 1]<UL><LI> startup_stm32h7b0xx.o(RESET)
</UL>
<P><STRONG><a name="[65]"></a>DMA2_Stream5_IRQHandler</STRONG> (Thumb, 0 bytes, Stack size 0 bytes, startup_stm32h7b0xx.o(.text))
<BR>[Address Reference Count : 1]<UL><LI> startup_stm32h7b0xx.o(RESET)
</UL>
<P><STRONG><a name="[67]"></a>DMA2_Stream7_IRQHandler</STRONG> (Thumb, 0 bytes, Stack size 0 bytes, startup_stm32h7b0xx.o(.text))
<BR>[Address Reference Count : 1]<UL><LI> startup_stm32h7b0xx.o(RESET)
</UL>
<P><STRONG><a name="[83]"></a>DMAMUX1_OVR_IRQHandler</STRONG> (Thumb, 0 bytes, Stack size 0 bytes, startup_stm32h7b0xx.o(.text))
<BR>[Address Reference Count : 1]<UL><LI> startup_stm32h7b0xx.o(RESET)
</UL>
<P><STRONG><a name="[93]"></a>DMAMUX2_OVR_IRQHandler</STRONG> (Thumb, 0 bytes, Stack size 0 bytes, startup_stm32h7b0xx.o(.text))
<BR>[Address Reference Count : 1]<UL><LI> startup_stm32h7b0xx.o(RESET)
</UL>
<P><STRONG><a name="[a4]"></a>DTS_IRQHandler</STRONG> (Thumb, 0 bytes, Stack size 0 bytes, startup_stm32h7b0xx.o(.text))
<BR>[Address Reference Count : 1]<UL><LI> startup_stm32h7b0xx.o(RESET)
</UL>
<P><STRONG><a name="[a3]"></a>ECC_IRQHandler</STRONG> (Thumb, 0 bytes, Stack size 0 bytes, startup_stm32h7b0xx.o(.text))
<BR>[Address Reference Count : 1]<UL><LI> startup_stm32h7b0xx.o(RESET)
</UL>
<P><STRONG><a name="[29]"></a>EXTI0_IRQHandler</STRONG> (Thumb, 0 bytes, Stack size 0 bytes, startup_stm32h7b0xx.o(.text))
<BR>[Address Reference Count : 1]<UL><LI> startup_stm32h7b0xx.o(RESET)
</UL>
<P><STRONG><a name="[4b]"></a>EXTI15_10_IRQHandler</STRONG> (Thumb, 0 bytes, Stack size 0 bytes, startup_stm32h7b0xx.o(.text))
<BR>[Address Reference Count : 1]<UL><LI> startup_stm32h7b0xx.o(RESET)
</UL>
<P><STRONG><a name="[2a]"></a>EXTI1_IRQHandler</STRONG> (Thumb, 0 bytes, Stack size 0 bytes, startup_stm32h7b0xx.o(.text))
<BR>[Address Reference Count : 1]<UL><LI> startup_stm32h7b0xx.o(RESET)
</UL>
<P><STRONG><a name="[2b]"></a>EXTI2_IRQHandler</STRONG> (Thumb, 0 bytes, Stack size 0 bytes, startup_stm32h7b0xx.o(.text))
<BR>[Address Reference Count : 1]<UL><LI> startup_stm32h7b0xx.o(RESET)
</UL>
<P><STRONG><a name="[2c]"></a>EXTI3_IRQHandler</STRONG> (Thumb, 0 bytes, Stack size 0 bytes, startup_stm32h7b0xx.o(.text))
<BR>[Address Reference Count : 1]<UL><LI> startup_stm32h7b0xx.o(RESET)
</UL>
<P><STRONG><a name="[2d]"></a>EXTI4_IRQHandler</STRONG> (Thumb, 0 bytes, Stack size 0 bytes, startup_stm32h7b0xx.o(.text))
<BR>[Address Reference Count : 1]<UL><LI> startup_stm32h7b0xx.o(RESET)
</UL>
<P><STRONG><a name="[3a]"></a>EXTI9_5_IRQHandler</STRONG> (Thumb, 0 bytes, Stack size 0 bytes, startup_stm32h7b0xx.o(.text))
<BR>[Address Reference Count : 1]<UL><LI> startup_stm32h7b0xx.o(RESET)
</UL>
<P><STRONG><a name="[36]"></a>FDCAN1_IT0_IRQHandler</STRONG> (Thumb, 0 bytes, Stack size 0 bytes, startup_stm32h7b0xx.o(.text))
<BR>[Address Reference Count : 1]<UL><LI> startup_stm32h7b0xx.o(RESET)
</UL>
<P><STRONG><a name="[38]"></a>FDCAN1_IT1_IRQHandler</STRONG> (Thumb, 0 bytes, Stack size 0 bytes, startup_stm32h7b0xx.o(.text))
<BR>[Address Reference Count : 1]<UL><LI> startup_stm32h7b0xx.o(RESET)
</UL>
<P><STRONG><a name="[37]"></a>FDCAN2_IT0_IRQHandler</STRONG> (Thumb, 0 bytes, Stack size 0 bytes, startup_stm32h7b0xx.o(.text))
<BR>[Address Reference Count : 1]<UL><LI> startup_stm32h7b0xx.o(RESET)
</UL>
<P><STRONG><a name="[39]"></a>FDCAN2_IT1_IRQHandler</STRONG> (Thumb, 0 bytes, Stack size 0 bytes, startup_stm32h7b0xx.o(.text))
<BR>[Address Reference Count : 1]<UL><LI> startup_stm32h7b0xx.o(RESET)
</UL>
<P><STRONG><a name="[60]"></a>FDCAN_CAL_IRQHandler</STRONG> (Thumb, 0 bytes, Stack size 0 bytes, startup_stm32h7b0xx.o(.text))
<BR>[Address Reference Count : 1]<UL><LI> startup_stm32h7b0xx.o(RESET)
</UL>
<P><STRONG><a name="[27]"></a>FLASH_IRQHandler</STRONG> (Thumb, 0 bytes, Stack size 0 bytes, startup_stm32h7b0xx.o(.text))
<BR>[Address Reference Count : 1]<UL><LI> startup_stm32h7b0xx.o(RESET)
</UL>
<P><STRONG><a name="[53]"></a>FMC_IRQHandler</STRONG> (Thumb, 0 bytes, Stack size 0 bytes, startup_stm32h7b0xx.o(.text))
<BR>[Address Reference Count : 1]<UL><LI> startup_stm32h7b0xx.o(RESET)
</UL>
<P><STRONG><a name="[72]"></a>FPU_IRQHandler</STRONG> (Thumb, 0 bytes, Stack size 0 bytes, startup_stm32h7b0xx.o(.text))
<BR>[Address Reference Count : 1]<UL><LI> startup_stm32h7b0xx.o(RESET)
</UL>
<P><STRONG><a name="[a9]"></a>GFXMMU_IRQHandler</STRONG> (Thumb, 0 bytes, Stack size 0 bytes, startup_stm32h7b0xx.o(.text))
<BR>[Address Reference Count : 1]<UL><LI> startup_stm32h7b0xx.o(RESET)
</UL>
<P><STRONG><a name="[71]"></a>HASH_RNG_IRQHandler</STRONG> (Thumb, 0 bytes, Stack size 0 bytes, startup_stm32h7b0xx.o(.text))
<BR>[Address Reference Count : 1]<UL><LI> startup_stm32h7b0xx.o(RESET)
</UL>
<P><STRONG><a name="[91]"></a>HSEM1_IRQHandler</STRONG> (Thumb, 0 bytes, Stack size 0 bytes, startup_stm32h7b0xx.o(.text))
<BR>[Address Reference Count : 1]<UL><LI> startup_stm32h7b0xx.o(RESET)
</UL>
<P><STRONG><a name="[43]"></a>I2C1_ER_IRQHandler</STRONG> (Thumb, 0 bytes, Stack size 0 bytes, startup_stm32h7b0xx.o(.text))
<BR>[Address Reference Count : 1]<UL><LI> startup_stm32h7b0xx.o(RESET)
</UL>
<P><STRONG><a name="[42]"></a>I2C1_EV_IRQHandler</STRONG> (Thumb, 0 bytes, Stack size 0 bytes, startup_stm32h7b0xx.o(.text))
<BR>[Address Reference Count : 1]<UL><LI> startup_stm32h7b0xx.o(RESET)
</UL>
<P><STRONG><a name="[45]"></a>I2C2_ER_IRQHandler</STRONG> (Thumb, 0 bytes, Stack size 0 bytes, startup_stm32h7b0xx.o(.text))
<BR>[Address Reference Count : 1]<UL><LI> startup_stm32h7b0xx.o(RESET)
</UL>
<P><STRONG><a name="[44]"></a>I2C2_EV_IRQHandler</STRONG> (Thumb, 0 bytes, Stack size 0 bytes, startup_stm32h7b0xx.o(.text))
<BR>[Address Reference Count : 1]<UL><LI> startup_stm32h7b0xx.o(RESET)
</UL>
<P><STRONG><a name="[6a]"></a>I2C3_ER_IRQHandler</STRONG> (Thumb, 0 bytes, Stack size 0 bytes, startup_stm32h7b0xx.o(.text))
<BR>[Address Reference Count : 1]<UL><LI> startup_stm32h7b0xx.o(RESET)
</UL>
<P><STRONG><a name="[69]"></a>I2C3_EV_IRQHandler</STRONG> (Thumb, 0 bytes, Stack size 0 bytes, startup_stm32h7b0xx.o(.text))
<BR>[Address Reference Count : 1]<UL><LI> startup_stm32h7b0xx.o(RESET)
</UL>
<P><STRONG><a name="[81]"></a>I2C4_ER_IRQHandler</STRONG> (Thumb, 0 bytes, Stack size 0 bytes, startup_stm32h7b0xx.o(.text))
<BR>[Address Reference Count : 1]<UL><LI> startup_stm32h7b0xx.o(RESET)
</UL>
<P><STRONG><a name="[80]"></a>I2C4_EV_IRQHandler</STRONG> (Thumb, 0 bytes, Stack size 0 bytes, startup_stm32h7b0xx.o(.text))
<BR>[Address Reference Count : 1]<UL><LI> startup_stm32h7b0xx.o(RESET)
</UL>
<P><STRONG><a name="[8e]"></a>JPEG_IRQHandler</STRONG> (Thumb, 0 bytes, Stack size 0 bytes, startup_stm32h7b0xx.o(.text))
<BR>[Address Reference Count : 1]<UL><LI> startup_stm32h7b0xx.o(RESET)
</UL>
<P><STRONG><a name="[7e]"></a>LPTIM1_IRQHandler</STRONG> (Thumb, 0 bytes, Stack size 0 bytes, startup_stm32h7b0xx.o(.text))
<BR>[Address Reference Count : 1]<UL><LI> startup_stm32h7b0xx.o(RESET)
</UL>
<P><STRONG><a name="[9d]"></a>LPTIM2_IRQHandler</STRONG> (Thumb, 0 bytes, Stack size 0 bytes, startup_stm32h7b0xx.o(.text))
<BR>[Address Reference Count : 1]<UL><LI> startup_stm32h7b0xx.o(RESET)
</UL>
<P><STRONG><a name="[9e]"></a>LPTIM3_IRQHandler</STRONG> (Thumb, 0 bytes, Stack size 0 bytes, startup_stm32h7b0xx.o(.text))
<BR>[Address Reference Count : 1]<UL><LI> startup_stm32h7b0xx.o(RESET)
</UL>
<P><STRONG><a name="[a1]"></a>LPUART1_IRQHandler</STRONG> (Thumb, 0 bytes, Stack size 0 bytes, startup_stm32h7b0xx.o(.text))
<BR>[Address Reference Count : 1]<UL><LI> startup_stm32h7b0xx.o(RESET)
</UL>
<P><STRONG><a name="[7a]"></a>LTDC_ER_IRQHandler</STRONG> (Thumb, 0 bytes, Stack size 0 bytes, startup_stm32h7b0xx.o(.text))
<BR>[Address Reference Count : 1]<UL><LI> startup_stm32h7b0xx.o(RESET)
</UL>
<P><STRONG><a name="[79]"></a>LTDC_IRQHandler</STRONG> (Thumb, 0 bytes, Stack size 0 bytes, startup_stm32h7b0xx.o(.text))
<BR>[Address Reference Count : 1]<UL><LI> startup_stm32h7b0xx.o(RESET)
</UL>
<P><STRONG><a name="[8d]"></a>MDIOS_IRQHandler</STRONG> (Thumb, 0 bytes, Stack size 0 bytes, startup_stm32h7b0xx.o(.text))
<BR>[Address Reference Count : 1]<UL><LI> startup_stm32h7b0xx.o(RESET)
</UL>
<P><STRONG><a name="[8c]"></a>MDIOS_WKUP_IRQHandler</STRONG> (Thumb, 0 bytes, Stack size 0 bytes, startup_stm32h7b0xx.o(.text))
<BR>[Address Reference Count : 1]<UL><LI> startup_stm32h7b0xx.o(RESET)
</UL>
<P><STRONG><a name="[8f]"></a>MDMA_IRQHandler</STRONG> (Thumb, 0 bytes, Stack size 0 bytes, startup_stm32h7b0xx.o(.text))
<BR>[Address Reference Count : 1]<UL><LI> startup_stm32h7b0xx.o(RESET)
</UL>
<P><STRONG><a name="[7d]"></a>OCTOSPI1_IRQHandler</STRONG> (Thumb, 0 bytes, Stack size 0 bytes, startup_stm32h7b0xx.o(.text))
<BR>[Address Reference Count : 1]<UL><LI> startup_stm32h7b0xx.o(RESET)
</UL>
<P><STRONG><a name="[a6]"></a>OCTOSPI2_IRQHandler</STRONG> (Thumb, 0 bytes, Stack size 0 bytes, startup_stm32h7b0xx.o(.text))
<BR>[Address Reference Count : 1]<UL><LI> startup_stm32h7b0xx.o(RESET)
</UL>
<P><STRONG><a name="[a7]"></a>OTFDEC1_IRQHandler</STRONG> (Thumb, 0 bytes, Stack size 0 bytes, startup_stm32h7b0xx.o(.text))
<BR>[Address Reference Count : 1]<UL><LI> startup_stm32h7b0xx.o(RESET)
</UL>
<P><STRONG><a name="[a8]"></a>OTFDEC2_IRQHandler</STRONG> (Thumb, 0 bytes, Stack size 0 bytes, startup_stm32h7b0xx.o(.text))
<BR>[Address Reference Count : 1]<UL><LI> startup_stm32h7b0xx.o(RESET)
</UL>
<P><STRONG><a name="[6c]"></a>OTG_HS_EP1_IN_IRQHandler</STRONG> (Thumb, 0 bytes, Stack size 0 bytes, startup_stm32h7b0xx.o(.text))
<BR>[Address Reference Count : 1]<UL><LI> startup_stm32h7b0xx.o(RESET)
</UL>
<P><STRONG><a name="[6b]"></a>OTG_HS_EP1_OUT_IRQHandler</STRONG> (Thumb, 0 bytes, Stack size 0 bytes, startup_stm32h7b0xx.o(.text))
<BR>[Address Reference Count : 1]<UL><LI> startup_stm32h7b0xx.o(RESET)
</UL>
<P><STRONG><a name="[6e]"></a>OTG_HS_IRQHandler</STRONG> (Thumb, 0 bytes, Stack size 0 bytes, startup_stm32h7b0xx.o(.text))
<BR>[Address Reference Count : 1]<UL><LI> startup_stm32h7b0xx.o(RESET)
</UL>
<P><STRONG><a name="[6d]"></a>OTG_HS_WKUP_IRQHandler</STRONG> (Thumb, 0 bytes, Stack size 0 bytes, startup_stm32h7b0xx.o(.text))
<BR>[Address Reference Count : 1]<UL><LI> startup_stm32h7b0xx.o(RESET)
</UL>
<P><STRONG><a name="[24]"></a>PVD_PVM_IRQHandler</STRONG> (Thumb, 0 bytes, Stack size 0 bytes, startup_stm32h7b0xx.o(.text))
<BR>[Address Reference Count : 1]<UL><LI> startup_stm32h7b0xx.o(RESET)
</UL>
<P><STRONG><a name="[28]"></a>RCC_IRQHandler</STRONG> (Thumb, 0 bytes, Stack size 0 bytes, startup_stm32h7b0xx.o(.text))
<BR>[Address Reference Count : 1]<UL><LI> startup_stm32h7b0xx.o(RESET)
</UL>
<P><STRONG><a name="[4c]"></a>RTC_Alarm_IRQHandler</STRONG> (Thumb, 0 bytes, Stack size 0 bytes, startup_stm32h7b0xx.o(.text))
<BR>[Address Reference Count : 1]<UL><LI> startup_stm32h7b0xx.o(RESET)
</UL>
<P><STRONG><a name="[25]"></a>RTC_TAMP_STAMP_CSS_LSE_IRQHandler</STRONG> (Thumb, 0 bytes, Stack size 0 bytes, startup_stm32h7b0xx.o(.text))
<BR>[Address Reference Count : 1]<UL><LI> startup_stm32h7b0xx.o(RESET)
</UL>
<P><STRONG><a name="[26]"></a>RTC_WKUP_IRQHandler</STRONG> (Thumb, 0 bytes, Stack size 0 bytes, startup_stm32h7b0xx.o(.text))
<BR>[Address Reference Count : 1]<UL><LI> startup_stm32h7b0xx.o(RESET)
</UL>
<P><STRONG><a name="[78]"></a>SAI1_IRQHandler</STRONG> (Thumb, 0 bytes, Stack size 0 bytes, startup_stm32h7b0xx.o(.text))
<BR>[Address Reference Count : 1]<UL><LI> startup_stm32h7b0xx.o(RESET)
</UL>
<P><STRONG><a name="[90]"></a>SDMMC2_IRQHandler</STRONG> (Thumb, 0 bytes, Stack size 0 bytes, startup_stm32h7b0xx.o(.text))
<BR>[Address Reference Count : 1]<UL><LI> startup_stm32h7b0xx.o(RESET)
</UL>
<P><STRONG><a name="[82]"></a>SPDIF_RX_IRQHandler</STRONG> (Thumb, 0 bytes, Stack size 0 bytes, startup_stm32h7b0xx.o(.text))
<BR>[Address Reference Count : 1]<UL><LI> startup_stm32h7b0xx.o(RESET)
</UL>
<P><STRONG><a name="[46]"></a>SPI1_IRQHandler</STRONG> (Thumb, 0 bytes, Stack size 0 bytes, startup_stm32h7b0xx.o(.text))
<BR>[Address Reference Count : 1]<UL><LI> startup_stm32h7b0xx.o(RESET)
</UL>
<P><STRONG><a name="[47]"></a>SPI2_IRQHandler</STRONG> (Thumb, 0 bytes, Stack size 0 bytes, startup_stm32h7b0xx.o(.text))
<BR>[Address Reference Count : 1]<UL><LI> startup_stm32h7b0xx.o(RESET)
</UL>
<P><STRONG><a name="[56]"></a>SPI3_IRQHandler</STRONG> (Thumb, 0 bytes, Stack size 0 bytes, startup_stm32h7b0xx.o(.text))
<BR>[Address Reference Count : 1]<UL><LI> startup_stm32h7b0xx.o(RESET)
</UL>
<P><STRONG><a name="[75]"></a>SPI4_IRQHandler</STRONG> (Thumb, 0 bytes, Stack size 0 bytes, startup_stm32h7b0xx.o(.text))
<BR>[Address Reference Count : 1]<UL><LI> startup_stm32h7b0xx.o(RESET)
</UL>
<P><STRONG><a name="[76]"></a>SPI5_IRQHandler</STRONG> (Thumb, 0 bytes, Stack size 0 bytes, startup_stm32h7b0xx.o(.text))
<BR>[Address Reference Count : 1]<UL><LI> startup_stm32h7b0xx.o(RESET)
</UL>
<P><STRONG><a name="[77]"></a>SPI6_IRQHandler</STRONG> (Thumb, 0 bytes, Stack size 0 bytes, startup_stm32h7b0xx.o(.text))
<BR>[Address Reference Count : 1]<UL><LI> startup_stm32h7b0xx.o(RESET)
</UL>
<P><STRONG><a name="[88]"></a>SWPMI1_IRQHandler</STRONG> (Thumb, 0 bytes, Stack size 0 bytes, startup_stm32h7b0xx.o(.text))
<BR>[Address Reference Count : 1]<UL><LI> startup_stm32h7b0xx.o(RESET)
</UL>
<P><STRONG><a name="[89]"></a>TIM15_IRQHandler</STRONG> (Thumb, 0 bytes, Stack size 0 bytes, startup_stm32h7b0xx.o(.text))
<BR>[Address Reference Count : 1]<UL><LI> startup_stm32h7b0xx.o(RESET)
</UL>
<P><STRONG><a name="[8a]"></a>TIM16_IRQHandler</STRONG> (Thumb, 0 bytes, Stack size 0 bytes, startup_stm32h7b0xx.o(.text))
<BR>[Address Reference Count : 1]<UL><LI> startup_stm32h7b0xx.o(RESET)
</UL>
<P><STRONG><a name="[8b]"></a>TIM17_IRQHandler</STRONG> (Thumb, 0 bytes, Stack size 0 bytes, startup_stm32h7b0xx.o(.text))
<BR>[Address Reference Count : 1]<UL><LI> startup_stm32h7b0xx.o(RESET)
</UL>
<P><STRONG><a name="[3b]"></a>TIM1_BRK_IRQHandler</STRONG> (Thumb, 0 bytes, Stack size 0 bytes, startup_stm32h7b0xx.o(.text))
<BR>[Address Reference Count : 1]<UL><LI> startup_stm32h7b0xx.o(RESET)
</UL>
<P><STRONG><a name="[3e]"></a>TIM1_CC_IRQHandler</STRONG> (Thumb, 0 bytes, Stack size 0 bytes, startup_stm32h7b0xx.o(.text))
<BR>[Address Reference Count : 1]<UL><LI> startup_stm32h7b0xx.o(RESET)
</UL>
<P><STRONG><a name="[3d]"></a>TIM1_TRG_COM_IRQHandler</STRONG> (Thumb, 0 bytes, Stack size 0 bytes, startup_stm32h7b0xx.o(.text))
<BR>[Address Reference Count : 1]<UL><LI> startup_stm32h7b0xx.o(RESET)
</UL>
<P><STRONG><a name="[3c]"></a>TIM1_UP_IRQHandler</STRONG> (Thumb, 0 bytes, Stack size 0 bytes, startup_stm32h7b0xx.o(.text))
<BR>[Address Reference Count : 1]<UL><LI> startup_stm32h7b0xx.o(RESET)
</UL>
<P><STRONG><a name="[3f]"></a>TIM2_IRQHandler</STRONG> (Thumb, 0 bytes, Stack size 0 bytes, startup_stm32h7b0xx.o(.text))
<BR>[Address Reference Count : 1]<UL><LI> startup_stm32h7b0xx.o(RESET)
</UL>
<P><STRONG><a name="[40]"></a>TIM3_IRQHandler</STRONG> (Thumb, 0 bytes, Stack size 0 bytes, startup_stm32h7b0xx.o(.text))
<BR>[Address Reference Count : 1]<UL><LI> startup_stm32h7b0xx.o(RESET)
</UL>
<P><STRONG><a name="[41]"></a>TIM4_IRQHandler</STRONG> (Thumb, 0 bytes, Stack size 0 bytes, startup_stm32h7b0xx.o(.text))
<BR>[Address Reference Count : 1]<UL><LI> startup_stm32h7b0xx.o(RESET)
</UL>
<P><STRONG><a name="[55]"></a>TIM5_IRQHandler</STRONG> (Thumb, 0 bytes, Stack size 0 bytes, startup_stm32h7b0xx.o(.text))
<BR>[Address Reference Count : 1]<UL><LI> startup_stm32h7b0xx.o(RESET)
</UL>
<P><STRONG><a name="[59]"></a>TIM6_DAC_IRQHandler</STRONG> (Thumb, 0 bytes, Stack size 0 bytes, startup_stm32h7b0xx.o(.text))
<BR>[Address Reference Count : 1]<UL><LI> startup_stm32h7b0xx.o(RESET)
</UL>
<P><STRONG><a name="[5a]"></a>TIM7_IRQHandler</STRONG> (Thumb, 0 bytes, Stack size 0 bytes, startup_stm32h7b0xx.o(.text))
<BR>[Address Reference Count : 1]<UL><LI> startup_stm32h7b0xx.o(RESET)
</UL>
<P><STRONG><a name="[4e]"></a>TIM8_BRK_TIM12_IRQHandler</STRONG> (Thumb, 0 bytes, Stack size 0 bytes, startup_stm32h7b0xx.o(.text))
<BR>[Address Reference Count : 1]<UL><LI> startup_stm32h7b0xx.o(RESET)
</UL>
<P><STRONG><a name="[51]"></a>TIM8_CC_IRQHandler</STRONG> (Thumb, 0 bytes, Stack size 0 bytes, startup_stm32h7b0xx.o(.text))
<BR>[Address Reference Count : 1]<UL><LI> startup_stm32h7b0xx.o(RESET)
</UL>
<P><STRONG><a name="[50]"></a>TIM8_TRG_COM_TIM14_IRQHandler</STRONG> (Thumb, 0 bytes, Stack size 0 bytes, startup_stm32h7b0xx.o(.text))
<BR>[Address Reference Count : 1]<UL><LI> startup_stm32h7b0xx.o(RESET)
</UL>
<P><STRONG><a name="[4f]"></a>TIM8_UP_TIM13_IRQHandler</STRONG> (Thumb, 0 bytes, Stack size 0 bytes, startup_stm32h7b0xx.o(.text))
<BR>[Address Reference Count : 1]<UL><LI> startup_stm32h7b0xx.o(RESET)
</UL>
<P><STRONG><a name="[57]"></a>UART4_IRQHandler</STRONG> (Thumb, 0 bytes, Stack size 0 bytes, startup_stm32h7b0xx.o(.text))
<BR>[Address Reference Count : 1]<UL><LI> startup_stm32h7b0xx.o(RESET)
</UL>
<P><STRONG><a name="[58]"></a>UART5_IRQHandler</STRONG> (Thumb, 0 bytes, Stack size 0 bytes, startup_stm32h7b0xx.o(.text))
<BR>[Address Reference Count : 1]<UL><LI> startup_stm32h7b0xx.o(RESET)
</UL>
<P><STRONG><a name="[74]"></a>UART8_IRQHandler</STRONG> (Thumb, 0 bytes, Stack size 0 bytes, startup_stm32h7b0xx.o(.text))
<BR>[Address Reference Count : 1]<UL><LI> startup_stm32h7b0xx.o(RESET)
</UL>
<P><STRONG><a name="[9f]"></a>UART9_IRQHandler</STRONG> (Thumb, 0 bytes, Stack size 0 bytes, startup_stm32h7b0xx.o(.text))
<BR>[Address Reference Count : 1]<UL><LI> startup_stm32h7b0xx.o(RESET)
</UL>
<P><STRONG><a name="[a0]"></a>USART10_IRQHandler</STRONG> (Thumb, 0 bytes, Stack size 0 bytes, startup_stm32h7b0xx.o(.text))
<BR>[Address Reference Count : 1]<UL><LI> startup_stm32h7b0xx.o(RESET)
</UL>
<P><STRONG><a name="[48]"></a>USART1_IRQHandler</STRONG> (Thumb, 0 bytes, Stack size 0 bytes, startup_stm32h7b0xx.o(.text))
<BR>[Address Reference Count : 1]<UL><LI> startup_stm32h7b0xx.o(RESET)
</UL>
<P><STRONG><a name="[49]"></a>USART2_IRQHandler</STRONG> (Thumb, 0 bytes, Stack size 0 bytes, startup_stm32h7b0xx.o(.text))
<BR>[Address Reference Count : 1]<UL><LI> startup_stm32h7b0xx.o(RESET)
</UL>
<P><STRONG><a name="[4a]"></a>USART3_IRQHandler</STRONG> (Thumb, 0 bytes, Stack size 0 bytes, startup_stm32h7b0xx.o(.text))
<BR>[Address Reference Count : 1]<UL><LI> startup_stm32h7b0xx.o(RESET)
</UL>
<P><STRONG><a name="[68]"></a>USART6_IRQHandler</STRONG> (Thumb, 0 bytes, Stack size 0 bytes, startup_stm32h7b0xx.o(.text))
<BR>[Address Reference Count : 1]<UL><LI> startup_stm32h7b0xx.o(RESET)
</UL>
<P><STRONG><a name="[a5]"></a>WAKEUP_PIN_IRQHandler</STRONG> (Thumb, 0 bytes, Stack size 0 bytes, startup_stm32h7b0xx.o(.text))
<BR>[Address Reference Count : 1]<UL><LI> startup_stm32h7b0xx.o(RESET)
</UL>
<P><STRONG><a name="[23]"></a>WWDG_IRQHandler</STRONG> (Thumb, 0 bytes, Stack size 0 bytes, startup_stm32h7b0xx.o(.text))
<BR>[Address Reference Count : 1]<UL><LI> startup_stm32h7b0xx.o(RESET)
</UL>
<P><STRONG><a name="[cb]"></a>__aeabi_uldivmod</STRONG> (Thumb, 98 bytes, Stack size 0 bytes, uldiv.o(.text))
<BR><BR>[Calls]<UL><LI><a href="#[cc]">&gt;&gt;</a>&nbsp;&nbsp;&nbsp;__aeabi_llsr
<LI><a href="#[cd]">&gt;&gt;</a>&nbsp;&nbsp;&nbsp;__aeabi_llsl
</UL>
<BR>[Called By]<UL><LI><a href="#[17f]">&gt;&gt;</a>&nbsp;&nbsp;&nbsp;UART_SetConfig
<LI><a href="#[1d3]">&gt;&gt;</a>&nbsp;&nbsp;&nbsp;_printf_core
<LI><a href="#[1d7]">&gt;&gt;</a>&nbsp;&nbsp;&nbsp;_fp_digits
</UL>

<P><STRONG><a name="[1ed]"></a>__aeabi_memcpy</STRONG> (Thumb, 36 bytes, Stack size 0 bytes, memcpya.o(.text))
<BR><BR>[Called By]<UL><LI><a href="#[206]">&gt;&gt;</a>&nbsp;&nbsp;&nbsp;bus_spich_register
<LI><a href="#[1fe]">&gt;&gt;</a>&nbsp;&nbsp;&nbsp;bus_spi_register
<LI><a href="#[1eb]">&gt;&gt;</a>&nbsp;&nbsp;&nbsp;bus_i2c_register
<LI><a href="#[1fd]">&gt;&gt;</a>&nbsp;&nbsp;&nbsp;bus_lcd_write_data
<LI><a href="#[2c7]">&gt;&gt;</a>&nbsp;&nbsp;&nbsp;wjq_realloc
<LI><a href="#[286]">&gt;&gt;</a>&nbsp;&nbsp;&nbsp;prvCopyDataToQueue
<LI><a href="#[285]">&gt;&gt;</a>&nbsp;&nbsp;&nbsp;prvCopyDataFromQueue
<LI><a href="#[2e9]">&gt;&gt;</a>&nbsp;&nbsp;&nbsp;ttf_cb_stream_read (via Veneer)
<LI><a href="#[2f8]">&gt;&gt;</a>&nbsp;&nbsp;&nbsp;stbtt__GetGlyphShapeTT (via Veneer)
</UL>

<P><STRONG><a name="[123]"></a>__aeabi_memcpy4</STRONG> (Thumb, 0 bytes, Stack size 0 bytes, memcpya.o(.text))
<BR><BR>[Called By]<UL><LI><a href="#[122]">&gt;&gt;</a>&nbsp;&nbsp;&nbsp;HAL_LTDC_ConfigLayer
<LI><a href="#[262]">&gt;&gt;</a>&nbsp;&nbsp;&nbsp;lcd_dev_register
<LI><a href="#[234]">&gt;&gt;</a>&nbsp;&nbsp;&nbsp;dev_spiflash_register
<LI><a href="#[326]">&gt;&gt;</a>&nbsp;&nbsp;&nbsp;stbtt__sort_edges_quicksort (via Veneer)
<LI><a href="#[327]">&gt;&gt;</a>&nbsp;&nbsp;&nbsp;stbtt__sort_edges_ins_sort (via Veneer)
<LI><a href="#[2f8]">&gt;&gt;</a>&nbsp;&nbsp;&nbsp;stbtt__GetGlyphShapeTT (via Veneer)
<LI><a href="#[2f7]">&gt;&gt;</a>&nbsp;&nbsp;&nbsp;stbtt__GetGlyphShapeT2 (via Veneer)
<LI><a href="#[2f0]">&gt;&gt;</a>&nbsp;&nbsp;&nbsp;stbtt__GetGlyphInfoT2 (via Veneer)
</UL>

<P><STRONG><a name="[cf]"></a>__aeabi_memset</STRONG> (Thumb, 14 bytes, Stack size 0 bytes, memseta.o(.text))
<BR><BR>[Called By]<UL><LI><a href="#[290]">&gt;&gt;</a>&nbsp;&nbsp;&nbsp;prvInitialiseNewTask
<LI><a href="#[d0]">&gt;&gt;</a>&nbsp;&nbsp;&nbsp;memset
<LI><a href="#[ce]">&gt;&gt;</a>&nbsp;&nbsp;&nbsp;__aeabi_memclr
</UL>

<P><STRONG><a name="[ce]"></a>__aeabi_memclr</STRONG> (Thumb, 4 bytes, Stack size 0 bytes, memseta.o(.text))
<BR><BR>[Calls]<UL><LI><a href="#[cf]">&gt;&gt;</a>&nbsp;&nbsp;&nbsp;__aeabi_memset
</UL>
<BR>[Called By]<UL><LI><a href="#[d]">&gt;&gt;</a>&nbsp;&nbsp;&nbsp;drv_IL3820_init
<LI><a href="#[a]">&gt;&gt;</a>&nbsp;&nbsp;&nbsp;drv_ssd1615_init
<LI><a href="#[0]">&gt;&gt;</a>&nbsp;&nbsp;&nbsp;drv_ST7565_init
<LI><a href="#[18]">&gt;&gt;</a>&nbsp;&nbsp;&nbsp;ttf_get_glyph_bitmap_cb (via Veneer)
</UL>

<P><STRONG><a name="[108]"></a>__aeabi_memclr4</STRONG> (Thumb, 0 bytes, Stack size 0 bytes, memseta.o(.text))
<BR><BR>[Called By]<UL><LI><a href="#[17e]">&gt;&gt;</a>&nbsp;&nbsp;&nbsp;HAL_UART_MspInit
<LI><a href="#[16c]">&gt;&gt;</a>&nbsp;&nbsp;&nbsp;HAL_SPI_MspInit
<LI><a href="#[140]">&gt;&gt;</a>&nbsp;&nbsp;&nbsp;HAL_RTC_MspInit
<LI><a href="#[12e]">&gt;&gt;</a>&nbsp;&nbsp;&nbsp;HAL_OSPI_MspInit
<LI><a href="#[126]">&gt;&gt;</a>&nbsp;&nbsp;&nbsp;HAL_LTDC_MspInit
<LI><a href="#[110]">&gt;&gt;</a>&nbsp;&nbsp;&nbsp;HAL_DCMI_MspInit
<LI><a href="#[107]">&gt;&gt;</a>&nbsp;&nbsp;&nbsp;HAL_ADC_MspInit
<LI><a href="#[1ca]">&gt;&gt;</a>&nbsp;&nbsp;&nbsp;SystemClock_Config
<LI><a href="#[190]">&gt;&gt;</a>&nbsp;&nbsp;&nbsp;MX_OCTOSPI1_Init
<LI><a href="#[191]">&gt;&gt;</a>&nbsp;&nbsp;&nbsp;MX_RTC_Init
<LI><a href="#[18f]">&gt;&gt;</a>&nbsp;&nbsp;&nbsp;MX_GPIO_Init
<LI><a href="#[18c]">&gt;&gt;</a>&nbsp;&nbsp;&nbsp;MX_ADC2_Init
<LI><a href="#[148]">&gt;&gt;</a>&nbsp;&nbsp;&nbsp;SD_HighSpeed
<LI><a href="#[b7]">&gt;&gt;</a>&nbsp;&nbsp;&nbsp;petite_task
<LI><a href="#[1de]">&gt;&gt;</a>&nbsp;&nbsp;&nbsp;lcd_reset
<LI><a href="#[1e3]">&gt;&gt;</a>&nbsp;&nbsp;&nbsp;bus_uart_init
<LI><a href="#[186]">&gt;&gt;</a>&nbsp;&nbsp;&nbsp;LCD_Config
<LI><a href="#[e4]">&gt;&gt;</a>&nbsp;&nbsp;&nbsp;SD_MspInit
<LI><a href="#[21b]">&gt;&gt;</a>&nbsp;&nbsp;&nbsp;mcu_io_config_in
<LI><a href="#[211]">&gt;&gt;</a>&nbsp;&nbsp;&nbsp;mcu_vi2c_io_config_out
<LI><a href="#[216]">&gt;&gt;</a>&nbsp;&nbsp;&nbsp;mcu_vi2c_io_config_in
<LI><a href="#[1f2]">&gt;&gt;</a>&nbsp;&nbsp;&nbsp;mcu_io_config_out
<LI><a href="#[200]">&gt;&gt;</a>&nbsp;&nbsp;&nbsp;mcu_hspi_init
<LI><a href="#[2be]">&gt;&gt;</a>&nbsp;&nbsp;&nbsp;vfs_get_dir_name
<LI><a href="#[324]">&gt;&gt;</a>&nbsp;&nbsp;&nbsp;stbtt__rasterize_sorted_edges (via Veneer)
<LI><a href="#[2f7]">&gt;&gt;</a>&nbsp;&nbsp;&nbsp;stbtt__GetGlyphShapeT2 (via Veneer)
</UL>

<P><STRONG><a name="[d0]"></a>memset</STRONG> (Thumb, 18 bytes, Stack size 0 bytes, memseta.o(.text), UNUSED)
<BR><BR>[Calls]<UL><LI><a href="#[cf]">&gt;&gt;</a>&nbsp;&nbsp;&nbsp;__aeabi_memset
</UL>

<P><STRONG><a name="[fb]"></a>strlen</STRONG> (Thumb, 14 bytes, Stack size 0 bytes, strlen.o(.text))
<BR><BR>[Called By]<UL><LI><a href="#[279]">&gt;&gt;</a>&nbsp;&nbsp;&nbsp;vTaskGetRunTimeStats
<LI><a href="#[f8]">&gt;&gt;</a>&nbsp;&nbsp;&nbsp;FatFs_FileTest
<LI><a href="#[2be]">&gt;&gt;</a>&nbsp;&nbsp;&nbsp;vfs_get_dir_name
<LI><a href="#[2a5]">&gt;&gt;</a>&nbsp;&nbsp;&nbsp;prvWriteNameToBuffer
</UL>

<P><STRONG><a name="[1e9]"></a>strcmp</STRONG> (Thumb, 28 bytes, Stack size 0 bytes, strcmp.o(.text))
<BR><BR>[Called By]<UL><LI><a href="#[262]">&gt;&gt;</a>&nbsp;&nbsp;&nbsp;lcd_dev_register
<LI><a href="#[234]">&gt;&gt;</a>&nbsp;&nbsp;&nbsp;dev_spiflash_register
<LI><a href="#[206]">&gt;&gt;</a>&nbsp;&nbsp;&nbsp;bus_spich_register
<LI><a href="#[1fe]">&gt;&gt;</a>&nbsp;&nbsp;&nbsp;bus_spi_register
<LI><a href="#[1eb]">&gt;&gt;</a>&nbsp;&nbsp;&nbsp;bus_i2c_register
<LI><a href="#[1e4]">&gt;&gt;</a>&nbsp;&nbsp;&nbsp;bus_uart_open
<LI><a href="#[22e]">&gt;&gt;</a>&nbsp;&nbsp;&nbsp;lcd_open
<LI><a href="#[1f9]">&gt;&gt;</a>&nbsp;&nbsp;&nbsp;bus_spich_open
<LI><a href="#[19b]">&gt;&gt;</a>&nbsp;&nbsp;&nbsp;bus_i2c_open
<LI><a href="#[2bd]">&gt;&gt;</a>&nbsp;&nbsp;&nbsp;vfs_find_dir
</UL>

<P><STRONG><a name="[2a6]"></a>strcpy</STRONG> (Thumb, 18 bytes, Stack size 0 bytes, strcpy.o(.text))
<BR><BR>[Called By]<UL><LI><a href="#[2be]">&gt;&gt;</a>&nbsp;&nbsp;&nbsp;vfs_get_dir_name
<LI><a href="#[2a5]">&gt;&gt;</a>&nbsp;&nbsp;&nbsp;prvWriteNameToBuffer
</UL>

<P><STRONG><a name="[1db]"></a>__aeabi_uidivmod</STRONG> (Thumb, 44 bytes, Stack size 0 bytes, uidiv.o(.text), UNUSED)
<BR><BR>[Called By]<UL><LI><a href="#[1d3]">&gt;&gt;</a>&nbsp;&nbsp;&nbsp;_printf_core
</UL>

<P><STRONG><a name="[cd]"></a>__aeabi_llsl</STRONG> (Thumb, 30 bytes, Stack size 0 bytes, llshl.o(.text))
<BR><BR>[Called By]<UL><LI><a href="#[d3]">&gt;&gt;</a>&nbsp;&nbsp;&nbsp;_double_epilogue
<LI><a href="#[d1]">&gt;&gt;</a>&nbsp;&nbsp;&nbsp;__aeabi_dadd
<LI><a href="#[d9]">&gt;&gt;</a>&nbsp;&nbsp;&nbsp;__aeabi_d2ulz
<LI><a href="#[cb]">&gt;&gt;</a>&nbsp;&nbsp;&nbsp;__aeabi_uldivmod
</UL>

<P><STRONG><a name="[cc]"></a>__aeabi_llsr</STRONG> (Thumb, 32 bytes, Stack size 0 bytes, llushr.o(.text))
<BR><BR>[Called By]<UL><LI><a href="#[d3]">&gt;&gt;</a>&nbsp;&nbsp;&nbsp;_double_epilogue
<LI><a href="#[d9]">&gt;&gt;</a>&nbsp;&nbsp;&nbsp;__aeabi_d2ulz
<LI><a href="#[cb]">&gt;&gt;</a>&nbsp;&nbsp;&nbsp;__aeabi_uldivmod
</UL>

<P><STRONG><a name="[d1]"></a>__aeabi_dadd</STRONG> (Thumb, 322 bytes, Stack size 0 bytes, dadd.o(.text), UNUSED)
<BR><BR>[Calls]<UL><LI><a href="#[d2]">&gt;&gt;</a>&nbsp;&nbsp;&nbsp;__aeabi_lasr
<LI><a href="#[d4]">&gt;&gt;</a>&nbsp;&nbsp;&nbsp;_double_round
<LI><a href="#[d3]">&gt;&gt;</a>&nbsp;&nbsp;&nbsp;_double_epilogue
<LI><a href="#[cd]">&gt;&gt;</a>&nbsp;&nbsp;&nbsp;__aeabi_llsl
</UL>
<BR>[Called By]<UL><LI><a href="#[d6]">&gt;&gt;</a>&nbsp;&nbsp;&nbsp;__aeabi_drsub
<LI><a href="#[d5]">&gt;&gt;</a>&nbsp;&nbsp;&nbsp;__aeabi_dsub
<LI><a href="#[1d7]">&gt;&gt;</a>&nbsp;&nbsp;&nbsp;_fp_digits
</UL>

<P><STRONG><a name="[d5]"></a>__aeabi_dsub</STRONG> (Thumb, 6 bytes, Stack size 0 bytes, dadd.o(.text), UNUSED)
<BR><BR>[Calls]<UL><LI><a href="#[d1]">&gt;&gt;</a>&nbsp;&nbsp;&nbsp;__aeabi_dadd
</UL>

<P><STRONG><a name="[d6]"></a>__aeabi_drsub</STRONG> (Thumb, 6 bytes, Stack size 0 bytes, dadd.o(.text), UNUSED)
<BR><BR>[Calls]<UL><LI><a href="#[d1]">&gt;&gt;</a>&nbsp;&nbsp;&nbsp;__aeabi_dadd
</UL>

<P><STRONG><a name="[d7]"></a>__aeabi_dmul</STRONG> (Thumb, 228 bytes, Stack size 0 bytes, dmul.o(.text), UNUSED)
<BR><BR>[Calls]<UL><LI><a href="#[d3]">&gt;&gt;</a>&nbsp;&nbsp;&nbsp;_double_epilogue
</UL>
<BR>[Called By]<UL><LI><a href="#[1d7]">&gt;&gt;</a>&nbsp;&nbsp;&nbsp;_fp_digits
</UL>

<P><STRONG><a name="[d8]"></a>__aeabi_ddiv</STRONG> (Thumb, 222 bytes, Stack size 0 bytes, ddiv.o(.text), UNUSED)
<BR><BR>[Calls]<UL><LI><a href="#[d4]">&gt;&gt;</a>&nbsp;&nbsp;&nbsp;_double_round
</UL>
<BR>[Called By]<UL><LI><a href="#[1d7]">&gt;&gt;</a>&nbsp;&nbsp;&nbsp;_fp_digits
</UL>

<P><STRONG><a name="[d9]"></a>__aeabi_d2ulz</STRONG> (Thumb, 48 bytes, Stack size 0 bytes, dfixul.o(.text), UNUSED)
<BR><BR>[Calls]<UL><LI><a href="#[cc]">&gt;&gt;</a>&nbsp;&nbsp;&nbsp;__aeabi_llsr
<LI><a href="#[cd]">&gt;&gt;</a>&nbsp;&nbsp;&nbsp;__aeabi_llsl
</UL>
<BR>[Called By]<UL><LI><a href="#[1d7]">&gt;&gt;</a>&nbsp;&nbsp;&nbsp;_fp_digits
</UL>

<P><STRONG><a name="[1d8]"></a>__aeabi_cdrcmple</STRONG> (Thumb, 48 bytes, Stack size 0 bytes, cdrcmple.o(.text), UNUSED)
<BR><BR>[Called By]<UL><LI><a href="#[1d7]">&gt;&gt;</a>&nbsp;&nbsp;&nbsp;_fp_digits
</UL>

<P><STRONG><a name="[c9]"></a>__scatterload</STRONG> (Thumb, 28 bytes, Stack size 0 bytes, init.o(.text))
<BR><BR>[Calls]<UL><LI><a href="#[da]">&gt;&gt;</a>&nbsp;&nbsp;&nbsp;__main_after_scatterload
</UL>
<BR>[Called By]<UL><LI><a href="#[c8]">&gt;&gt;</a>&nbsp;&nbsp;&nbsp;_main_scatterload
</UL>

<P><STRONG><a name="[d2]"></a>__aeabi_lasr</STRONG> (Thumb, 36 bytes, Stack size 0 bytes, llsshr.o(.text), UNUSED)
<BR><BR>[Called By]<UL><LI><a href="#[d1]">&gt;&gt;</a>&nbsp;&nbsp;&nbsp;__aeabi_dadd
</UL>

<P><STRONG><a name="[d4]"></a>_double_round</STRONG> (Thumb, 30 bytes, Stack size 0 bytes, depilogue.o(.text), UNUSED)
<BR><BR>[Called By]<UL><LI><a href="#[d3]">&gt;&gt;</a>&nbsp;&nbsp;&nbsp;_double_epilogue
<LI><a href="#[d8]">&gt;&gt;</a>&nbsp;&nbsp;&nbsp;__aeabi_ddiv
<LI><a href="#[d1]">&gt;&gt;</a>&nbsp;&nbsp;&nbsp;__aeabi_dadd
</UL>

<P><STRONG><a name="[d3]"></a>_double_epilogue</STRONG> (Thumb, 156 bytes, Stack size 0 bytes, depilogue.o(.text), UNUSED)
<BR><BR>[Calls]<UL><LI><a href="#[d4]">&gt;&gt;</a>&nbsp;&nbsp;&nbsp;_double_round
<LI><a href="#[cc]">&gt;&gt;</a>&nbsp;&nbsp;&nbsp;__aeabi_llsr
<LI><a href="#[cd]">&gt;&gt;</a>&nbsp;&nbsp;&nbsp;__aeabi_llsl
</UL>
<BR>[Called By]<UL><LI><a href="#[d7]">&gt;&gt;</a>&nbsp;&nbsp;&nbsp;__aeabi_dmul
<LI><a href="#[d1]">&gt;&gt;</a>&nbsp;&nbsp;&nbsp;__aeabi_dadd
</UL>

<P><STRONG><a name="[db]"></a>ADC_ConfigureBoostMode</STRONG> (Thumb, 194 bytes, Stack size 0 bytes, stm32h7xx_hal_adc.o(i.ADC_ConfigureBoostMode))
<BR><BR>[Calls]<UL><LI><a href="#[dd]">&gt;&gt;</a>&nbsp;&nbsp;&nbsp;HAL_RCCEx_GetPeriphCLKFreq
<LI><a href="#[dc]">&gt;&gt;</a>&nbsp;&nbsp;&nbsp;HAL_RCC_GetHCLKFreq
</UL>
<BR>[Called By]<UL><LI><a href="#[106]">&gt;&gt;</a>&nbsp;&nbsp;&nbsp;HAL_ADC_Init
</UL>

<P><STRONG><a name="[de]"></a>BSP_SD_GetCardInfo</STRONG> (Thumb, 28 bytes, Stack size 0 bytes, sdmmc_sd.o(i.BSP_SD_GetCardInfo))
<BR><BR>[Calls]<UL><LI><a href="#[df]">&gt;&gt;</a>&nbsp;&nbsp;&nbsp;HAL_SD_GetCardInfo
</UL>
<BR>[Called By]<UL><LI><a href="#[c7]">&gt;&gt;</a>&nbsp;&nbsp;&nbsp;SD_ioctl
</UL>

<P><STRONG><a name="[e0]"></a>BSP_SD_GetCardState</STRONG> (Thumb, 28 bytes, Stack size 0 bytes, sdmmc_sd.o(i.BSP_SD_GetCardState))
<BR><BR>[Calls]<UL><LI><a href="#[e1]">&gt;&gt;</a>&nbsp;&nbsp;&nbsp;HAL_SD_GetCardState
</UL>
<BR>[Called By]<UL><LI><a href="#[c6]">&gt;&gt;</a>&nbsp;&nbsp;&nbsp;SD_write
<LI><a href="#[c5]">&gt;&gt;</a>&nbsp;&nbsp;&nbsp;SD_read
<LI><a href="#[1c2]">&gt;&gt;</a>&nbsp;&nbsp;&nbsp;SD_CheckStatus
</UL>

<P><STRONG><a name="[e2]"></a>BSP_SD_Init</STRONG> (Thumb, 78 bytes, Stack size 0 bytes, sdmmc_sd.o(i.BSP_SD_Init))
<BR><BR>[Calls]<UL><LI><a href="#[e6]">&gt;&gt;</a>&nbsp;&nbsp;&nbsp;HAL_SD_ConfigWideBusOperation
<LI><a href="#[e7]">&gt;&gt;</a>&nbsp;&nbsp;&nbsp;HAL_SD_ConfigSpeedBusOperation
<LI><a href="#[e5]">&gt;&gt;</a>&nbsp;&nbsp;&nbsp;MX_SDMMC1_SD_Init
<LI><a href="#[e3]">&gt;&gt;</a>&nbsp;&nbsp;&nbsp;BSP_SD_IsDetected
<LI><a href="#[e4]">&gt;&gt;</a>&nbsp;&nbsp;&nbsp;SD_MspInit
</UL>
<BR>[Called By]<UL><LI><a href="#[c3]">&gt;&gt;</a>&nbsp;&nbsp;&nbsp;SD_initialize
</UL>

<P><STRONG><a name="[e3]"></a>BSP_SD_IsDetected</STRONG> (Thumb, 14 bytes, Stack size 0 bytes, sdmmc_sd.o(i.BSP_SD_IsDetected))
<BR><BR>[Called By]<UL><LI><a href="#[e2]">&gt;&gt;</a>&nbsp;&nbsp;&nbsp;BSP_SD_Init
</UL>

<P><STRONG><a name="[e8]"></a>BSP_SD_ReadBlocks</STRONG> (Thumb, 38 bytes, Stack size 0 bytes, sdmmc_sd.o(i.BSP_SD_ReadBlocks))
<BR><BR>[Calls]<UL><LI><a href="#[e9]">&gt;&gt;</a>&nbsp;&nbsp;&nbsp;HAL_SD_ReadBlocks
</UL>
<BR>[Called By]<UL><LI><a href="#[c5]">&gt;&gt;</a>&nbsp;&nbsp;&nbsp;SD_read
</UL>

<P><STRONG><a name="[165]"></a>BSP_SD_ReadCpltCallback</STRONG> (Thumb, 2 bytes, Stack size 0 bytes, sdmmc_sd.o(i.BSP_SD_ReadCpltCallback))
<BR><BR>[Called By]<UL><LI><a href="#[154]">&gt;&gt;</a>&nbsp;&nbsp;&nbsp;HAL_SD_RxCpltCallback
</UL>

<P><STRONG><a name="[ea]"></a>BSP_SD_WriteBlocks</STRONG> (Thumb, 38 bytes, Stack size 0 bytes, sdmmc_sd.o(i.BSP_SD_WriteBlocks))
<BR><BR>[Calls]<UL><LI><a href="#[eb]">&gt;&gt;</a>&nbsp;&nbsp;&nbsp;HAL_SD_WriteBlocks
</UL>
<BR>[Called By]<UL><LI><a href="#[c6]">&gt;&gt;</a>&nbsp;&nbsp;&nbsp;SD_write
</UL>

<P><STRONG><a name="[166]"></a>BSP_SD_WriteCpltCallback</STRONG> (Thumb, 2 bytes, Stack size 0 bytes, sdmmc_sd.o(i.BSP_SD_WriteCpltCallback))
<BR><BR>[Called By]<UL><LI><a href="#[155]">&gt;&gt;</a>&nbsp;&nbsp;&nbsp;HAL_SD_TxCpltCallback
</UL>

<P><STRONG><a name="[1d]"></a>BusFault_Handler</STRONG> (Thumb, 8 bytes, Stack size 0 bytes, stm32h7xx_it.o(i.BusFault_Handler))
<BR><BR>[Calls]<UL><LI><a href="#[ec]">&gt;&gt;</a>&nbsp;&nbsp;&nbsp;uart_printf
</UL>
<BR>[Address Reference Count : 1]<UL><LI> startup_stm32h7b0xx.o(RESET)
</UL>
<P><STRONG><a name="[6f]"></a>DCMI_PSSI_IRQHandler</STRONG> (Thumb, 6 bytes, Stack size 0 bytes, stm32h7xx_it.o(i.DCMI_PSSI_IRQHandler))
<BR><BR>[Calls]<UL><LI><a href="#[ee]">&gt;&gt;</a>&nbsp;&nbsp;&nbsp;HAL_DCMI_IRQHandler
</UL>
<BR>[Address Reference Count : 1]<UL><LI> startup_stm32h7b0xx.o(RESET)
</UL>
<P><STRONG><a name="[ef]"></a>DCMI_PWDN_RESET_Init</STRONG> (Thumb, 110 bytes, Stack size 0 bytes, board.o(i.DCMI_PWDN_RESET_Init))
<BR><BR>[Calls]<UL><LI><a href="#[f2]">&gt;&gt;</a>&nbsp;&nbsp;&nbsp;HAL_Delay
<LI><a href="#[f0]">&gt;&gt;</a>&nbsp;&nbsp;&nbsp;HAL_GPIO_WritePin
<LI><a href="#[f1]">&gt;&gt;</a>&nbsp;&nbsp;&nbsp;HAL_GPIO_Init
</UL>
<BR>[Called By]<UL><LI><a href="#[1dc]">&gt;&gt;</a>&nbsp;&nbsp;&nbsp;board_init
</UL>

<P><STRONG><a name="[2e]"></a>DMA1_Stream0_IRQHandler</STRONG> (Thumb, 6 bytes, Stack size 0 bytes, stm32h7xx_it.o(i.DMA1_Stream0_IRQHandler))
<BR><BR>[Calls]<UL><LI><a href="#[f3]">&gt;&gt;</a>&nbsp;&nbsp;&nbsp;HAL_DMA_IRQHandler
</UL>
<BR>[Address Reference Count : 1]<UL><LI> startup_stm32h7b0xx.o(RESET)
</UL>
<P><STRONG><a name="[34]"></a>DMA1_Stream6_IRQHandler</STRONG> (Thumb, 6 bytes, Stack size 0 bytes, stm32h7xx_it.o(i.DMA1_Stream6_IRQHandler))
<BR><BR>[Calls]<UL><LI><a href="#[f3]">&gt;&gt;</a>&nbsp;&nbsp;&nbsp;HAL_DMA_IRQHandler
</UL>
<BR>[Address Reference Count : 1]<UL><LI> startup_stm32h7b0xx.o(RESET)
</UL>
<P><STRONG><a name="[7b]"></a>DMA2D_IRQHandler</STRONG> (Thumb, 6 bytes, Stack size 0 bytes, stm32h7xx_it.o(i.DMA2D_IRQHandler))
<BR><BR>[Calls]<UL><LI><a href="#[f4]">&gt;&gt;</a>&nbsp;&nbsp;&nbsp;HAL_DMA2D_IRQHandler
</UL>
<BR>[Address Reference Count : 1]<UL><LI> startup_stm32h7b0xx.o(RESET)
</UL>
<P><STRONG><a name="[66]"></a>DMA2_Stream6_IRQHandler</STRONG> (Thumb, 10 bytes, Stack size 0 bytes, stm32h7xx_it.o(i.DMA2_Stream6_IRQHandler))
<BR><BR>[Calls]<UL><LI><a href="#[f3]">&gt;&gt;</a>&nbsp;&nbsp;&nbsp;HAL_DMA_IRQHandler
</UL>
<BR>[Address Reference Count : 1]<UL><LI> startup_stm32h7b0xx.o(RESET)
</UL>
<P><STRONG><a name="[20]"></a>DebugMon_Handler</STRONG> (Thumb, 6 bytes, Stack size 0 bytes, stm32h7xx_it.o(i.DebugMon_Handler))
<BR><BR>[Calls]<UL><LI><a href="#[ec]">&gt;&gt;</a>&nbsp;&nbsp;&nbsp;uart_printf
</UL>
<BR>[Address Reference Count : 1]<UL><LI> startup_stm32h7b0xx.o(RESET)
</UL>
<P><STRONG><a name="[242]"></a>Delay</STRONG> (Thumb, 16 bytes, Stack size 0 bytes, stimer.o(i.Delay))
<BR><BR>[Called By]<UL><LI><a href="#[d]">&gt;&gt;</a>&nbsp;&nbsp;&nbsp;drv_IL3820_init
<LI><a href="#[a]">&gt;&gt;</a>&nbsp;&nbsp;&nbsp;drv_ssd1615_init
<LI><a href="#[0]">&gt;&gt;</a>&nbsp;&nbsp;&nbsp;drv_ST7565_init
</UL>

<P><STRONG><a name="[f5]"></a>EPD_select_LUT</STRONG> (Thumb, 38 bytes, Stack size 0 bytes, drv_il3820.o(i.EPD_select_LUT))
<BR><BR>[Calls]<UL><LI><a href="#[f7]">&gt;&gt;</a>&nbsp;&nbsp;&nbsp;drv_il3820_write_data
<LI><a href="#[f6]">&gt;&gt;</a>&nbsp;&nbsp;&nbsp;drv_il3820_write_cmd
</UL>
<BR>[Called By]<UL><LI><a href="#[d]">&gt;&gt;</a>&nbsp;&nbsp;&nbsp;drv_IL3820_init
</UL>

<P><STRONG><a name="[10a]"></a>Error_Handler</STRONG> (Thumb, 4 bytes, Stack size 0 bytes, main.o(i.Error_Handler))
<BR><BR>[Called By]<UL><LI><a href="#[17e]">&gt;&gt;</a>&nbsp;&nbsp;&nbsp;HAL_UART_MspInit
<LI><a href="#[16c]">&gt;&gt;</a>&nbsp;&nbsp;&nbsp;HAL_SPI_MspInit
<LI><a href="#[140]">&gt;&gt;</a>&nbsp;&nbsp;&nbsp;HAL_RTC_MspInit
<LI><a href="#[12e]">&gt;&gt;</a>&nbsp;&nbsp;&nbsp;HAL_OSPI_MspInit
<LI><a href="#[110]">&gt;&gt;</a>&nbsp;&nbsp;&nbsp;HAL_DCMI_MspInit
<LI><a href="#[107]">&gt;&gt;</a>&nbsp;&nbsp;&nbsp;HAL_ADC_MspInit
<LI><a href="#[1ca]">&gt;&gt;</a>&nbsp;&nbsp;&nbsp;SystemClock_Config
<LI><a href="#[192]">&gt;&gt;</a>&nbsp;&nbsp;&nbsp;MX_SPI1_Init
<LI><a href="#[190]">&gt;&gt;</a>&nbsp;&nbsp;&nbsp;MX_OCTOSPI1_Init
<LI><a href="#[195]">&gt;&gt;</a>&nbsp;&nbsp;&nbsp;MX_UART7_Init
<LI><a href="#[193]">&gt;&gt;</a>&nbsp;&nbsp;&nbsp;MX_UART4_Init
<LI><a href="#[191]">&gt;&gt;</a>&nbsp;&nbsp;&nbsp;MX_RTC_Init
<LI><a href="#[18d]">&gt;&gt;</a>&nbsp;&nbsp;&nbsp;MX_DCMI_Init
<LI><a href="#[18c]">&gt;&gt;</a>&nbsp;&nbsp;&nbsp;MX_ADC2_Init
<LI><a href="#[1d1]">&gt;&gt;</a>&nbsp;&nbsp;&nbsp;W25Qxx_read_id
<LI><a href="#[2c3]">&gt;&gt;</a>&nbsp;&nbsp;&nbsp;w25qxx_waitwriteend
<LI><a href="#[1e5]">&gt;&gt;</a>&nbsp;&nbsp;&nbsp;w25qxx_map
<LI><a href="#[186]">&gt;&gt;</a>&nbsp;&nbsp;&nbsp;LCD_Config
<LI><a href="#[e4]">&gt;&gt;</a>&nbsp;&nbsp;&nbsp;SD_MspInit
</UL>

<P><STRONG><a name="[2ab]"></a>FATFS_LinkDriver</STRONG> (Thumb, 6 bytes, Stack size 0 bytes, ff_gen_drv.o(i.FATFS_LinkDriver))
<BR><BR>[Called By]<UL><LI><a href="#[2aa]">&gt;&gt;</a>&nbsp;&nbsp;&nbsp;sdcard_fatfs_init
</UL>

<P><STRONG><a name="[f8]"></a>FatFs_FileTest</STRONG> (Thumb, 264 bytes, Stack size 0 bytes, sd_fat.o(i.FatFs_FileTest))
<BR><BR>[Calls]<UL><LI><a href="#[ec]">&gt;&gt;</a>&nbsp;&nbsp;&nbsp;uart_printf
<LI><a href="#[fc]">&gt;&gt;</a>&nbsp;&nbsp;&nbsp;f_write
<LI><a href="#[fd]">&gt;&gt;</a>&nbsp;&nbsp;&nbsp;f_read
<LI><a href="#[f9]">&gt;&gt;</a>&nbsp;&nbsp;&nbsp;f_open
<LI><a href="#[fa]">&gt;&gt;</a>&nbsp;&nbsp;&nbsp;f_close
<LI><a href="#[fe]">&gt;&gt;</a>&nbsp;&nbsp;&nbsp;PrintFormat
<LI><a href="#[fb]">&gt;&gt;</a>&nbsp;&nbsp;&nbsp;strlen
</UL>
<BR>[Called By]<UL><LI><a href="#[22c]">&gt;&gt;</a>&nbsp;&nbsp;&nbsp;sd_fatfs_init
</UL>

<P><STRONG><a name="[ff]"></a>FatFs_GetVolume</STRONG> (Thumb, 54 bytes, Stack size 0 bytes, sd_fat.o(i.FatFs_GetVolume))
<BR><BR>[Calls]<UL><LI><a href="#[ec]">&gt;&gt;</a>&nbsp;&nbsp;&nbsp;uart_printf
<LI><a href="#[100]">&gt;&gt;</a>&nbsp;&nbsp;&nbsp;f_getfree
</UL>
<BR>[Called By]<UL><LI><a href="#[22c]">&gt;&gt;</a>&nbsp;&nbsp;&nbsp;sd_fatfs_init
</UL>

<P><STRONG><a name="[101]"></a>HAL_ADC_ConfigChannel</STRONG> (Thumb, 868 bytes, Stack size 0 bytes, stm32h7xx_hal_adc.o(i.HAL_ADC_ConfigChannel))
<BR><BR>[Calls]<UL><LI><a href="#[104]">&gt;&gt;</a>&nbsp;&nbsp;&nbsp;LL_ADC_SetChannelSamplingTime
<LI><a href="#[102]">&gt;&gt;</a>&nbsp;&nbsp;&nbsp;LL_ADC_REG_IsConversionOngoing
<LI><a href="#[105]">&gt;&gt;</a>&nbsp;&nbsp;&nbsp;LL_ADC_IsEnabled
<LI><a href="#[103]">&gt;&gt;</a>&nbsp;&nbsp;&nbsp;LL_ADC_INJ_IsConversionOngoing
</UL>
<BR>[Called By]<UL><LI><a href="#[18c]">&gt;&gt;</a>&nbsp;&nbsp;&nbsp;MX_ADC2_Init
</UL>

<P><STRONG><a name="[106]"></a>HAL_ADC_Init</STRONG> (Thumb, 432 bytes, Stack size 0 bytes, stm32h7xx_hal_adc.o(i.HAL_ADC_Init))
<BR><BR>[Calls]<UL><LI><a href="#[107]">&gt;&gt;</a>&nbsp;&nbsp;&nbsp;HAL_ADC_MspInit
<LI><a href="#[db]">&gt;&gt;</a>&nbsp;&nbsp;&nbsp;ADC_ConfigureBoostMode
<LI><a href="#[102]">&gt;&gt;</a>&nbsp;&nbsp;&nbsp;LL_ADC_REG_IsConversionOngoing
<LI><a href="#[105]">&gt;&gt;</a>&nbsp;&nbsp;&nbsp;LL_ADC_IsEnabled
<LI><a href="#[103]">&gt;&gt;</a>&nbsp;&nbsp;&nbsp;LL_ADC_INJ_IsConversionOngoing
</UL>
<BR>[Called By]<UL><LI><a href="#[18c]">&gt;&gt;</a>&nbsp;&nbsp;&nbsp;MX_ADC2_Init
</UL>

<P><STRONG><a name="[107]"></a>HAL_ADC_MspInit</STRONG> (Thumb, 90 bytes, Stack size 0 bytes, stm32h7xx_hal_msp.o(i.HAL_ADC_MspInit))
<BR><BR>[Calls]<UL><LI><a href="#[109]">&gt;&gt;</a>&nbsp;&nbsp;&nbsp;HAL_RCCEx_PeriphCLKConfig
<LI><a href="#[10a]">&gt;&gt;</a>&nbsp;&nbsp;&nbsp;Error_Handler
<LI><a href="#[108]">&gt;&gt;</a>&nbsp;&nbsp;&nbsp;__aeabi_memclr4
</UL>
<BR>[Called By]<UL><LI><a href="#[106]">&gt;&gt;</a>&nbsp;&nbsp;&nbsp;HAL_ADC_Init
</UL>

<P><STRONG><a name="[ed]"></a>HAL_DCMI_ErrorCallback</STRONG> (Thumb, 2 bytes, Stack size 0 bytes, stm32h7xx_hal_dcmi.o(i.HAL_DCMI_ErrorCallback))
<BR><BR>[Called By]<UL><LI><a href="#[ae]">&gt;&gt;</a>&nbsp;&nbsp;&nbsp;DCMI_DMAError
</UL>

<P><STRONG><a name="[10e]"></a>HAL_DCMI_FrameEventCallback</STRONG> (Thumb, 2 bytes, Stack size 0 bytes, stm32h7xx_hal_dcmi.o(i.HAL_DCMI_FrameEventCallback))
<BR><BR>[Called By]<UL><LI><a href="#[ee]">&gt;&gt;</a>&nbsp;&nbsp;&nbsp;HAL_DCMI_IRQHandler
</UL>

<P><STRONG><a name="[ee]"></a>HAL_DCMI_IRQHandler</STRONG> (Thumb, 154 bytes, Stack size 0 bytes, stm32h7xx_hal_dcmi.o(i.HAL_DCMI_IRQHandler))
<BR><BR>[Calls]<UL><LI><a href="#[10b]">&gt;&gt;</a>&nbsp;&nbsp;&nbsp;HAL_DMA_Abort_IT
<LI><a href="#[10d]">&gt;&gt;</a>&nbsp;&nbsp;&nbsp;HAL_DCMI_VsyncEventCallback
<LI><a href="#[10c]">&gt;&gt;</a>&nbsp;&nbsp;&nbsp;HAL_DCMI_LineEventCallback
<LI><a href="#[10e]">&gt;&gt;</a>&nbsp;&nbsp;&nbsp;HAL_DCMI_FrameEventCallback
</UL>
<BR>[Called By]<UL><LI><a href="#[6f]">&gt;&gt;</a>&nbsp;&nbsp;&nbsp;DCMI_PSSI_IRQHandler
</UL>

<P><STRONG><a name="[10f]"></a>HAL_DCMI_Init</STRONG> (Thumb, 152 bytes, Stack size 0 bytes, stm32h7xx_hal_dcmi.o(i.HAL_DCMI_Init))
<BR><BR>[Calls]<UL><LI><a href="#[110]">&gt;&gt;</a>&nbsp;&nbsp;&nbsp;HAL_DCMI_MspInit
</UL>
<BR>[Called By]<UL><LI><a href="#[18d]">&gt;&gt;</a>&nbsp;&nbsp;&nbsp;MX_DCMI_Init
</UL>

<P><STRONG><a name="[10c]"></a>HAL_DCMI_LineEventCallback</STRONG> (Thumb, 2 bytes, Stack size 0 bytes, stm32h7xx_hal_dcmi.o(i.HAL_DCMI_LineEventCallback))
<BR><BR>[Called By]<UL><LI><a href="#[ee]">&gt;&gt;</a>&nbsp;&nbsp;&nbsp;HAL_DCMI_IRQHandler
</UL>

<P><STRONG><a name="[110]"></a>HAL_DCMI_MspInit</STRONG> (Thumb, 298 bytes, Stack size 0 bytes, stm32h7xx_hal_msp.o(i.HAL_DCMI_MspInit))
<BR><BR>[Calls]<UL><LI><a href="#[111]">&gt;&gt;</a>&nbsp;&nbsp;&nbsp;HAL_DMA_Init
<LI><a href="#[112]">&gt;&gt;</a>&nbsp;&nbsp;&nbsp;HAL_NVIC_SetPriority
<LI><a href="#[113]">&gt;&gt;</a>&nbsp;&nbsp;&nbsp;HAL_NVIC_EnableIRQ
<LI><a href="#[f1]">&gt;&gt;</a>&nbsp;&nbsp;&nbsp;HAL_GPIO_Init
<LI><a href="#[10a]">&gt;&gt;</a>&nbsp;&nbsp;&nbsp;Error_Handler
<LI><a href="#[108]">&gt;&gt;</a>&nbsp;&nbsp;&nbsp;__aeabi_memclr4
</UL>
<BR>[Called By]<UL><LI><a href="#[10f]">&gt;&gt;</a>&nbsp;&nbsp;&nbsp;HAL_DCMI_Init
</UL>

<P><STRONG><a name="[10d]"></a>HAL_DCMI_VsyncEventCallback</STRONG> (Thumb, 2 bytes, Stack size 0 bytes, stm32h7xx_hal_dcmi.o(i.HAL_DCMI_VsyncEventCallback))
<BR><BR>[Called By]<UL><LI><a href="#[ee]">&gt;&gt;</a>&nbsp;&nbsp;&nbsp;HAL_DCMI_IRQHandler
</UL>

[...]
<LI><a href="#[2f9]">&gt;&gt;</a>&nbsp;&nbsp;&nbsp;stbtt_InitFont_internal
</UL>

<P><STRONG><a name="[31b]"></a>stbtt__handle_clipped_edge</STRONG> (Thumb, 342 bytes, Stack size 0 bytes, lv_tiny_ttf.o(i.stbtt__handle_clipped_edge))
<BR><BR>[Called By]<UL><LI><a href="#[31a]">&gt;&gt;</a>&nbsp;&nbsp;&nbsp;stbtt__fill_active_edges_new
</UL>

<P><STRONG><a name="[31f]"></a>stbtt__hheap_alloc</STRONG> (Thumb, 86 bytes, Stack size 0 bytes, lv_tiny_ttf.o(i.stbtt__hheap_alloc))
<BR><BR>[Calls]<UL><LI><a href="#[1ec]">&gt;&gt;</a>&nbsp;&nbsp;&nbsp;wjq_malloc_m (via Veneer)
</UL>
<BR>[Called By]<UL><LI><a href="#[321]">&gt;&gt;</a>&nbsp;&nbsp;&nbsp;stbtt__new_active
</UL>

<P><STRONG><a name="[320]"></a>stbtt__hheap_cleanup</STRONG> (Thumb, 20 bytes, Stack size 0 bytes, lv_tiny_ttf.o(i.stbtt__hheap_cleanup))
<BR><BR>[Calls]<UL><LI><a href="#[20b]">&gt;&gt;</a>&nbsp;&nbsp;&nbsp;wjq_free_m (via Veneer)
</UL>
<BR>[Called By]<UL><LI><a href="#[324]">&gt;&gt;</a>&nbsp;&nbsp;&nbsp;stbtt__rasterize_sorted_edges
</UL>

<P><STRONG><a name="[325]"></a>stbtt__hheap_free</STRONG> (Thumb, 8 bytes, Stack size 0 bytes, lv_tiny_ttf.o(i.stbtt__hheap_free))
<BR><BR>[Called By]<UL><LI><a href="#[324]">&gt;&gt;</a>&nbsp;&nbsp;&nbsp;stbtt__rasterize_sorted_edges
</UL>

<P><STRONG><a name="[2e7]"></a>stbtt__isfont</STRONG> (Thumb, 184 bytes, Stack size 0 bytes, lv_tiny_ttf.o(i.stbtt__isfont), UNUSED)
<BR><BR>[Calls]<UL><LI><a href="#[2e8]">&gt;&gt;</a>&nbsp;&nbsp;&nbsp;ttf_cb_stream_seek
<LI><a href="#[2e9]">&gt;&gt;</a>&nbsp;&nbsp;&nbsp;ttf_cb_stream_read
</UL>
<BR>[Called By]<UL><LI><a href="#[2e6]">&gt;&gt;</a>&nbsp;&nbsp;&nbsp;stbtt_GetFontOffsetForIndex_internal
</UL>

<P><STRONG><a name="[321]"></a>stbtt__new_active</STRONG> (Thumb, 162 bytes, Stack size 0 bytes, lv_tiny_ttf.o(i.stbtt__new_active))
<BR><BR>[Calls]<UL><LI><a href="#[31f]">&gt;&gt;</a>&nbsp;&nbsp;&nbsp;stbtt__hheap_alloc
</UL>
<BR>[Called By]<UL><LI><a href="#[324]">&gt;&gt;</a>&nbsp;&nbsp;&nbsp;stbtt__rasterize_sorted_edges
</UL>

<P><STRONG><a name="[2fa]"></a>stbtt__new_buf</STRONG> (Thumb, 22 bytes, Stack size 0 bytes, lv_tiny_ttf.o(i.stbtt__new_buf))
<BR><BR>[Called By]<UL><LI><a href="#[302]">&gt;&gt;</a>&nbsp;&nbsp;&nbsp;stbtt__get_subrs
<LI><a href="#[31e]">&gt;&gt;</a>&nbsp;&nbsp;&nbsp;stbtt__get_subr
<LI><a href="#[312]">&gt;&gt;</a>&nbsp;&nbsp;&nbsp;stbtt__cid_get_glyph_subrs
<LI><a href="#[303]">&gt;&gt;</a>&nbsp;&nbsp;&nbsp;stbtt__buf_range
<LI><a href="#[2f9]">&gt;&gt;</a>&nbsp;&nbsp;&nbsp;stbtt_InitFont_internal
</UL>

<P><STRONG><a name="[31c]"></a>stbtt__position_trapezoid_area</STRONG> (Thumb, 16 bytes, Stack size 0 bytes, lv_tiny_ttf.o(i.stbtt__position_trapezoid_area))
<BR><BR>[Calls]<UL><LI><a href="#[322]">&gt;&gt;</a>&nbsp;&nbsp;&nbsp;stbtt__sized_trapezoid_area
</UL>
<BR>[Called By]<UL><LI><a href="#[31a]">&gt;&gt;</a>&nbsp;&nbsp;&nbsp;stbtt__fill_active_edges_new
</UL>

<P><STRONG><a name="[307]"></a>stbtt__rasterize</STRONG> (Thumb, 408 bytes, Stack size 0 bytes, lv_tiny_ttf.o(i.stbtt__rasterize))
<BR><BR>[Calls]<UL><LI><a href="#[1ec]">&gt;&gt;</a>&nbsp;&nbsp;&nbsp;wjq_malloc_m (via Veneer)
<LI><a href="#[20b]">&gt;&gt;</a>&nbsp;&nbsp;&nbsp;wjq_free_m (via Veneer)
<LI><a href="#[323]">&gt;&gt;</a>&nbsp;&nbsp;&nbsp;stbtt__sort_edges
<LI><a href="#[324]">&gt;&gt;</a>&nbsp;&nbsp;&nbsp;stbtt__rasterize_sorted_edges
</UL>
<BR>[Called By]<UL><LI><a href="#[306]">&gt;&gt;</a>&nbsp;&nbsp;&nbsp;stbtt_Rasterize
</UL>

<P><STRONG><a name="[324]"></a>stbtt__rasterize_sorted_edges</STRONG> (Thumb, 462 bytes, Stack size 0 bytes, lv_tiny_ttf.o(i.stbtt__rasterize_sorted_edges))
<BR><BR>[Calls]<UL><LI><a href="#[1ec]">&gt;&gt;</a>&nbsp;&nbsp;&nbsp;wjq_malloc_m (via Veneer)
<LI><a href="#[20b]">&gt;&gt;</a>&nbsp;&nbsp;&nbsp;wjq_free_m (via Veneer)
<LI><a href="#[321]">&gt;&gt;</a>&nbsp;&nbsp;&nbsp;stbtt__new_active
<LI><a href="#[325]">&gt;&gt;</a>&nbsp;&nbsp;&nbsp;stbtt__hheap_free
<LI><a href="#[320]">&gt;&gt;</a>&nbsp;&nbsp;&nbsp;stbtt__hheap_cleanup
<LI><a href="#[31a]">&gt;&gt;</a>&nbsp;&nbsp;&nbsp;stbtt__fill_active_edges_new
<LI><a href="#[108]">&gt;&gt;</a>&nbsp;&nbsp;&nbsp;__aeabi_memclr4 (via Veneer)
</UL>
<BR>[Called By]<UL><LI><a href="#[307]">&gt;&gt;</a>&nbsp;&nbsp;&nbsp;stbtt__rasterize
</UL>

<P><STRONG><a name="[30a]"></a>stbtt__run_charstring</STRONG> (Thumb, 1890 bytes, Stack size 0 bytes, lv_tiny_ttf.o(i.stbtt__run_charstring))
<BR><BR>[Calls]<UL><LI><a href="#[31e]">&gt;&gt;</a>&nbsp;&nbsp;&nbsp;stbtt__get_subr
<LI><a href="#[317]">&gt;&gt;</a>&nbsp;&nbsp;&nbsp;stbtt__csctx_rmove_to
<LI><a href="#[316]">&gt;&gt;</a>&nbsp;&nbsp;&nbsp;stbtt__csctx_rline_to
<LI><a href="#[315]">&gt;&gt;</a>&nbsp;&nbsp;&nbsp;stbtt__csctx_rccurve_to
<LI><a href="#[313]">&gt;&gt;</a>&nbsp;&nbsp;&nbsp;stbtt__csctx_close_shape
<LI><a href="#[312]">&gt;&gt;</a>&nbsp;&nbsp;&nbsp;stbtt__cid_get_glyph_subrs
<LI><a href="#[310]">&gt;&gt;</a>&nbsp;&nbsp;&nbsp;stbtt__cff_int
<LI><a href="#[300]">&gt;&gt;</a>&nbsp;&nbsp;&nbsp;stbtt__cff_index_get
<LI><a href="#[2fc]">&gt;&gt;</a>&nbsp;&nbsp;&nbsp;stbtt__buf_skip
<LI><a href="#[2fd]">&gt;&gt;</a>&nbsp;&nbsp;&nbsp;stbtt__buf_get8
<LI><a href="#[30d]">&gt;&gt;</a>&nbsp;&nbsp;&nbsp;stbtt__buf_get
</UL>
<BR>[Called By]<UL><LI><a href="#[2f7]">&gt;&gt;</a>&nbsp;&nbsp;&nbsp;stbtt__GetGlyphShapeT2
<LI><a href="#[2f0]">&gt;&gt;</a>&nbsp;&nbsp;&nbsp;stbtt__GetGlyphInfoT2
</UL>

<P><STRONG><a name="[322]"></a>stbtt__sized_trapezoid_area</STRONG> (Thumb, 18 bytes, Stack size 0 bytes, lv_tiny_ttf.o(i.stbtt__sized_trapezoid_area))
<BR><BR>[Called By]<UL><LI><a href="#[31c]">&gt;&gt;</a>&nbsp;&nbsp;&nbsp;stbtt__position_trapezoid_area
</UL>

<P><STRONG><a name="[31d]"></a>stbtt__sized_triangle_area</STRONG> (Thumb, 14 bytes, Stack size 0 bytes, lv_tiny_ttf.o(i.stbtt__sized_triangle_area))
<BR><BR>[Called By]<UL><LI><a href="#[31a]">&gt;&gt;</a>&nbsp;&nbsp;&nbsp;stbtt__fill_active_edges_new
</UL>

<P><STRONG><a name="[323]"></a>stbtt__sort_edges</STRONG> (Thumb, 26 bytes, Stack size 0 bytes, lv_tiny_ttf.o(i.stbtt__sort_edges))
<BR><BR>[Calls]<UL><LI><a href="#[326]">&gt;&gt;</a>&nbsp;&nbsp;&nbsp;stbtt__sort_edges_quicksort
</UL>
<BR>[Called By]<UL><LI><a href="#[307]">&gt;&gt;</a>&nbsp;&nbsp;&nbsp;stbtt__rasterize
</UL>

<P><STRONG><a name="[327]"></a>stbtt__sort_edges_ins_sort</STRONG> (Thumb, 124 bytes, Stack size 0 bytes, lv_tiny_ttf.o(i.stbtt__sort_edges_ins_sort), UNUSED)
<BR><BR>[Calls]<UL><LI><a href="#[123]">&gt;&gt;</a>&nbsp;&nbsp;&nbsp;__aeabi_memcpy4 (via Veneer)
</UL>

<P><STRONG><a name="[326]"></a>stbtt__sort_edges_quicksort</STRONG> (Thumb, 346 bytes, Stack size 0 bytes, lv_tiny_ttf.o(i.stbtt__sort_edges_quicksort))
<BR><BR>[Calls]<UL><LI><a href="#[326]">&gt;&gt;</a>&nbsp;&nbsp;&nbsp;stbtt__sort_edges_quicksort
<LI><a href="#[123]">&gt;&gt;</a>&nbsp;&nbsp;&nbsp;__aeabi_memcpy4 (via Veneer)
</UL>
<BR>[Called By]<UL><LI><a href="#[326]">&gt;&gt;</a>&nbsp;&nbsp;&nbsp;stbtt__sort_edges_quicksort
<LI><a href="#[323]">&gt;&gt;</a>&nbsp;&nbsp;&nbsp;stbtt__sort_edges
</UL>

<P><STRONG><a name="[2e5]"></a>stbtt__tesselate_cubic</STRONG> (Thumb, 384 bytes, Stack size 0 bytes, lv_tiny_ttf.o(i.stbtt__tesselate_cubic))
<BR><BR>[Calls]<UL><LI><a href="#[2e5]">&gt;&gt;</a>&nbsp;&nbsp;&nbsp;stbtt__tesselate_cubic
<LI><a href="#[2e3]">&gt;&gt;</a>&nbsp;&nbsp;&nbsp;stbtt__add_point
<LI><a href="#[1d5]">&gt;&gt;</a>&nbsp;&nbsp;&nbsp;__hardfp_sqrt (via Veneer)
</UL>
<BR>[Called By]<UL><LI><a href="#[2e5]">&gt;&gt;</a>&nbsp;&nbsp;&nbsp;stbtt__tesselate_cubic
<LI><a href="#[2e2]">&gt;&gt;</a>&nbsp;&nbsp;&nbsp;stbtt_FlattenCurves
</UL>

<P><STRONG><a name="[2e4]"></a>stbtt__tesselate_curve</STRONG> (Thumb, 234 bytes, Stack size 0 bytes, lv_tiny_ttf.o(i.stbtt__tesselate_curve))
<BR><BR>[Calls]<UL><LI><a href="#[2e4]">&gt;&gt;</a>&nbsp;&nbsp;&nbsp;stbtt__tesselate_curve
<LI><a href="#[2e3]">&gt;&gt;</a>&nbsp;&nbsp;&nbsp;stbtt__add_point
</UL>
<BR>[Called By]<UL><LI><a href="#[2e4]">&gt;&gt;</a>&nbsp;&nbsp;&nbsp;stbtt__tesselate_curve
<LI><a href="#[2e2]">&gt;&gt;</a>&nbsp;&nbsp;&nbsp;stbtt_FlattenCurves
</UL>

<P><STRONG><a name="[318]"></a>stbtt__track_vertex</STRONG> (Thumb, 54 bytes, Stack size 0 bytes, lv_tiny_ttf.o(i.stbtt__track_vertex))
<BR><BR>[Called By]<UL><LI><a href="#[314]">&gt;&gt;</a>&nbsp;&nbsp;&nbsp;stbtt__csctx_v
</UL>

<P><STRONG><a name="[30c]"></a>stbtt_setvertex</STRONG> (Thumb, 18 bytes, Stack size 0 bytes, lv_tiny_ttf.o(i.stbtt_setvertex))
<BR><BR>[Called By]<UL><LI><a href="#[314]">&gt;&gt;</a>&nbsp;&nbsp;&nbsp;stbtt__csctx_v
<LI><a href="#[30b]">&gt;&gt;</a>&nbsp;&nbsp;&nbsp;stbtt__close_shape
<LI><a href="#[2f8]">&gt;&gt;</a>&nbsp;&nbsp;&nbsp;stbtt__GetGlyphShapeTT
</UL>

<P><STRONG><a name="[2df]"></a>ttBYTE</STRONG> (Thumb, 26 bytes, Stack size 0 bytes, lv_tiny_ttf.o(i.ttBYTE))
<BR><BR>[Calls]<UL><LI><a href="#[2e8]">&gt;&gt;</a>&nbsp;&nbsp;&nbsp;ttf_cb_stream_seek
<LI><a href="#[2e9]">&gt;&gt;</a>&nbsp;&nbsp;&nbsp;ttf_cb_stream_read
</UL>
<BR>[Called By]<UL><LI><a href="#[2f8]">&gt;&gt;</a>&nbsp;&nbsp;&nbsp;stbtt__GetGlyphShapeTT
<LI><a href="#[2dd]">&gt;&gt;</a>&nbsp;&nbsp;&nbsp;stbtt_FindGlyphIndex
</UL>

<P><STRONG><a name="[2ea]"></a>ttLONG</STRONG> (Thumb, 50 bytes, Stack size 0 bytes, lv_tiny_ttf.o(i.ttLONG), UNUSED)
<BR><BR>[Calls]<UL><LI><a href="#[2e8]">&gt;&gt;</a>&nbsp;&nbsp;&nbsp;ttf_cb_stream_seek
<LI><a href="#[2e9]">&gt;&gt;</a>&nbsp;&nbsp;&nbsp;ttf_cb_stream_read
</UL>
<BR>[Called By]<UL><LI><a href="#[2e6]">&gt;&gt;</a>&nbsp;&nbsp;&nbsp;stbtt_GetFontOffsetForIndex_internal
</UL>

<P><STRONG><a name="[2e0]"></a>ttSHORT</STRONG> (Thumb, 36 bytes, Stack size 0 bytes, lv_tiny_ttf.o(i.ttSHORT))
<BR><BR>[Calls]<UL><LI><a href="#[2e8]">&gt;&gt;</a>&nbsp;&nbsp;&nbsp;ttf_cb_stream_seek
<LI><a href="#[2e9]">&gt;&gt;</a>&nbsp;&nbsp;&nbsp;ttf_cb_stream_read
</UL>
<BR>[Called By]<UL><LI><a href="#[2f8]">&gt;&gt;</a>&nbsp;&nbsp;&nbsp;stbtt__GetGlyphShapeTT
<LI><a href="#[2f5]">&gt;&gt;</a>&nbsp;&nbsp;&nbsp;stbtt__GetGlyphKernInfoAdvance
<LI><a href="#[2f4]">&gt;&gt;</a>&nbsp;&nbsp;&nbsp;stbtt__GetGlyphGPOSInfoAdvance
<LI><a href="#[2db]">&gt;&gt;</a>&nbsp;&nbsp;&nbsp;stbtt_ScaleForPixelHeight
<LI><a href="#[2f2]">&gt;&gt;</a>&nbsp;&nbsp;&nbsp;stbtt_GetGlyphHMetrics
<LI><a href="#[2ed]">&gt;&gt;</a>&nbsp;&nbsp;&nbsp;stbtt_GetGlyphBox
<LI><a href="#[2dc]">&gt;&gt;</a>&nbsp;&nbsp;&nbsp;stbtt_GetFontVMetrics
<LI><a href="#[2dd]">&gt;&gt;</a>&nbsp;&nbsp;&nbsp;stbtt_FindGlyphIndex
</UL>

<P><STRONG><a name="[2e1]"></a>ttULONG</STRONG> (Thumb, 50 bytes, Stack size 0 bytes, lv_tiny_ttf.o(i.ttULONG))
<BR><BR>[Calls]<UL><LI><a href="#[2e8]">&gt;&gt;</a>&nbsp;&nbsp;&nbsp;ttf_cb_stream_seek
<LI><a href="#[2e9]">&gt;&gt;</a>&nbsp;&nbsp;&nbsp;ttf_cb_stream_read
</UL>
<BR>[Called By]<UL><LI><a href="#[2fb]">&gt;&gt;</a>&nbsp;&nbsp;&nbsp;stbtt__find_table
<LI><a href="#[2f5]">&gt;&gt;</a>&nbsp;&nbsp;&nbsp;stbtt__GetGlyphKernInfoAdvance
<LI><a href="#[2f1]">&gt;&gt;</a>&nbsp;&nbsp;&nbsp;stbtt__GetGlyfOffset
<LI><a href="#[2f9]">&gt;&gt;</a>&nbsp;&nbsp;&nbsp;stbtt_InitFont_internal
<LI><a href="#[2e6]">&gt;&gt;</a>&nbsp;&nbsp;&nbsp;stbtt_GetFontOffsetForIndex_internal
<LI><a href="#[2dd]">&gt;&gt;</a>&nbsp;&nbsp;&nbsp;stbtt_FindGlyphIndex
</UL>

<P><STRONG><a name="[2de]"></a>ttUSHORT</STRONG> (Thumb, 36 bytes, Stack size 0 bytes, lv_tiny_ttf.o(i.ttUSHORT))
<BR><BR>[Calls]<UL><LI><a href="#[2e8]">&gt;&gt;</a>&nbsp;&nbsp;&nbsp;ttf_cb_stream_seek
<LI><a href="#[2e9]">&gt;&gt;</a>&nbsp;&nbsp;&nbsp;ttf_cb_stream_read
</UL>
<BR>[Called By]<UL><LI><a href="#[2fb]">&gt;&gt;</a>&nbsp;&nbsp;&nbsp;stbtt__find_table
<LI><a href="#[2f8]">&gt;&gt;</a>&nbsp;&nbsp;&nbsp;stbtt__GetGlyphShapeTT
<LI><a href="#[2f5]">&gt;&gt;</a>&nbsp;&nbsp;&nbsp;stbtt__GetGlyphKernInfoAdvance
<LI><a href="#[2f4]">&gt;&gt;</a>&nbsp;&nbsp;&nbsp;stbtt__GetGlyphGPOSInfoAdvance
<LI><a href="#[309]">&gt;&gt;</a>&nbsp;&nbsp;&nbsp;stbtt__GetGlyphClass
<LI><a href="#[2f1]">&gt;&gt;</a>&nbsp;&nbsp;&nbsp;stbtt__GetGlyfOffset
<LI><a href="#[308]">&gt;&gt;</a>&nbsp;&nbsp;&nbsp;stbtt__GetCoverageIndex
<LI><a href="#[2f9]">&gt;&gt;</a>&nbsp;&nbsp;&nbsp;stbtt_InitFont_internal
<LI><a href="#[2f2]">&gt;&gt;</a>&nbsp;&nbsp;&nbsp;stbtt_GetGlyphHMetrics
<LI><a href="#[2dd]">&gt;&gt;</a>&nbsp;&nbsp;&nbsp;stbtt_FindGlyphIndex
</UL>

<P><STRONG><a name="[328]"></a>ttf_cache_add</STRONG> (Thumb, 566 bytes, Stack size 0 bytes, lv_tiny_ttf.o(i.ttf_cache_add))
<BR><BR>[Calls]<UL><LI><a href="#[2c7]">&gt;&gt;</a>&nbsp;&nbsp;&nbsp;wjq_realloc (via Veneer)
<LI><a href="#[1ec]">&gt;&gt;</a>&nbsp;&nbsp;&nbsp;wjq_malloc_m (via Veneer)
<LI><a href="#[20b]">&gt;&gt;</a>&nbsp;&nbsp;&nbsp;wjq_free_m (via Veneer)
<LI><a href="#[329]">&gt;&gt;</a>&nbsp;&nbsp;&nbsp;ttf_cache_get_oldest_age
</UL>
<BR>[Called By]<UL><LI><a href="#[18]">&gt;&gt;</a>&nbsp;&nbsp;&nbsp;ttf_get_glyph_bitmap_cb
</UL>

<P><STRONG><a name="[32a]"></a>ttf_cache_clear</STRONG> (Thumb, 88 bytes, Stack size 0 bytes, lv_tiny_ttf.o(i.ttf_cache_clear))
<BR><BR>[Calls]<UL><LI><a href="#[20b]">&gt;&gt;</a>&nbsp;&nbsp;&nbsp;wjq_free_m (via Veneer)
</UL>
<BR>[Called By]<UL><LI><a href="#[2d8]">&gt;&gt;</a>&nbsp;&nbsp;&nbsp;ttf_cache_destroy
</UL>

<P><STRONG><a name="[2d6]"></a>ttf_cache_create</STRONG> (Thumb, 96 bytes, Stack size 0 bytes, lv_tiny_ttf.o(i.ttf_cache_create))
<BR><BR>[Calls]<UL><LI><a href="#[1ec]">&gt;&gt;</a>&nbsp;&nbsp;&nbsp;wjq_malloc_m (via Veneer)
<LI><a href="#[20b]">&gt;&gt;</a>&nbsp;&nbsp;&nbsp;wjq_free_m (via Veneer)
</UL>
<BR>[Called By]<UL><LI><a href="#[2d5]">&gt;&gt;</a>&nbsp;&nbsp;&nbsp;lv_tiny_ttf_create
</UL>

<P><STRONG><a name="[2d8]"></a>ttf_cache_destroy</STRONG> (Thumb, 20 bytes, Stack size 0 bytes, lv_tiny_ttf.o(i.ttf_cache_destroy))
<BR><BR>[Calls]<UL><LI><a href="#[20b]">&gt;&gt;</a>&nbsp;&nbsp;&nbsp;wjq_free_m (via Veneer)
<LI><a href="#[32a]">&gt;&gt;</a>&nbsp;&nbsp;&nbsp;ttf_cache_clear
</UL>
<BR>[Called By]<UL><LI><a href="#[2d5]">&gt;&gt;</a>&nbsp;&nbsp;&nbsp;lv_tiny_ttf_create
</UL>

<P><STRONG><a name="[32d]"></a>ttf_cache_get</STRONG> (Thumb, 88 bytes, Stack size 0 bytes, lv_tiny_ttf.o(i.ttf_cache_get))
<BR><BR>[Called By]<UL><LI><a href="#[18]">&gt;&gt;</a>&nbsp;&nbsp;&nbsp;ttf_get_glyph_bitmap_cb
</UL>

<P><STRONG><a name="[329]"></a>ttf_cache_get_oldest_age</STRONG> (Thumb, 98 bytes, Stack size 0 bytes, lv_tiny_ttf.o(i.ttf_cache_get_oldest_age))
<BR><BR>[Called By]<UL><LI><a href="#[328]">&gt;&gt;</a>&nbsp;&nbsp;&nbsp;ttf_cache_add
</UL>

<P><STRONG><a name="[2e9]"></a>ttf_cb_stream_read</STRONG> (Thumb, 58 bytes, Stack size 0 bytes, lv_tiny_ttf.o(i.ttf_cb_stream_read))
<BR><BR>[Calls]<UL><LI><a href="#[1ed]">&gt;&gt;</a>&nbsp;&nbsp;&nbsp;__aeabi_memcpy (via Veneer)
<LI><a href="#[32b]">&gt;&gt;</a>&nbsp;&nbsp;&nbsp;ttf_fs_read
</UL>
<BR>[Called By]<UL><LI><a href="#[2de]">&gt;&gt;</a>&nbsp;&nbsp;&nbsp;ttUSHORT
<LI><a href="#[2e1]">&gt;&gt;</a>&nbsp;&nbsp;&nbsp;ttULONG
<LI><a href="#[2e0]">&gt;&gt;</a>&nbsp;&nbsp;&nbsp;ttSHORT
<LI><a href="#[2ea]">&gt;&gt;</a>&nbsp;&nbsp;&nbsp;ttLONG
<LI><a href="#[2df]">&gt;&gt;</a>&nbsp;&nbsp;&nbsp;ttBYTE
<LI><a href="#[2e7]">&gt;&gt;</a>&nbsp;&nbsp;&nbsp;stbtt__isfont
<LI><a href="#[2fb]">&gt;&gt;</a>&nbsp;&nbsp;&nbsp;stbtt__find_table
<LI><a href="#[30e]">&gt;&gt;</a>&nbsp;&nbsp;&nbsp;stbtt__buf_peek8
<LI><a href="#[2fd]">&gt;&gt;</a>&nbsp;&nbsp;&nbsp;stbtt__buf_get8
<LI><a href="#[2e6]">&gt;&gt;</a>&nbsp;&nbsp;&nbsp;stbtt_GetFontOffsetForIndex_internal
</UL>

<P><STRONG><a name="[2e8]"></a>ttf_cb_stream_seek</STRONG> (Thumb, 28 bytes, Stack size 0 bytes, lv_tiny_ttf.o(i.ttf_cb_stream_seek))
<BR><BR>[Calls]<UL><LI><a href="#[32c]">&gt;&gt;</a>&nbsp;&nbsp;&nbsp;ttf_fs_seek
</UL>
<BR>[Called By]<UL><LI><a href="#[2de]">&gt;&gt;</a>&nbsp;&nbsp;&nbsp;ttUSHORT
<LI><a href="#[2e1]">&gt;&gt;</a>&nbsp;&nbsp;&nbsp;ttULONG
<LI><a href="#[2e0]">&gt;&gt;</a>&nbsp;&nbsp;&nbsp;ttSHORT
<LI><a href="#[2ea]">&gt;&gt;</a>&nbsp;&nbsp;&nbsp;ttLONG
<LI><a href="#[2df]">&gt;&gt;</a>&nbsp;&nbsp;&nbsp;ttBYTE
<LI><a href="#[2e7]">&gt;&gt;</a>&nbsp;&nbsp;&nbsp;stbtt__isfont
<LI><a href="#[2fb]">&gt;&gt;</a>&nbsp;&nbsp;&nbsp;stbtt__find_table
<LI><a href="#[30e]">&gt;&gt;</a>&nbsp;&nbsp;&nbsp;stbtt__buf_peek8
<LI><a href="#[2fd]">&gt;&gt;</a>&nbsp;&nbsp;&nbsp;stbtt__buf_get8
<LI><a href="#[2e6]">&gt;&gt;</a>&nbsp;&nbsp;&nbsp;stbtt_GetFontOffsetForIndex_internal
</UL>

<P><STRONG><a name="[18]"></a>ttf_get_glyph_bitmap_cb</STRONG> (Thumb, 146 bytes, Stack size 0 bytes, lv_tiny_ttf.o(i.ttf_get_glyph_bitmap_cb))
<BR><BR>[Calls]<UL><LI><a href="#[32d]">&gt;&gt;</a>&nbsp;&nbsp;&nbsp;ttf_cache_get
<LI><a href="#[328]">&gt;&gt;</a>&nbsp;&nbsp;&nbsp;ttf_cache_add
<LI><a href="#[304]">&gt;&gt;</a>&nbsp;&nbsp;&nbsp;stbtt_MakeGlyphBitmap
<LI><a href="#[2eb]">&gt;&gt;</a>&nbsp;&nbsp;&nbsp;stbtt_GetGlyphBitmapBox
<LI><a href="#[2dd]">&gt;&gt;</a>&nbsp;&nbsp;&nbsp;stbtt_FindGlyphIndex
<LI><a href="#[ce]">&gt;&gt;</a>&nbsp;&nbsp;&nbsp;__aeabi_memclr (via Veneer)
</UL>
<BR>[Address Reference Count : 1]<UL><LI> lv_tiny_ttf.o(i.lv_tiny_ttf_create)
</UL>
<P><STRONG><a name="[17]"></a>ttf_get_glyph_dsc_cb</STRONG> (Thumb, 298 bytes, Stack size 0 bytes, lv_tiny_ttf.o(i.ttf_get_glyph_dsc_cb))
<BR><BR>[Calls]<UL><LI><a href="#[2f3]">&gt;&gt;</a>&nbsp;&nbsp;&nbsp;stbtt_GetGlyphKernAdvance
<LI><a href="#[2f2]">&gt;&gt;</a>&nbsp;&nbsp;&nbsp;stbtt_GetGlyphHMetrics
<LI><a href="#[2eb]">&gt;&gt;</a>&nbsp;&nbsp;&nbsp;stbtt_GetGlyphBitmapBox
<LI><a href="#[2dd]">&gt;&gt;</a>&nbsp;&nbsp;&nbsp;stbtt_FindGlyphIndex
<LI><a href="#[2ee]">&gt;&gt;</a>&nbsp;&nbsp;&nbsp;__hardfp_floor (via Veneer)
</UL>
<BR>[Address Reference Count : 1]<UL><LI> lv_tiny_ttf.o(i.lv_tiny_ttf_create)
</UL>
<P><STRONG><a name="[1d7]"></a>_fp_digits</STRONG> (Thumb, 366 bytes, Stack size 0 bytes, printfa.o(i._fp_digits), UNUSED)
<BR><BR>[Calls]<UL><LI><a href="#[d7]">&gt;&gt;</a>&nbsp;&nbsp;&nbsp;__aeabi_dmul
<LI><a href="#[d8]">&gt;&gt;</a>&nbsp;&nbsp;&nbsp;__aeabi_ddiv
<LI><a href="#[d1]">&gt;&gt;</a>&nbsp;&nbsp;&nbsp;__aeabi_dadd
<LI><a href="#[d9]">&gt;&gt;</a>&nbsp;&nbsp;&nbsp;__aeabi_d2ulz
<LI><a href="#[1d8]">&gt;&gt;</a>&nbsp;&nbsp;&nbsp;__aeabi_cdrcmple
<LI><a href="#[cb]">&gt;&gt;</a>&nbsp;&nbsp;&nbsp;__aeabi_uldivmod
</UL>
<BR>[Called By]<UL><LI><a href="#[1d3]">&gt;&gt;</a>&nbsp;&nbsp;&nbsp;_printf_core
</UL>

<P><STRONG><a name="[1d3]"></a>_printf_core</STRONG> (Thumb, 1704 bytes, Stack size 0 bytes, printfa.o(i._printf_core), UNUSED)
<BR><BR>[Calls]<UL><LI><a href="#[1db]">&gt;&gt;</a>&nbsp;&nbsp;&nbsp;__aeabi_uidivmod
<LI><a href="#[1d9]">&gt;&gt;</a>&nbsp;&nbsp;&nbsp;_printf_pre_padding
<LI><a href="#[1da]">&gt;&gt;</a>&nbsp;&nbsp;&nbsp;_printf_post_padding
<LI><a href="#[1d7]">&gt;&gt;</a>&nbsp;&nbsp;&nbsp;_fp_digits
<LI><a href="#[cb]">&gt;&gt;</a>&nbsp;&nbsp;&nbsp;__aeabi_uldivmod
</UL>
<BR>[Called By]<UL><LI><a href="#[1d4]">&gt;&gt;</a>&nbsp;&nbsp;&nbsp;__0vsprintf
<LI><a href="#[1d2]">&gt;&gt;</a>&nbsp;&nbsp;&nbsp;__0sprintf
</UL>

<P><STRONG><a name="[1da]"></a>_printf_post_padding</STRONG> (Thumb, 36 bytes, Stack size 0 bytes, printfa.o(i._printf_post_padding), UNUSED)
<BR><BR>[Called By]<UL><LI><a href="#[1d3]">&gt;&gt;</a>&nbsp;&nbsp;&nbsp;_printf_core
</UL>

<P><STRONG><a name="[1d9]"></a>_printf_pre_padding</STRONG> (Thumb, 46 bytes, Stack size 0 bytes, printfa.o(i._printf_pre_padding), UNUSED)
<BR><BR>[Called By]<UL><LI><a href="#[1d3]">&gt;&gt;</a>&nbsp;&nbsp;&nbsp;_printf_core
</UL>

<P><STRONG><a name="[b5]"></a>_sputc</STRONG> (Thumb, 10 bytes, Stack size 0 bytes, printfa.o(i._sputc))
<BR><BR>[Called By]<UL><LI><a href="#[1d4]">&gt;&gt;</a>&nbsp;&nbsp;&nbsp;__0vsprintf
<LI><a href="#[1d2]">&gt;&gt;</a>&nbsp;&nbsp;&nbsp;__0sprintf
</UL>
<BR>[Address Reference Count : 2]<UL><LI> printfa.o(i.__0sprintf)
<LI> printfa.o(i.__0vsprintf)
</UL><P>
<H3>
Undefined Global Symbols
</H3><HR></body></html>
