<html>
<body>
<pre>
<h1>µVision Build Log</h1>
<h2>Tool Versions:</h2>
IDE-Version: ¦ÌVision V5.24.2.0
Copyright (C) 2017 ARM Ltd and ARM Germany GmbH. All rights reserved.
License Information: xuejia huang, wujique, LIC=BL28G-VZ8WZ-5BAEB-27JCA-VAYN1-NSDPT
 
Tool Versions:
Toolchain:       MDK-ARM Professional  Version: 5.24.1
Toolchain Path:  C:\Keil_v5\ARM\ARMCC\Bin
C Compiler:      Armcc.exe V5.06 update 5 (build 528)
Assembler:       Armasm.exe V5.06 update 5 (build 528)
Linker/Locator:  ArmLink.exe V5.06 update 5 (build 528)
Library Manager: ArmAr.exe V5.06 update 5 (build 528)
Hex Converter:   FromElf.exe V5.06 update 5 (build 528)
CPU DLL:         SARMCM3.DLL V5.24.1
Dialog DLL:      DCM.DLL V1.16.0.0
Target DLL:      CMSIS_AGDI.dll V1.28.3.0
Dialog DLL:      TCM.DLL V1.32.0.0
 
<h2>Project:</h2>
F:\PetiteDrv\prog\PetiteDrv\board\cuckoo\h7b0_mdk_demo.uvprojx
Project File Date:  04/03/2022

<h2>Output:</h2>
*** Using Compiler 'V5.06 update 5 (build 528)', folder: 'C:\Keil_v5\ARM\ARMCC\Bin'
Build target 'Target 1'
compiling GT9147.c...
..\..\Petite\mem/p_list.h(9): warning:  #47-D: incompatible redefinition of macro "offsetof"  (declared at line 91 of "C:\Keil_v5\ARM\ARMCC\Bin\..\include\stddef.h")
  #define offsetof(type,  member)    ((size_t) &((type *)0)-> member)
..\..\driver\touch\ctp\GT9147.c(154): warning:  #223-D: function "mcu_vi2c_transfer_reg" declared implicitly
  	mcu_vi2c_transfer_reg(DevVi2cGT9147,GT9147_DEVICE_ADDR, reg, 2, MCU_I2C_MODE_W, (u8*)GT9147CfgTab, sizeof(GT9147CfgTab));
..\..\driver\touch\ctp\GT9147.c(139): warning:  #177-D: variable "tmp"  was declared but never referenced
  	u8 tmp[4];
..\..\driver\touch\ctp\GT9147.c(195): warning:  #223-D: function "mcu_vi2c_transfer_reg" declared implicitly
  	mcu_vi2c_transfer_reg(DevVi2cGT9147,GT9147_DEVICE_ADDR, reg, 2, MCU_I2C_MODE_R, ID, 4);
..\..\driver\touch\ctp\GT9147.c(280): warning:  #223-D: function "mcu_vi2c_transfer_reg" declared implicitly
  		mcu_vi2c_transfer_reg(DevVi2cGT9147,GT9147_DEVICE_ADDR, reg, 2, MCU_I2C_MODE_R, tmp, 1);
..\..\driver\touch\ctp\GT9147.c(313): warning:  #223-D: function "ctp_fill_buf" declared implicitly
  				ctp_fill_buf(x, y);
..\..\driver\touch\ctp\GT9147.c(339): warning:  #144-D: a value of type "int (*)(void)" cannot be used to initialize an entity of type "void (*)(void)"
  	.task = gt9147_task,
..\..\driver\touch\ctp\GT9147.c(164): warning:  #550-D: variable "Gt9147Gd"  was set but never used
  static int Gt9147Gd = -1;
..\..\driver\touch\ctp\GT9147.c: 8 warnings, 0 errors
linking...
Program Size: Code=219816 RO-data=107444 RW-data=1352 ZI-data=997492  
FromELF: creating hex file...
".\Objects\h7b0_mdk_demo.axf" - 0 Error(s), 8 Warning(s).

<h2>Software Packages used:</h2>

Package Vendor: Keil
                http://www.keil.com/pack/Keil.STM32H7xx_DFP.2.8.0.pack
                Keil.STM32H7xx_DFP.2.8.0
                STMicroelectronics STM32H7 Series Device Support and Examples

<h2>Collection of Component include folders:</h2>
  .\RTE\_Target_1
  C:\Keil_v5\ARM\PACK\Keil\STM32H7xx_DFP\2.8.0\Drivers\CMSIS\Device\ST\STM32H7xx\Include

<h2>Collection of Component Files used:</h2>
Build Time Elapsed:  00:00:05
</pre>
</body>
</html>
