<!doctype html public "-//w3c//dtd html 4.0 transitional//en">
<html><head>
<title>Static Call Graph - [.\Objects\h7b0_mdk_demo.axf]</title></head>
<body><HR>
<H1>Static Call Graph for image .\Objects\h7b0_mdk_demo.axf</H1><HR>
<BR><P>#&#060CALLGRAPH&#062# ARM Linker, 5060528: Last Updated: Tue Apr 26 10:10:53 2022
<BR><P>
<H3>Maximum Stack Usage =          0 bytes + Unknown(Cycles, Untraceable Function Pointers)</H3><H3>
Call chain for Maximum Stack Depth:</H3>

<P>
<H3>
Mutually Recursive functions
</H3> <LI><a href="#[3d]">ADC_IRQHandler</a>&nbsp;&nbsp;&nbsp;&rArr;&nbsp;&nbsp;&nbsp;<a href="#[3d]">ADC_IRQHandler</a><BR>
</UL>
<P>
<H3>
Function Pointers
</H3><UL>
 <LI><a href="#[3d]">ADC_IRQHandler</a> from startup_stm32h7b0xx.o(.text) referenced from startup_stm32h7b0xx.o(RESET)
 <LI><a href="#[b2]">BDMA1_IRQHandler</a> from startup_stm32h7b0xx.o(.text) referenced from startup_stm32h7b0xx.o(RESET)
 <LI><a href="#[9c]">BDMA2_Channel0_IRQHandler</a> from startup_stm32h7b0xx.o(.text) referenced from startup_stm32h7b0xx.o(RESET)
 <LI><a href="#[9d]">BDMA2_Channel1_IRQHandler</a> from startup_stm32h7b0xx.o(.text) referenced from startup_stm32h7b0xx.o(RESET)
 <LI><a href="#[9e]">BDMA2_Channel2_IRQHandler</a> from startup_stm32h7b0xx.o(.text) referenced from startup_stm32h7b0xx.o(RESET)
 <LI><a href="#[9f]">BDMA2_Channel3_IRQHandler</a> from startup_stm32h7b0xx.o(.text) referenced from startup_stm32h7b0xx.o(RESET)
 <LI><a href="#[a0]">BDMA2_Channel4_IRQHandler</a> from startup_stm32h7b0xx.o(.text) referenced from startup_stm32h7b0xx.o(RESET)
 <LI><a href="#[a1]">BDMA2_Channel5_IRQHandler</a> from startup_stm32h7b0xx.o(.text) referenced from startup_stm32h7b0xx.o(RESET)
 <LI><a href="#[a2]">BDMA2_Channel6_IRQHandler</a> from startup_stm32h7b0xx.o(.text) referenced from startup_stm32h7b0xx.o(RESET)
 <LI><a href="#[a3]">BDMA2_Channel7_IRQHandler</a> from startup_stm32h7b0xx.o(.text) referenced from startup_stm32h7b0xx.o(RESET)
 <LI><a href="#[25]">BusFault_Handler</a> from stm32h7xx_it.o(i.BusFault_Handler) referenced from startup_stm32h7b0xx.o(RESET)
 <LI><a href="#[87]">CEC_IRQHandler</a> from startup_stm32h7b0xx.o(.text) referenced from startup_stm32h7b0xx.o(RESET)
 <LI><a href="#[a4]">COMP_IRQHandler</a> from startup_stm32h7b0xx.o(.text) referenced from startup_stm32h7b0xx.o(RESET)
 <LI><a href="#[aa]">CRS_IRQHandler</a> from startup_stm32h7b0xx.o(.text) referenced from startup_stm32h7b0xx.o(RESET)
 <LI><a href="#[78]">CRYP_IRQHandler</a> from startup_stm32h7b0xx.o(.text) referenced from startup_stm32h7b0xx.o(RESET)
 <LI><a href="#[9a]">DAC2_IRQHandler</a> from startup_stm32h7b0xx.o(.text) referenced from startup_stm32h7b0xx.o(RESET)
 <LI><a href="#[b6]">DCMI_DMAError</a> from stm32h7xx_hal_dcmi.o(i.DCMI_DMAError) referenced from stm32h7xx_hal_dcmi.o(i.HAL_DCMI_IRQHandler)
 <LI><a href="#[b6]">DCMI_DMAError</a> from stm32h7xx_hal_dcmi.o(i.DCMI_DMAError) referenced from stm32h7xx_hal_dcmi.o(i.HAL_DCMI_Start_DMA)
 <LI><a href="#[b7]">DCMI_DMAXferCplt</a> from stm32h7xx_hal_dcmi.o(i.DCMI_DMAXferCplt) referenced from stm32h7xx_hal_dcmi.o(i.HAL_DCMI_Start_DMA)
 <LI><a href="#[77]">DCMI_PSSI_IRQHandler</a> from stm32h7xx_it.o(i.DCMI_PSSI_IRQHandler) referenced from startup_stm32h7b0xx.o(RESET)
 <LI><a href="#[8c]">DFSDM1_FLT0_IRQHandler</a> from startup_stm32h7b0xx.o(.text) referenced from startup_stm32h7b0xx.o(RESET)
 <LI><a href="#[8d]">DFSDM1_FLT1_IRQHandler</a> from startup_stm32h7b0xx.o(.text) referenced from startup_stm32h7b0xx.o(RESET)
 <LI><a href="#[8e]">DFSDM1_FLT2_IRQHandler</a> from startup_stm32h7b0xx.o(.text) referenced from startup_stm32h7b0xx.o(RESET)
 <LI><a href="#[8f]">DFSDM1_FLT3_IRQHandler</a> from startup_stm32h7b0xx.o(.text) referenced from startup_stm32h7b0xx.o(RESET)
 <LI><a href="#[69]">DFSDM1_FLT4_IRQHandler</a> from startup_stm32h7b0xx.o(.text) referenced from startup_stm32h7b0xx.o(RESET)
 <LI><a href="#[6a]">DFSDM1_FLT5_IRQHandler</a> from startup_stm32h7b0xx.o(.text) referenced from startup_stm32h7b0xx.o(RESET)
 <LI><a href="#[6b]">DFSDM1_FLT6_IRQHandler</a> from startup_stm32h7b0xx.o(.text) referenced from startup_stm32h7b0xx.o(RESET)
 <LI><a href="#[6c]">DFSDM1_FLT7_IRQHandler</a> from startup_stm32h7b0xx.o(.text) referenced from startup_stm32h7b0xx.o(RESET)
 <LI><a href="#[55]">DFSDM2_IRQHandler</a> from startup_stm32h7b0xx.o(.text) referenced from startup_stm32h7b0xx.o(RESET)
 <LI><a href="#[36]">DMA1_Stream0_IRQHandler</a> from stm32h7xx_it.o(i.DMA1_Stream0_IRQHandler) referenced from startup_stm32h7b0xx.o(RESET)
 <LI><a href="#[37]">DMA1_Stream1_IRQHandler</a> from startup_stm32h7b0xx.o(.text) referenced from startup_stm32h7b0xx.o(RESET)
 <LI><a href="#[38]">DMA1_Stream2_IRQHandler</a> from startup_stm32h7b0xx.o(.text) referenced from startup_stm32h7b0xx.o(RESET)
 <LI><a href="#[39]">DMA1_Stream3_IRQHandler</a> from startup_stm32h7b0xx.o(.text) referenced from startup_stm32h7b0xx.o(RESET)
 <LI><a href="#[3a]">DMA1_Stream4_IRQHandler</a> from startup_stm32h7b0xx.o(.text) referenced from startup_stm32h7b0xx.o(RESET)
 <LI><a href="#[3b]">DMA1_Stream5_IRQHandler</a> from startup_stm32h7b0xx.o(.text) referenced from startup_stm32h7b0xx.o(RESET)
 <LI><a href="#[3c]">DMA1_Stream6_IRQHandler</a> from stm32h7xx_it.o(i.DMA1_Stream6_IRQHandler) referenced from startup_stm32h7b0xx.o(RESET)
 <LI><a href="#[5a]">DMA1_Stream7_IRQHandler</a> from startup_stm32h7b0xx.o(.text) referenced from startup_stm32h7b0xx.o(RESET)
 <LI><a href="#[83]">DMA2D_IRQHandler</a> from stm32h7xx_it.o(i.DMA2D_IRQHandler) referenced from startup_stm32h7b0xx.o(RESET)
 <LI><a href="#[63]">DMA2_Stream0_IRQHandler</a> from startup_stm32h7b0xx.o(.text) referenced from startup_stm32h7b0xx.o(RESET)
 <LI><a href="#[64]">DMA2_Stream1_IRQHandler</a> from startup_stm32h7b0xx.o(.text) referenced from startup_stm32h7b0xx.o(RESET)
 <LI><a href="#[65]">DMA2_Stream2_IRQHandler</a> from startup_stm32h7b0xx.o(.text) referenced from startup_stm32h7b0xx.o(RESET)
 <LI><a href="#[66]">DMA2_Stream3_IRQHandler</a> from startup_stm32h7b0xx.o(.text) referenced from startup_stm32h7b0xx.o(RESET)
 <LI><a href="#[67]">DMA2_Stream4_IRQHandler</a> from startup_stm32h7b0xx.o(.text) referenced from startup_stm32h7b0xx.o(RESET)
 <LI><a href="#[6d]">DMA2_Stream5_IRQHandler</a> from startup_stm32h7b0xx.o(.text) referenced from startup_stm32h7b0xx.o(RESET)
 <LI><a href="#[6e]">DMA2_Stream6_IRQHandler</a> from stm32h7xx_it.o(i.DMA2_Stream6_IRQHandler) referenced from startup_stm32h7b0xx.o(RESET)
 <LI><a href="#[6f]">DMA2_Stream7_IRQHandler</a> from startup_stm32h7b0xx.o(.text) referenced from startup_stm32h7b0xx.o(RESET)
 <LI><a href="#[8b]">DMAMUX1_OVR_IRQHandler</a> from startup_stm32h7b0xx.o(.text) referenced from startup_stm32h7b0xx.o(RESET)
 <LI><a href="#[9b]">DMAMUX2_OVR_IRQHandler</a> from startup_stm32h7b0xx.o(.text) referenced from startup_stm32h7b0xx.o(RESET)
 <LI><a href="#[ac]">DTS_IRQHandler</a> from startup_stm32h7b0xx.o(.text) referenced from startup_stm32h7b0xx.o(RESET)
 <LI><a href="#[28]">DebugMon_Handler</a> from stm32h7xx_it.o(i.DebugMon_Handler) referenced from startup_stm32h7b0xx.o(RESET)
 <LI><a href="#[ab]">ECC_IRQHandler</a> from startup_stm32h7b0xx.o(.text) referenced from startup_stm32h7b0xx.o(RESET)
 <LI><a href="#[31]">EXTI0_IRQHandler</a> from startup_stm32h7b0xx.o(.text) referenced from startup_stm32h7b0xx.o(RESET)
 <LI><a href="#[53]">EXTI15_10_IRQHandler</a> from startup_stm32h7b0xx.o(.text) referenced from startup_stm32h7b0xx.o(RESET)
 <LI><a href="#[32]">EXTI1_IRQHandler</a> from startup_stm32h7b0xx.o(.text) referenced from startup_stm32h7b0xx.o(RESET)
 <LI><a href="#[33]">EXTI2_IRQHandler</a> from startup_stm32h7b0xx.o(.text) referenced from startup_stm32h7b0xx.o(RESET)
 <LI><a href="#[34]">EXTI3_IRQHandler</a> from startup_stm32h7b0xx.o(.text) referenced from startup_stm32h7b0xx.o(RESET)
 <LI><a href="#[35]">EXTI4_IRQHandler</a> from startup_stm32h7b0xx.o(.text) referenced from startup_stm32h7b0xx.o(RESET)
 <LI><a href="#[42]">EXTI9_5_IRQHandler</a> from startup_stm32h7b0xx.o(.text) referenced from startup_stm32h7b0xx.o(RESET)
 <LI><a href="#[3e]">FDCAN1_IT0_IRQHandler</a> from startup_stm32h7b0xx.o(.text) referenced from startup_stm32h7b0xx.o(RESET)
 <LI><a href="#[40]">FDCAN1_IT1_IRQHandler</a> from startup_stm32h7b0xx.o(.text) referenced from startup_stm32h7b0xx.o(RESET)
 <LI><a href="#[3f]">FDCAN2_IT0_IRQHandler</a> from startup_stm32h7b0xx.o(.text) referenced from startup_stm32h7b0xx.o(RESET)
 <LI><a href="#[41]">FDCAN2_IT1_IRQHandler</a> from startup_stm32h7b0xx.o(.text) referenced from startup_stm32h7b0xx.o(RESET)
 <LI><a href="#[68]">FDCAN_CAL_IRQHandler</a> from startup_stm32h7b0xx.o(.text) referenced from startup_stm32h7b0xx.o(RESET)
 <LI><a href="#[2f]">FLASH_IRQHandler</a> from startup_stm32h7b0xx.o(.text) referenced from startup_stm32h7b0xx.o(RESET)
 <LI><a href="#[5b]">FMC_IRQHandler</a> from startup_stm32h7b0xx.o(.text) referenced from startup_stm32h7b0xx.o(RESET)
 <LI><a href="#[7a]">FPU_IRQHandler</a> from startup_stm32h7b0xx.o(.text) referenced from startup_stm32h7b0xx.o(RESET)
 <LI><a href="#[b1]">GFXMMU_IRQHandler</a> from startup_stm32h7b0xx.o(.text) referenced from startup_stm32h7b0xx.o(RESET)
 <LI><a href="#[79]">HASH_RNG_IRQHandler</a> from startup_stm32h7b0xx.o(.text) referenced from startup_stm32h7b0xx.o(RESET)
 <LI><a href="#[99]">HSEM1_IRQHandler</a> from startup_stm32h7b0xx.o(.text) referenced from startup_stm32h7b0xx.o(RESET)
 <LI><a href="#[23]">HardFault_Handler</a> from stm32h7xx_it.o(i.HardFault_Handler) referenced from startup_stm32h7b0xx.o(RESET)
 <LI><a href="#[4b]">I2C1_ER_IRQHandler</a> from startup_stm32h7b0xx.o(.text) referenced from startup_stm32h7b0xx.o(RESET)
 <LI><a href="#[4a]">I2C1_EV_IRQHandler</a> from startup_stm32h7b0xx.o(.text) referenced from startup_stm32h7b0xx.o(RESET)
 <LI><a href="#[4d]">I2C2_ER_IRQHandler</a> from startup_stm32h7b0xx.o(.text) referenced from startup_stm32h7b0xx.o(RESET)
 <LI><a href="#[4c]">I2C2_EV_IRQHandler</a> from startup_stm32h7b0xx.o(.text) referenced from startup_stm32h7b0xx.o(RESET)
 <LI><a href="#[72]">I2C3_ER_IRQHandler</a> from startup_stm32h7b0xx.o(.text) referenced from startup_stm32h7b0xx.o(RESET)
 <LI><a href="#[71]">I2C3_EV_IRQHandler</a> from startup_stm32h7b0xx.o(.text) referenced from startup_stm32h7b0xx.o(RESET)
 <LI><a href="#[89]">I2C4_ER_IRQHandler</a> from startup_stm32h7b0xx.o(.text) referenced from startup_stm32h7b0xx.o(RESET)
 <LI><a href="#[88]">I2C4_EV_IRQHandler</a> from startup_stm32h7b0xx.o(.text) referenced from startup_stm32h7b0xx.o(RESET)
 <LI><a href="#[96]">JPEG_IRQHandler</a> from startup_stm32h7b0xx.o(.text) referenced from startup_stm32h7b0xx.o(RESET)
 <LI><a href="#[86]">LPTIM1_IRQHandler</a> from startup_stm32h7b0xx.o(.text) referenced from startup_stm32h7b0xx.o(RESET)
 <LI><a href="#[a5]">LPTIM2_IRQHandler</a> from startup_stm32h7b0xx.o(.text) referenced from startup_stm32h7b0xx.o(RESET)
 <LI><a href="#[a6]">LPTIM3_IRQHandler</a> from startup_stm32h7b0xx.o(.text) referenced from startup_stm32h7b0xx.o(RESET)
 <LI><a href="#[a9]">LPUART1_IRQHandler</a> from startup_stm32h7b0xx.o(.text) referenced from startup_stm32h7b0xx.o(RESET)
 <LI><a href="#[82]">LTDC_ER_IRQHandler</a> from startup_stm32h7b0xx.o(.text) referenced from startup_stm32h7b0xx.o(RESET)
 <LI><a href="#[81]">LTDC_IRQHandler</a> from startup_stm32h7b0xx.o(.text) referenced from startup_stm32h7b0xx.o(RESET)
 <LI><a href="#[95]">MDIOS_IRQHandler</a> from startup_stm32h7b0xx.o(.text) referenced from startup_stm32h7b0xx.o(RESET)
 <LI><a href="#[94]">MDIOS_WKUP_IRQHandler</a> from startup_stm32h7b0xx.o(.text) referenced from startup_stm32h7b0xx.o(RESET)
 <LI><a href="#[97]">MDMA_IRQHandler</a> from startup_stm32h7b0xx.o(.text) referenced from startup_stm32h7b0xx.o(RESET)
 <LI><a href="#[24]">MemManage_Handler</a> from stm32h7xx_it.o(i.MemManage_Handler) referenced from startup_stm32h7b0xx.o(RESET)
 <LI><a href="#[22]">NMI_Handler</a> from stm32h7xx_it.o(i.NMI_Handler) referenced from startup_stm32h7b0xx.o(RESET)
 <LI><a href="#[85]">OCTOSPI1_IRQHandler</a> from startup_stm32h7b0xx.o(.text) referenced from startup_stm32h7b0xx.o(RESET)
 <LI><a href="#[ae]">OCTOSPI2_IRQHandler</a> from startup_stm32h7b0xx.o(.text) referenced from startup_stm32h7b0xx.o(RESET)
 <LI><a href="#[af]">OTFDEC1_IRQHandler</a> from startup_stm32h7b0xx.o(.text) referenced from startup_stm32h7b0xx.o(RESET)
 <LI><a href="#[b0]">OTFDEC2_IRQHandler</a> from startup_stm32h7b0xx.o(.text) referenced from startup_stm32h7b0xx.o(RESET)
 <LI><a href="#[74]">OTG_HS_EP1_IN_IRQHandler</a> from startup_stm32h7b0xx.o(.text) referenced from startup_stm32h7b0xx.o(RESET)
 <LI><a href="#[73]">OTG_HS_EP1_OUT_IRQHandler</a> from startup_stm32h7b0xx.o(.text) referenced from startup_stm32h7b0xx.o(RESET)
 <LI><a href="#[76]">OTG_HS_IRQHandler</a> from startup_stm32h7b0xx.o(.text) referenced from startup_stm32h7b0xx.o(RESET)
 <LI><a href="#[75]">OTG_HS_WKUP_IRQHandler</a> from startup_stm32h7b0xx.o(.text) referenced from startup_stm32h7b0xx.o(RESET)
 <LI><a href="#[2c]">PVD_PVM_IRQHandler</a> from startup_stm32h7b0xx.o(.text) referenced from startup_stm32h7b0xx.o(RESET)
 <LI><a href="#[29]">PendSV_Handler</a> from port.o(.emb_text) referenced from startup_stm32h7b0xx.o(RESET)
 <LI><a href="#[30]">RCC_IRQHandler</a> from startup_stm32h7b0xx.o(.text) referenced from startup_stm32h7b0xx.o(RESET)
 <LI><a href="#[54]">RTC_Alarm_IRQHandler</a> from startup_stm32h7b0xx.o(.text) referenced from startup_stm32h7b0xx.o(RESET)
 <LI><a href="#[2d]">RTC_TAMP_STAMP_CSS_LSE_IRQHandler</a> from startup_stm32h7b0xx.o(.text) referenced from startup_stm32h7b0xx.o(RESET)
 <LI><a href="#[2e]">RTC_WKUP_IRQHandler</a> from startup_stm32h7b0xx.o(.text) referenced from startup_stm32h7b0xx.o(RESET)
 <LI><a href="#[21]">Reset_Handler</a> from startup_stm32h7b0xx.o(.text) referenced from startup_stm32h7b0xx.o(RESET)
 <LI><a href="#[80]">SAI1_IRQHandler</a> from startup_stm32h7b0xx.o(.text) referenced from startup_stm32h7b0xx.o(RESET)
 <LI><a href="#[84]">SAI2_IRQHandler</a> from stm32h7xx_it.o(i.SAI2_IRQHandler) referenced from startup_stm32h7b0xx.o(RESET)
 <LI><a href="#[b8]">SAI_DMAAbort</a> from stm32h7xx_hal_sai.o(i.SAI_DMAAbort) referenced from stm32h7xx_hal_sai.o(i.HAL_SAI_IRQHandler)
 <LI><a href="#[5c]">SDMMC1_IRQHandler</a> from stm32h7xx_it.o(i.SDMMC1_IRQHandler) referenced from startup_stm32h7b0xx.o(RESET)
 <LI><a href="#[98]">SDMMC2_IRQHandler</a> from startup_stm32h7b0xx.o(.text) referenced from startup_stm32h7b0xx.o(RESET)
 <LI><a href="#[c7]">SD_initialize</a> from sd_diskio.o(i.SD_initialize) referenced from sd_diskio.o(.constdata)
 <LI><a href="#[cb]">SD_ioctl</a> from sd_diskio.o(i.SD_ioctl) referenced from sd_diskio.o(.constdata)
 <LI><a href="#[c9]">SD_read</a> from sd_diskio.o(i.SD_read) referenced from sd_diskio.o(.constdata)
 <LI><a href="#[c8]">SD_status</a> from sd_diskio.o(i.SD_status) referenced from sd_diskio.o(.constdata)
 <LI><a href="#[ca]">SD_write</a> from sd_diskio.o(i.SD_write) referenced from sd_diskio.o(.constdata)
 <LI><a href="#[8a]">SPDIF_RX_IRQHandler</a> from startup_stm32h7b0xx.o(.text) referenced from startup_stm32h7b0xx.o(RESET)
 <LI><a href="#[4e]">SPI1_IRQHandler</a> from startup_stm32h7b0xx.o(.text) referenced from startup_stm32h7b0xx.o(RESET)
 <LI><a href="#[4f]">SPI2_IRQHandler</a> from startup_stm32h7b0xx.o(.text) referenced from startup_stm32h7b0xx.o(RESET)
 <LI><a href="#[5e]">SPI3_IRQHandler</a> from startup_stm32h7b0xx.o(.text) referenced from startup_stm32h7b0xx.o(RESET)
 <LI><a href="#[7d]">SPI4_IRQHandler</a> from startup_stm32h7b0xx.o(.text) referenced from startup_stm32h7b0xx.o(RESET)
 <LI><a href="#[7e]">SPI5_IRQHandler</a> from startup_stm32h7b0xx.o(.text) referenced from startup_stm32h7b0xx.o(RESET)
 <LI><a href="#[7f]">SPI6_IRQHandler</a> from startup_stm32h7b0xx.o(.text) referenced from startup_stm32h7b0xx.o(RESET)
 <LI><a href="#[27]">SVC_Handler</a> from port.o(.emb_text) referenced from startup_stm32h7b0xx.o(RESET)
 <LI><a href="#[90]">SWPMI1_IRQHandler</a> from startup_stm32h7b0xx.o(.text) referenced from startup_stm32h7b0xx.o(RESET)
 <LI><a href="#[2a]">SysTick_Handler</a> from stm32h7xx_it.o(i.SysTick_Handler) referenced from startup_stm32h7b0xx.o(RESET)
 <LI><a href="#[b4]">SystemInit</a> from system_stm32h7xx.o(i.SystemInit) referenced from startup_stm32h7b0xx.o(.text)
 <LI><a href="#[91]">TIM15_IRQHandler</a> from startup_stm32h7b0xx.o(.text) referenced from startup_stm32h7b0xx.o(RESET)
 <LI><a href="#[92]">TIM16_IRQHandler</a> from startup_stm32h7b0xx.o(.text) referenced from startup_stm32h7b0xx.o(RESET)
 <LI><a href="#[93]">TIM17_IRQHandler</a> from startup_stm32h7b0xx.o(.text) referenced from startup_stm32h7b0xx.o(RESET)
 <LI><a href="#[43]">TIM1_BRK_IRQHandler</a> from startup_stm32h7b0xx.o(.text) referenced from startup_stm32h7b0xx.o(RESET)
 <LI><a href="#[46]">TIM1_CC_IRQHandler</a> from startup_stm32h7b0xx.o(.text) referenced from startup_stm32h7b0xx.o(RESET)
 <LI><a href="#[45]">TIM1_TRG_COM_IRQHandler</a> from startup_stm32h7b0xx.o(.text) referenced from startup_stm32h7b0xx.o(RESET)
 <LI><a href="#[44]">TIM1_UP_IRQHandler</a> from startup_stm32h7b0xx.o(.text) referenced from startup_stm32h7b0xx.o(RESET)
 <LI><a href="#[47]">TIM2_IRQHandler</a> from startup_stm32h7b0xx.o(.text) referenced from startup_stm32h7b0xx.o(RESET)
 <LI><a href="#[48]">TIM3_IRQHandler</a> from startup_stm32h7b0xx.o(.text) referenced from startup_stm32h7b0xx.o(RESET)
 <LI><a href="#[49]">TIM4_IRQHandler</a> from startup_stm32h7b0xx.o(.text) referenced from startup_stm32h7b0xx.o(RESET)
 <LI><a href="#[5d]">TIM5_IRQHandler</a> from startup_stm32h7b0xx.o(.text) referenced from startup_stm32h7b0xx.o(RESET)
 <LI><a href="#[61]">TIM6_DAC_IRQHandler</a> from startup_stm32h7b0xx.o(.text) referenced from startup_stm32h7b0xx.o(RESET)
 <LI><a href="#[62]">TIM7_IRQHandler</a> from startup_stm32h7b0xx.o(.text) referenced from startup_stm32h7b0xx.o(RESET)
 <LI><a href="#[56]">TIM8_BRK_TIM12_IRQHandler</a> from startup_stm32h7b0xx.o(.text) referenced from startup_stm32h7b0xx.o(RESET)
 <LI><a href="#[59]">TIM8_CC_IRQHandler</a> from startup_stm32h7b0xx.o(.text) referenced from startup_stm32h7b0xx.o(RESET)
 <LI><a href="#[58]">TIM8_TRG_COM_TIM14_IRQHandler</a> from startup_stm32h7b0xx.o(.text) referenced from startup_stm32h7b0xx.o(RESET)
 <LI><a href="#[57]">TIM8_UP_TIM13_IRQHandler</a> from startup_stm32h7b0xx.o(.text) referenced from startup_stm32h7b0xx.o(RESET)
 <LI><a href="#[5f]">UART4_IRQHandler</a> from startup_stm32h7b0xx.o(.text) referenced from startup_stm32h7b0xx.o(RESET)
 <LI><a href="#[60]">UART5_IRQHandler</a> from startup_stm32h7b0xx.o(.text) referenced from startup_stm32h7b0xx.o(RESET)
 <LI><a href="#[7b]">UART7_IRQHandler</a> from startup_stm32h7b0xx.o(.text) referenced from startup_stm32h7b0xx.o(RESET)
 <LI><a href="#[7c]">UART8_IRQHandler</a> from startup_stm32h7b0xx.o(.text) referenced from startup_stm32h7b0xx.o(RESET)
 <LI><a href="#[a7]">UART9_IRQHandler</a> from startup_stm32h7b0xx.o(.text) referenced from startup_stm32h7b0xx.o(RESET)
 <LI><a href="#[a8]">USART10_IRQHandler</a> from startup_stm32h7b0xx.o(.text) referenced from startup_stm32h7b0xx.o(RESET)
 <LI><a href="#[50]">USART1_IRQHandler</a> from startup_stm32h7b0xx.o(.text) referenced from startup_stm32h7b0xx.o(RESET)
 <LI><a href="#[51]">USART2_IRQHandler</a> from startup_stm32h7b0xx.o(.text) referenced from startup_stm32h7b0xx.o(RESET)
 <LI><a href="#[52]">USART3_IRQHandler</a> from startup_stm32h7b0xx.o(.text) referenced from startup_stm32h7b0xx.o(RESET)
 <LI><a href="#[70]">USART6_IRQHandler</a> from startup_stm32h7b0xx.o(.text) referenced from startup_stm32h7b0xx.o(RESET)
 <LI><a href="#[26]">UsageFault_Handler</a> from stm32h7xx_it.o(i.UsageFault_Handler) referenced from startup_stm32h7b0xx.o(RESET)
 <LI><a href="#[ad]">WAKEUP_PIN_IRQHandler</a> from startup_stm32h7b0xx.o(.text) referenced from startup_stm32h7b0xx.o(RESET)
 <LI><a href="#[2b]">WWDG_IRQHandler</a> from startup_stm32h7b0xx.o(.text) referenced from startup_stm32h7b0xx.o(RESET)
 <LI><a href="#[b5]">__main</a> from entry.o(.ARM.Collect$$$$00000000) referenced from startup_stm32h7b0xx.o(.text)
 <LI><a href="#[b9]">_sputc</a> from printfa.o(i._sputc) referenced from printfa.o(i.__0sprintf)
 <LI><a href="#[b9]">_sputc</a> from printfa.o(i._sputc) referenced from printfa.o(i.__0vsprintf)
 <LI><a href="#[20]">cap_touch_task_idle</a> from touch.o(i.cap_touch_task_idle) referenced 2 times from touch.o(.data)
 <LI><a href="#[ba]">cuckoo_7b0_test</a> from cuckoo_test.o(i.cuckoo_7b0_test) referenced from cuckoo_test.o(i.cuckoo_7b0_test_init)
 <LI><a href="#[18]">drv_IL3820_color_fill</a> from drv_il3820.o(i.drv_IL3820_color_fill) referenced 2 times from drv_il3820.o(.data)
 <LI><a href="#[1c]">drv_IL3820_display_onoff</a> from drv_il3820.o(i.drv_IL3820_display_onoff) referenced 2 times from drv_il3820.o(.data)
 <LI><a href="#[17]">drv_IL3820_drawpoint</a> from drv_il3820.o(i.drv_IL3820_drawpoint) referenced 2 times from drv_il3820.o(.data)
 <LI><a href="#[19]">drv_IL3820_fill</a> from drv_il3820.o(i.drv_IL3820_fill) referenced 2 times from drv_il3820.o(.data)
 <LI><a href="#[1b]">drv_IL3820_flush</a> from drv_il3820.o(i.drv_IL3820_flush) referenced 2 times from drv_il3820.o(.data)
 <LI><a href="#[16]">drv_IL3820_init</a> from drv_il3820.o(i.drv_IL3820_init) referenced 2 times from drv_il3820.o(.data)
 <LI><a href="#[1e]">drv_IL3820_lcd_bl</a> from drv_il3820.o(i.drv_IL3820_lcd_bl) referenced 2 times from drv_il3820.o(.data)
 <LI><a href="#[1a]">drv_IL3820_prepare_display</a> from drv_il3820.o(i.drv_IL3820_prepare_display) referenced 2 times from drv_il3820.o(.data)
 <LI><a href="#[1d]">drv_IL3820_scan_dir</a> from drv_il3820.o(i.drv_IL3820_scan_dir) referenced 2 times from drv_il3820.o(.data)
 <LI><a href="#[1f]">drv_IL3820_update</a> from drv_il3820.o(i.drv_IL3820_update) referenced 2 times from drv_il3820.o(.data)
 <LI><a href="#[2]">drv_ST7565_color_fill</a> from drv_str7565.o(i.drv_ST7565_color_fill) referenced 4 times from drv_str7565.o(.data)
 <LI><a href="#[6]">drv_ST7565_display_onoff</a> from drv_str7565.o(i.drv_ST7565_display_onoff) referenced 2 times from drv_str7565.o(.data)
 <LI><a href="#[1]">drv_ST7565_drawpoint</a> from drv_str7565.o(i.drv_ST7565_drawpoint) referenced 4 times from drv_str7565.o(.data)
 <LI><a href="#[3]">drv_ST7565_fill</a> from drv_str7565.o(i.drv_ST7565_fill) referenced 4 times from drv_str7565.o(.data)
 <LI><a href="#[5]">drv_ST7565_flush</a> from drv_str7565.o(i.drv_ST7565_flush) referenced 4 times from drv_str7565.o(.data)
 <LI><a href="#[0]">drv_ST7565_init</a> from drv_str7565.o(i.drv_ST7565_init) referenced 2 times from drv_str7565.o(.data)
 <LI><a href="#[8]">drv_ST7565_lcd_bl</a> from drv_str7565.o(i.drv_ST7565_lcd_bl) referenced 4 times from drv_str7565.o(.data)
 <LI><a href="#[4]">drv_ST7565_prepare_display</a> from drv_str7565.o(i.drv_ST7565_prepare_display) referenced 4 times from drv_str7565.o(.data)
 <LI><a href="#[7]">drv_ST7565_scan_dir</a> from drv_str7565.o(i.drv_ST7565_scan_dir) referenced 4 times from drv_str7565.o(.data)
 <LI><a href="#[9]">drv_ST7565_update</a> from drv_str7565.o(i.drv_ST7565_update) referenced 4 times from drv_str7565.o(.data)
 <LI><a href="#[e]">drv_null_color_fill</a> from drv_lcd.o(i.drv_null_color_fill) referenced 2 times from drv_lcd.o(.data)
 <LI><a href="#[12]">drv_null_display_onoff</a> from drv_lcd.o(i.drv_null_display_onoff) referenced 2 times from drv_lcd.o(.data)
 <LI><a href="#[d]">drv_null_drawpoint</a> from drv_lcd.o(i.drv_null_drawpoint) referenced 2 times from drv_lcd.o(.data)
 <LI><a href="#[f]">drv_null_fill</a> from drv_lcd.o(i.drv_null_fill) referenced 2 times from drv_lcd.o(.data)
 <LI><a href="#[11]">drv_null_flush</a> from drv_lcd.o(i.drv_null_flush) referenced 2 times from drv_lcd.o(.data)
 <LI><a href="#[c]">drv_null_init</a> from drv_lcd.o(i.drv_null_init) referenced 2 times from drv_lcd.o(.data)
 <LI><a href="#[14]">drv_null_lcd_bl</a> from drv_lcd.o(i.drv_null_lcd_bl) referenced 2 times from drv_lcd.o(.data)
 <LI><a href="#[10]">drv_null_prepare_display</a> from drv_lcd.o(i.drv_null_prepare_display) referenced 2 times from drv_lcd.o(.data)
 <LI><a href="#[13]">drv_null_scan_dir</a> from drv_lcd.o(i.drv_null_scan_dir) referenced 2 times from drv_lcd.o(.data)
 <LI><a href="#[15]">drv_null_update</a> from drv_lcd.o(i.drv_null_update) referenced 2 times from drv_lcd.o(.data)
 <LI><a href="#[b]">drv_ssd1615_display_onoff</a> from drv_str7565.o(i.drv_ssd1615_display_onoff) referenced 2 times from drv_str7565.o(.data)
 <LI><a href="#[a]">drv_ssd1615_init</a> from drv_str7565.o(i.drv_ssd1615_init) referenced 2 times from drv_str7565.o(.data)
 <LI><a href="#[c5]">gt1151_close</a> from gt1151.o(i.gt1151_close) referenced from gt1151.o(.constdata)
 <LI><a href="#[c3]">gt1151_init</a> from gt1151.o(i.gt1151_init) referenced from gt1151.o(.constdata)
 <LI><a href="#[c4]">gt1151_open</a> from gt1151.o(i.gt1151_open) referenced from gt1151.o(.constdata)
 <LI><a href="#[c6]">gt1151_task</a> from gt1151.o(i.gt1151_task) referenced from gt1151.o(.constdata)
 <LI><a href="#[c1]">gt9147_close</a> from gt9147.o(i.gt9147_close) referenced from gt9147.o(.constdata)
 <LI><a href="#[bf]">gt9147_init</a> from gt9147.o(i.gt9147_init) referenced from gt9147.o(.constdata)
 <LI><a href="#[c0]">gt9147_open</a> from gt9147.o(i.gt9147_open) referenced from gt9147.o(.constdata)
 <LI><a href="#[c2]">gt9147_task</a> from gt9147.o(i.gt9147_task) referenced from gt9147.o(.constdata)
 <LI><a href="#[b3]">main</a> from main.o(i.main) referenced from entry9a.o(.ARM.Collect$$$$0000000B)
 <LI><a href="#[bd]">prvIdleTask</a> from tasks.o(i.prvIdleTask) referenced from tasks.o(i.vTaskStartScheduler)
 <LI><a href="#[bc]">prvTaskExitError</a> from port.o(i.prvTaskExitError) referenced from port.o(i.pxPortInitialiseStack)
 <LI><a href="#[be]">prvTimerTask</a> from timers.o(i.prvTimerTask) referenced from timers.o(i.xTimerCreateTimerTask)
 <LI><a href="#[bb]">start_task</a> from petite.o(i.start_task) referenced from petite.o(i.petite_app)
</UL>
<P>
<H3>
Global Symbols
</H3>
<P><STRONG><a name="[b5]"></a>__main</STRONG> (Thumb, 0 bytes, Stack size 0 bytes, entry.o(.ARM.Collect$$$$00000000))
<BR>[Address Reference Count : 1]<UL><LI> startup_stm32h7b0xx.o(.text)
</UL>
<P><STRONG><a name="[cc]"></a>_main_scatterload</STRONG> (Thumb, 0 bytes, Stack size 0 bytes, entry5.o(.ARM.Collect$$$$00000004))
<BR><BR>[Calls]<UL><LI><a href="#[cd]">&gt;&gt;</a>&nbsp;&nbsp;&nbsp;__scatterload
</UL>

<P><STRONG><a name="[de]"></a>__main_after_scatterload</STRONG> (Thumb, 0 bytes, Stack size 0 bytes, entry5.o(.ARM.Collect$$$$00000004))
<BR><BR>[Called By]<UL><LI><a href="#[cd]">&gt;&gt;</a>&nbsp;&nbsp;&nbsp;__scatterload
</UL>

<P><STRONG><a name="[27]"></a>SVC_Handler</STRONG> (Thumb, 28 bytes, Stack size 0 bytes, port.o(.emb_text))
<BR>[Address Reference Count : 1]<UL><LI> startup_stm32h7b0xx.o(RESET)
</UL>
<P><STRONG><a name="[2c1]"></a>__asm___6_port_c_39a90d8d__prvStartFirstTask</STRONG> (Thumb, 36 bytes, Stack size 0 bytes, port.o(.emb_text))
<BR><BR>[Called By]<UL><LI><a href="#[2b7]">&gt;&gt;</a>&nbsp;&nbsp;&nbsp;xPortStartScheduler
</UL>

<P><STRONG><a name="[2c0]"></a>__asm___6_port_c_39a90d8d__prvEnableVFP</STRONG> (Thumb, 16 bytes, Stack size 0 bytes, port.o(.emb_text))
<BR><BR>[Called By]<UL><LI><a href="#[2b7]">&gt;&gt;</a>&nbsp;&nbsp;&nbsp;xPortStartScheduler
</UL>

<P><STRONG><a name="[29]"></a>PendSV_Handler</STRONG> (Thumb, 88 bytes, Stack size 0 bytes, port.o(.emb_text))
<BR><BR>[Calls]<UL><LI><a href="#[ce]">&gt;&gt;</a>&nbsp;&nbsp;&nbsp;vTaskSwitchContext
</UL>
<BR>[Address Reference Count : 1]<UL><LI> startup_stm32h7b0xx.o(RESET)
</UL>
<P><STRONG><a name="[2b1]"></a>vPortGetIPSR</STRONG> (Thumb, 6 bytes, Stack size 0 bytes, port.o(.emb_text))
<BR><BR>[Called By]<UL><LI><a href="#[2b0]">&gt;&gt;</a>&nbsp;&nbsp;&nbsp;vPortValidateInterruptPriority
</UL>

<P><STRONG><a name="[21]"></a>Reset_Handler</STRONG> (Thumb, 8 bytes, Stack size 0 bytes, startup_stm32h7b0xx.o(.text))
<BR>[Address Reference Count : 1]<UL><LI> startup_stm32h7b0xx.o(RESET)
</UL>
<P><STRONG><a name="[3d]"></a>ADC_IRQHandler</STRONG> (Thumb, 0 bytes, Stack size 0 bytes, startup_stm32h7b0xx.o(.text))
<BR><BR>[Calls]<UL><LI><a href="#[3d]">&gt;&gt;</a>&nbsp;&nbsp;&nbsp;ADC_IRQHandler
</UL>
<BR>[Called By]<UL><LI><a href="#[3d]">&gt;&gt;</a>&nbsp;&nbsp;&nbsp;ADC_IRQHandler
</UL>
<BR>[Address Reference Count : 1]<UL><LI> startup_stm32h7b0xx.o(RESET)
</UL>
<P><STRONG><a name="[b2]"></a>BDMA1_IRQHandler</STRONG> (Thumb, 0 bytes, Stack size 0 bytes, startup_stm32h7b0xx.o(.text))
<BR>[Address Reference Count : 1]<UL><LI> startup_stm32h7b0xx.o(RESET)
</UL>
<P><STRONG><a name="[9c]"></a>BDMA2_Channel0_IRQHandler</STRONG> (Thumb, 0 bytes, Stack size 0 bytes, startup_stm32h7b0xx.o(.text))
<BR>[Address Reference Count : 1]<UL><LI> startup_stm32h7b0xx.o(RESET)
</UL>
<P><STRONG><a name="[9d]"></a>BDMA2_Channel1_IRQHandler</STRONG> (Thumb, 0 bytes, Stack size 0 bytes, startup_stm32h7b0xx.o(.text))
<BR>[Address Reference Count : 1]<UL><LI> startup_stm32h7b0xx.o(RESET)
</UL>
<P><STRONG><a name="[9e]"></a>BDMA2_Channel2_IRQHandler</STRONG> (Thumb, 0 bytes, Stack size 0 bytes, startup_stm32h7b0xx.o(.text))
<BR>[Address Reference Count : 1]<UL><LI> startup_stm32h7b0xx.o(RESET)
</UL>
<P><STRONG><a name="[9f]"></a>BDMA2_Channel3_IRQHandler</STRONG> (Thumb, 0 bytes, Stack size 0 bytes, startup_stm32h7b0xx.o(.text))
<BR>[Address Reference Count : 1]<UL><LI> startup_stm32h7b0xx.o(RESET)
</UL>
<P><STRONG><a name="[a0]"></a>BDMA2_Channel4_IRQHandler</STRONG> (Thumb, 0 bytes, Stack size 0 bytes, startup_stm32h7b0xx.o(.text))
<BR>[Address Reference Count : 1]<UL><LI> startup_stm32h7b0xx.o(RESET)
</UL>
<P><STRONG><a name="[a1]"></a>BDMA2_Channel5_IRQHandler</STRONG> (Thumb, 0 bytes, Stack size 0 bytes, startup_stm32h7b0xx.o(.text))
<BR>[Address Reference Count : 1]<UL><LI> startup_stm32h7b0xx.o(RESET)
</UL>
<P><STRONG><a name="[a2]"></a>BDMA2_Channel6_IRQHandler</STRONG> (Thumb, 0 bytes, Stack size 0 bytes, startup_stm32h7b0xx.o(.text))
<BR>[Address Reference Count : 1]<UL><LI> startup_stm32h7b0xx.o(RESET)
</UL>
<P><STRONG><a name="[a3]"></a>BDMA2_Channel7_IRQHandler</STRONG> (Thumb, 0 bytes, Stack size 0 bytes, startup_stm32h7b0xx.o(.text))
<BR>[Address Reference Count : 1]<UL><LI> startup_stm32h7b0xx.o(RESET)
</UL>
<P><STRONG><a name="[87]"></a>CEC_IRQHandler</STRONG> (Thumb, 0 bytes, Stack size 0 bytes, startup_stm32h7b0xx.o(.text))
<BR>[Address Reference Count : 1]<UL><LI> startup_stm32h7b0xx.o(RESET)
</UL>
<P><STRONG><a name="[a4]"></a>COMP_IRQHandler</STRONG> (Thumb, 0 bytes, Stack size 0 bytes, startup_stm32h7b0xx.o(.text))
<BR>[Address Reference Count : 1]<UL><LI> startup_stm32h7b0xx.o(RESET)
</UL>
<P><STRONG><a name="[aa]"></a>CRS_IRQHandler</STRONG> (Thumb, 0 bytes, Stack size 0 bytes, startup_stm32h7b0xx.o(.text))
<BR>[Address Reference Count : 1]<UL><LI> startup_stm32h7b0xx.o(RESET)
</UL>
<P><STRONG><a name="[78]"></a>CRYP_IRQHandler</STRONG> (Thumb, 0 bytes, Stack size 0 bytes, startup_stm32h7b0xx.o(.text))
<BR>[Address Reference Count : 1]<UL><LI> startup_stm32h7b0xx.o(RESET)
</UL>
<P><STRONG><a name="[9a]"></a>DAC2_IRQHandler</STRONG> (Thumb, 0 bytes, Stack size 0 bytes, startup_stm32h7b0xx.o(.text))
<BR>[Address Reference Count : 1]<UL><LI> startup_stm32h7b0xx.o(RESET)
</UL>
<P><STRONG><a name="[8c]"></a>DFSDM1_FLT0_IRQHandler</STRONG> (Thumb, 0 bytes, Stack size 0 bytes, startup_stm32h7b0xx.o(.text))
<BR>[Address Reference Count : 1]<UL><LI> startup_stm32h7b0xx.o(RESET)
</UL>
<P><STRONG><a name="[8d]"></a>DFSDM1_FLT1_IRQHandler</STRONG> (Thumb, 0 bytes, Stack size 0 bytes, startup_stm32h7b0xx.o(.text))
<BR>[Address Reference Count : 1]<UL><LI> startup_stm32h7b0xx.o(RESET)
</UL>
<P><STRONG><a name="[8e]"></a>DFSDM1_FLT2_IRQHandler</STRONG> (Thumb, 0 bytes, Stack size 0 bytes, startup_stm32h7b0xx.o(.text))
<BR>[Address Reference Count : 1]<UL><LI> startup_stm32h7b0xx.o(RESET)
</UL>
<P><STRONG><a name="[8f]"></a>DFSDM1_FLT3_IRQHandler</STRONG> (Thumb, 0 bytes, Stack size 0 bytes, startup_stm32h7b0xx.o(.text))
<BR>[Address Reference Count : 1]<UL><LI> startup_stm32h7b0xx.o(RESET)
</UL>
<P><STRONG><a name="[69]"></a>DFSDM1_FLT4_IRQHandler</STRONG> (Thumb, 0 bytes, Stack size 0 bytes, startup_stm32h7b0xx.o(.text))
<BR>[Address Reference Count : 1]<UL><LI> startup_stm32h7b0xx.o(RESET)
</UL>
<P><STRONG><a name="[6a]"></a>DFSDM1_FLT5_IRQHandler</STRONG> (Thumb, 0 bytes, Stack size 0 bytes, startup_stm32h7b0xx.o(.text))
<BR>[Address Reference Count : 1]<UL><LI> startup_stm32h7b0xx.o(RESET)
</UL>
<P><STRONG><a name="[6b]"></a>DFSDM1_FLT6_IRQHandler</STRONG> (Thumb, 0 bytes, Stack size 0 bytes, startup_stm32h7b0xx.o(.text))
<BR>[Address Reference Count : 1]<UL><LI> startup_stm32h7b0xx.o(RESET)
</UL>
<P><STRONG><a name="[6c]"></a>DFSDM1_FLT7_IRQHandler</STRONG> (Thumb, 0 bytes, Stack size 0 bytes, startup_stm32h7b0xx.o(.text))
<BR>[Address Reference Count : 1]<UL><LI> startup_stm32h7b0xx.o(RESET)
</UL>
<P><STRONG><a name="[55]"></a>DFSDM2_IRQHandler</STRONG> (Thumb, 0 bytes, Stack size 0 bytes, startup_stm32h7b0xx.o(.text))
<BR>[Address Reference Count : 1]<UL><LI> startup_stm32h7b0xx.o(RESET)
</UL>
<P><STRONG><a name="[37]"></a>DMA1_Stream1_IRQHandler</STRONG> (Thumb, 0 bytes, Stack size 0 bytes, startup_stm32h7b0xx.o(.text))
<BR>[Address Reference Count : 1]<UL><LI> startup_stm32h7b0xx.o(RESET)
</UL>
<P><STRONG><a name="[38]"></a>DMA1_Stream2_IRQHandler</STRONG> (Thumb, 0 bytes, Stack size 0 bytes, startup_stm32h7b0xx.o(.text))
<BR>[Address Reference Count : 1]<UL><LI> startup_stm32h7b0xx.o(RESET)
</UL>
<P><STRONG><a name="[39]"></a>DMA1_Stream3_IRQHandler</STRONG> (Thumb, 0 bytes, Stack size 0 bytes, startup_stm32h7b0xx.o(.text))
<BR>[Address Reference Count : 1]<UL><LI> startup_stm32h7b0xx.o(RESET)
</UL>
<P><STRONG><a name="[3a]"></a>DMA1_Stream4_IRQHandler</STRONG> (Thumb, 0 bytes, Stack size 0 bytes, startup_stm32h7b0xx.o(.text))
<BR>[Address Reference Count : 1]<UL><LI> startup_stm32h7b0xx.o(RESET)
</UL>
<P><STRONG><a name="[3b]"></a>DMA1_Stream5_IRQHandler</STRONG> (Thumb, 0 bytes, Stack size 0 bytes, startup_stm32h7b0xx.o(.text))
<BR>[Address Reference Count : 1]<UL><LI> startup_stm32h7b0xx.o(RESET)
</UL>
<P><STRONG><a name="[5a]"></a>DMA1_Stream7_IRQHandler</STRONG> (Thumb, 0 bytes, Stack size 0 bytes, startup_stm32h7b0xx.o(.text))
<BR>[Address Reference Count : 1]<UL><LI> startup_stm32h7b0xx.o(RESET)
</UL>
<P><STRONG><a name="[63]"></a>DMA2_Stream0_IRQHandler</STRONG> (Thumb, 0 bytes, Stack size 0 bytes, startup_stm32h7b0xx.o(.text))
<BR>[Address Reference Count : 1]<UL><LI> startup_stm32h7b0xx.o(RESET)
</UL>
<P><STRONG><a name="[64]"></a>DMA2_Stream1_IRQHandler</STRONG> (Thumb, 0 bytes, Stack size 0 bytes, startup_stm32h7b0xx.o(.text))
<BR>[Address Reference Count : 1]<UL><LI> startup_stm32h7b0xx.o(RESET)
</UL>
<P><STRONG><a name="[65]"></a>DMA2_Stream2_IRQHandler</STRONG> (Thumb, 0 bytes, Stack size 0 bytes, startup_stm32h7b0xx.o(.text))
<BR>[Address Reference Count : 1]<UL><LI> startup_stm32h7b0xx.o(RESET)
</UL>
<P><STRONG><a name="[66]"></a>DMA2_Stream3_IRQHandler</STRONG> (Thumb, 0 bytes, Stack size 0 bytes, startup_stm32h7b0xx.o(.text))
<BR>[Address Reference Count : 1]<UL><LI> startup_stm32h7b0xx.o(RESET)
</UL>
<P><STRONG><a name="[67]"></a>DMA2_Stream4_IRQHandler</STRONG> (Thumb, 0 bytes, Stack size 0 bytes, startup_stm32h7b0xx.o(.text))
<BR>[Address Reference Count : 1]<UL><LI> startup_stm32h7b0xx.o(RESET)
</UL>
<P><STRONG><a name="[6d]"></a>DMA2_Stream5_IRQHandler</STRONG> (Thumb, 0 bytes, Stack size 0 bytes, startup_stm32h7b0xx.o(.text))
<BR>[Address Reference Count : 1]<UL><LI> startup_stm32h7b0xx.o(RESET)
</UL>
<P><STRONG><a name="[6f]"></a>DMA2_Stream7_IRQHandler</STRONG> (Thumb, 0 bytes, Stack size 0 bytes, startup_stm32h7b0xx.o(.text))
<BR>[Address Reference Count : 1]<UL><LI> startup_stm32h7b0xx.o(RESET)
</UL>
<P><STRONG><a name="[8b]"></a>DMAMUX1_OVR_IRQHandler</STRONG> (Thumb, 0 bytes, Stack size 0 bytes, startup_stm32h7b0xx.o(.text))
<BR>[Address Reference Count : 1]<UL><LI> startup_stm32h7b0xx.o(RESET)
</UL>
<P><STRONG><a name="[9b]"></a>DMAMUX2_OVR_IRQHandler</STRONG> (Thumb, 0 bytes, Stack size 0 bytes, startup_stm32h7b0xx.o(.text))
<BR>[Address Reference Count : 1]<UL><LI> startup_stm32h7b0xx.o(RESET)
</UL>
<P><STRONG><a name="[ac]"></a>DTS_IRQHandler</STRONG> (Thumb, 0 bytes, Stack size 0 bytes, startup_stm32h7b0xx.o(.text))
<BR>[Address Reference Count : 1]<UL><LI> startup_stm32h7b0xx.o(RESET)
</UL>
<P><STRONG><a name="[ab]"></a>ECC_IRQHandler</STRONG> (Thumb, 0 bytes, Stack size 0 bytes, startup_stm32h7b0xx.o(.text))
<BR>[Address Reference Count : 1]<UL><LI> startup_stm32h7b0xx.o(RESET)
</UL>
<P><STRONG><a name="[31]"></a>EXTI0_IRQHandler</STRONG> (Thumb, 0 bytes, Stack size 0 bytes, startup_stm32h7b0xx.o(.text))
<BR>[Address Reference Count : 1]<UL><LI> startup_stm32h7b0xx.o(RESET)
</UL>
<P><STRONG><a name="[53]"></a>EXTI15_10_IRQHandler</STRONG> (Thumb, 0 bytes, Stack size 0 bytes, startup_stm32h7b0xx.o(.text))
<BR>[Address Reference Count : 1]<UL><LI> startup_stm32h7b0xx.o(RESET)
</UL>
<P><STRONG><a name="[32]"></a>EXTI1_IRQHandler</STRONG> (Thumb, 0 bytes, Stack size 0 bytes, startup_stm32h7b0xx.o(.text))
<BR>[Address Reference Count : 1]<UL><LI> startup_stm32h7b0xx.o(RESET)
</UL>
<P><STRONG><a name="[33]"></a>EXTI2_IRQHandler</STRONG> (Thumb, 0 bytes, Stack size 0 bytes, startup_stm32h7b0xx.o(.text))
<BR>[Address Reference Count : 1]<UL><LI> startup_stm32h7b0xx.o(RESET)
</UL>
<P><STRONG><a name="[34]"></a>EXTI3_IRQHandler</STRONG> (Thumb, 0 bytes, Stack size 0 bytes, startup_stm32h7b0xx.o(.text))
<BR>[Address Reference Count : 1]<UL><LI> startup_stm32h7b0xx.o(RESET)
</UL>
<P><STRONG><a name="[35]"></a>EXTI4_IRQHandler</STRONG> (Thumb, 0 bytes, Stack size 0 bytes, startup_stm32h7b0xx.o(.text))
<BR>[Address Reference Count : 1]<UL><LI> startup_stm32h7b0xx.o(RESET)
</UL>
<P><STRONG><a name="[42]"></a>EXTI9_5_IRQHandler</STRONG> (Thumb, 0 bytes, Stack size 0 bytes, startup_stm32h7b0xx.o(.text))
<BR>[Address Reference Count : 1]<UL><LI> startup_stm32h7b0xx.o(RESET)
</UL>
<P><STRONG><a name="[3e]"></a>FDCAN1_IT0_IRQHandler</STRONG> (Thumb, 0 bytes, Stack size 0 bytes, startup_stm32h7b0xx.o(.text))
<BR>[Address Reference Count : 1]<UL><LI> startup_stm32h7b0xx.o(RESET)
</UL>
<P><STRONG><a name="[40]"></a>FDCAN1_IT1_IRQHandler</STRONG> (Thumb, 0 bytes, Stack size 0 bytes, startup_stm32h7b0xx.o(.text))
<BR>[Address Reference Count : 1]<UL><LI> startup_stm32h7b0xx.o(RESET)
</UL>
<P><STRONG><a name="[3f]"></a>FDCAN2_IT0_IRQHandler</STRONG> (Thumb, 0 bytes, Stack size 0 bytes, startup_stm32h7b0xx.o(.text))
<BR>[Address Reference Count : 1]<UL><LI> startup_stm32h7b0xx.o(RESET)
</UL>
<P><STRONG><a name="[41]"></a>FDCAN2_IT1_IRQHandler</STRONG> (Thumb, 0 bytes, Stack size 0 bytes, startup_stm32h7b0xx.o(.text))
<BR>[Address Reference Count : 1]<UL><LI> startup_stm32h7b0xx.o(RESET)
</UL>
<P><STRONG><a name="[68]"></a>FDCAN_CAL_IRQHandler</STRONG> (Thumb, 0 bytes, Stack size 0 bytes, startup_stm32h7b0xx.o(.text))
<BR>[Address Reference Count : 1]<UL><LI> startup_stm32h7b0xx.o(RESET)
</UL>
<P><STRONG><a name="[2f]"></a>FLASH_IRQHandler</STRONG> (Thumb, 0 bytes, Stack size 0 bytes, startup_stm32h7b0xx.o(.text))
<BR>[Address Reference Count : 1]<UL><LI> startup_stm32h7b0xx.o(RESET)
</UL>
<P><STRONG><a name="[5b]"></a>FMC_IRQHandler</STRONG> (Thumb, 0 bytes, Stack size 0 bytes, startup_stm32h7b0xx.o(.text))
<BR>[Address Reference Count : 1]<UL><LI> startup_stm32h7b0xx.o(RESET)
</UL>
<P><STRONG><a name="[7a]"></a>FPU_IRQHandler</STRONG> (Thumb, 0 bytes, Stack size 0 bytes, startup_stm32h7b0xx.o(.text))
<BR>[Address Reference Count : 1]<UL><LI> startup_stm32h7b0xx.o(RESET)
</UL>
<P><STRONG><a name="[b1]"></a>GFXMMU_IRQHandler</STRONG> (Thumb, 0 bytes, Stack size 0 bytes, startup_stm32h7b0xx.o(.text))
<BR>[Address Reference Count : 1]<UL><LI> startup_stm32h7b0xx.o(RESET)
</UL>
<P><STRONG><a name="[79]"></a>HASH_RNG_IRQHandler</STRONG> (Thumb, 0 bytes, Stack size 0 bytes, startup_stm32h7b0xx.o(.text))
<BR>[Address Reference Count : 1]<UL><LI> startup_stm32h7b0xx.o(RESET)
</UL>
<P><STRONG><a name="[99]"></a>HSEM1_IRQHandler</STRONG> (Thumb, 0 bytes, Stack size 0 bytes, startup_stm32h7b0xx.o(.text))
<BR>[Address Reference Count : 1]<UL><LI> startup_stm32h7b0xx.o(RESET)
</UL>
<P><STRONG><a name="[4b]"></a>I2C1_ER_IRQHandler</STRONG> (Thumb, 0 bytes, Stack size 0 bytes, startup_stm32h7b0xx.o(.text))
<BR>[Address Reference Count : 1]<UL><LI> startup_stm32h7b0xx.o(RESET)
</UL>
<P><STRONG><a name="[4a]"></a>I2C1_EV_IRQHandler</STRONG> (Thumb, 0 bytes, Stack size 0 bytes, startup_stm32h7b0xx.o(.text))
<BR>[Address Reference Count : 1]<UL><LI> startup_stm32h7b0xx.o(RESET)
</UL>
<P><STRONG><a name="[4d]"></a>I2C2_ER_IRQHandler</STRONG> (Thumb, 0 bytes, Stack size 0 bytes, startup_stm32h7b0xx.o(.text))
<BR>[Address Reference Count : 1]<UL><LI> startup_stm32h7b0xx.o(RESET)
</UL>
<P><STRONG><a name="[4c]"></a>I2C2_EV_IRQHandler</STRONG> (Thumb, 0 bytes, Stack size 0 bytes, startup_stm32h7b0xx.o(.text))
<BR>[Address Reference Count : 1]<UL><LI> startup_stm32h7b0xx.o(RESET)
</UL>
<P><STRONG><a name="[72]"></a>I2C3_ER_IRQHandler</STRONG> (Thumb, 0 bytes, Stack size 0 bytes, startup_stm32h7b0xx.o(.text))
<BR>[Address Reference Count : 1]<UL><LI> startup_stm32h7b0xx.o(RESET)
</UL>
<P><STRONG><a name="[71]"></a>I2C3_EV_IRQHandler</STRONG> (Thumb, 0 bytes, Stack size 0 bytes, startup_stm32h7b0xx.o(.text))
<BR>[Address Reference Count : 1]<UL><LI> startup_stm32h7b0xx.o(RESET)
</UL>
<P><STRONG><a name="[89]"></a>I2C4_ER_IRQHandler</STRONG> (Thumb, 0 bytes, Stack size 0 bytes, startup_stm32h7b0xx.o(.text))
<BR>[Address Reference Count : 1]<UL><LI> startup_stm32h7b0xx.o(RESET)
</UL>
<P><STRONG><a name="[88]"></a>I2C4_EV_IRQHandler</STRONG> (Thumb, 0 bytes, Stack size 0 bytes, startup_stm32h7b0xx.o(.text))
<BR>[Address Reference Count : 1]<UL><LI> startup_stm32h7b0xx.o(RESET)
</UL>
<P><STRONG><a name="[96]"></a>JPEG_IRQHandler</STRONG> (Thumb, 0 bytes, Stack size 0 bytes, startup_stm32h7b0xx.o(.text))
<BR>[Address Reference Count : 1]<UL><LI> startup_stm32h7b0xx.o(RESET)
</UL>
<P><STRONG><a name="[86]"></a>LPTIM1_IRQHandler</STRONG> (Thumb, 0 bytes, Stack size 0 bytes, startup_stm32h7b0xx.o(.text))
<BR>[Address Reference Count : 1]<UL><LI> startup_stm32h7b0xx.o(RESET)
</UL>
<P><STRONG><a name="[a5]"></a>LPTIM2_IRQHandler</STRONG> (Thumb, 0 bytes, Stack size 0 bytes, startup_stm32h7b0xx.o(.text))
<BR>[Address Reference Count : 1]<UL><LI> startup_stm32h7b0xx.o(RESET)
</UL>
<P><STRONG><a name="[a6]"></a>LPTIM3_IRQHandler</STRONG> (Thumb, 0 bytes, Stack size 0 bytes, startup_stm32h7b0xx.o(.text))
<BR>[Address Reference Count : 1]<UL><LI> startup_stm32h7b0xx.o(RESET)
</UL>
<P><STRONG><a name="[a9]"></a>LPUART1_IRQHandler</STRONG> (Thumb, 0 bytes, Stack size 0 bytes, startup_stm32h7b0xx.o(.text))
<BR>[Address Reference Count : 1]<UL><LI> startup_stm32h7b0xx.o(RESET)
</UL>
<P><STRONG><a name="[82]"></a>LTDC_ER_IRQHandler</STRONG> (Thumb, 0 bytes, Stack size 0 bytes, startup_stm32h7b0xx.o(.text))
<BR>[Address Reference Count : 1]<UL><LI> startup_stm32h7b0xx.o(RESET)
</UL>
<P><STRONG><a name="[81]"></a>LTDC_IRQHandler</STRONG> (Thumb, 0 bytes, Stack size 0 bytes, startup_stm32h7b0xx.o(.text))
<BR>[Address Reference Count : 1]<UL><LI> startup_stm32h7b0xx.o(RESET)
</UL>
<P><STRONG><a name="[95]"></a>MDIOS_IRQHandler</STRONG> (Thumb, 0 bytes, Stack size 0 bytes, startup_stm32h7b0xx.o(.text))
<BR>[Address Reference Count : 1]<UL><LI> startup_stm32h7b0xx.o(RESET)
</UL>
<P><STRONG><a name="[94]"></a>MDIOS_WKUP_IRQHandler</STRONG> (Thumb, 0 bytes, Stack size 0 bytes, startup_stm32h7b0xx.o(.text))
<BR>[Address Reference Count : 1]<UL><LI> startup_stm32h7b0xx.o(RESET)
</UL>
<P><STRONG><a name="[97]"></a>MDMA_IRQHandler</STRONG> (Thumb, 0 bytes, Stack size 0 bytes, startup_stm32h7b0xx.o(.text))
<BR>[Address Reference Count : 1]<UL><LI> startup_stm32h7b0xx.o(RESET)
</UL>
<P><STRONG><a name="[85]"></a>OCTOSPI1_IRQHandler</STRONG> (Thumb, 0 bytes, Stack size 0 bytes, startup_stm32h7b0xx.o(.text))
<BR>[Address Reference Count : 1]<UL><LI> startup_stm32h7b0xx.o(RESET)
</UL>
<P><STRONG><a name="[ae]"></a>OCTOSPI2_IRQHandler</STRONG> (Thumb, 0 bytes, Stack size 0 bytes, startup_stm32h7b0xx.o(.text))
<BR>[Address Reference Count : 1]<UL><LI> startup_stm32h7b0xx.o(RESET)
</UL>
<P><STRONG><a name="[af]"></a>OTFDEC1_IRQHandler</STRONG> (Thumb, 0 bytes, Stack size 0 bytes, startup_stm32h7b0xx.o(.text))
<BR>[Address Reference Count : 1]<UL><LI> startup_stm32h7b0xx.o(RESET)
</UL>
<P><STRONG><a name="[b0]"></a>OTFDEC2_IRQHandler</STRONG> (Thumb, 0 bytes, Stack size 0 bytes, startup_stm32h7b0xx.o(.text))
<BR>[Address Reference Count : 1]<UL><LI> startup_stm32h7b0xx.o(RESET)
</UL>
<P><STRONG><a name="[74]"></a>OTG_HS_EP1_IN_IRQHandler</STRONG> (Thumb, 0 bytes, Stack size 0 bytes, startup_stm32h7b0xx.o(.text))
<BR>[Address Reference Count : 1]<UL><LI> startup_stm32h7b0xx.o(RESET)
</UL>
<P><STRONG><a name="[73]"></a>OTG_HS_EP1_OUT_IRQHandler</STRONG> (Thumb, 0 bytes, Stack size 0 bytes, startup_stm32h7b0xx.o(.text))
<BR>[Address Reference Count : 1]<UL><LI> startup_stm32h7b0xx.o(RESET)
</UL>
<P><STRONG><a name="[76]"></a>OTG_HS_IRQHandler</STRONG> (Thumb, 0 bytes, Stack size 0 bytes, startup_stm32h7b0xx.o(.text))
<BR>[Address Reference Count : 1]<UL><LI> startup_stm32h7b0xx.o(RESET)
</UL>
<P><STRONG><a name="[75]"></a>OTG_HS_WKUP_IRQHandler</STRONG> (Thumb, 0 bytes, Stack size 0 bytes, startup_stm32h7b0xx.o(.text))
<BR>[Address Reference Count : 1]<UL><LI> startup_stm32h7b0xx.o(RESET)
</UL>
<P><STRONG><a name="[2c]"></a>PVD_PVM_IRQHandler</STRONG> (Thumb, 0 bytes, Stack size 0 bytes, startup_stm32h7b0xx.o(.text))
<BR>[Address Reference Count : 1]<UL><LI> startup_stm32h7b0xx.o(RESET)
</UL>
<P><STRONG><a name="[30]"></a>RCC_IRQHandler</STRONG> (Thumb, 0 bytes, Stack size 0 bytes, startup_stm32h7b0xx.o(.text))
<BR>[Address Reference Count : 1]<UL><LI> startup_stm32h7b0xx.o(RESET)
</UL>
<P><STRONG><a name="[54]"></a>RTC_Alarm_IRQHandler</STRONG> (Thumb, 0 bytes, Stack size 0 bytes, startup_stm32h7b0xx.o(.text))
<BR>[Address Reference Count : 1]<UL><LI> startup_stm32h7b0xx.o(RESET)
</UL>
<P><STRONG><a name="[2d]"></a>RTC_TAMP_STAMP_CSS_LSE_IRQHandler</STRONG> (Thumb, 0 bytes, Stack size 0 bytes, startup_stm32h7b0xx.o(.text))
<BR>[Address Reference Count : 1]<UL><LI> startup_stm32h7b0xx.o(RESET)
</UL>
<P><STRONG><a name="[2e]"></a>RTC_WKUP_IRQHandler</STRONG> (Thumb, 0 bytes, Stack size 0 bytes, startup_stm32h7b0xx.o(.text))
<BR>[Address Reference Count : 1]<UL><LI> startup_stm32h7b0xx.o(RESET)
</UL>
<P><STRONG><a name="[80]"></a>SAI1_IRQHandler</STRONG> (Thumb, 0 bytes, Stack size 0 bytes, startup_stm32h7b0xx.o(.text))
<BR>[Address Reference Count : 1]<UL><LI> startup_stm32h7b0xx.o(RESET)
</UL>
<P><STRONG><a name="[98]"></a>SDMMC2_IRQHandler</STRONG> (Thumb, 0 bytes, Stack size 0 bytes, startup_stm32h7b0xx.o(.text))
<BR>[Address Reference Count : 1]<UL><LI> startup_stm32h7b0xx.o(RESET)
</UL>
<P><STRONG><a name="[8a]"></a>SPDIF_RX_IRQHandler</STRONG> (Thumb, 0 bytes, Stack size 0 bytes, startup_stm32h7b0xx.o(.text))
<BR>[Address Reference Count : 1]<UL><LI> startup_stm32h7b0xx.o(RESET)
</UL>
<P><STRONG><a name="[4e]"></a>SPI1_IRQHandler</STRONG> (Thumb, 0 bytes, Stack size 0 bytes, startup_stm32h7b0xx.o(.text))
<BR>[Address Reference Count : 1]<UL><LI> startup_stm32h7b0xx.o(RESET)
</UL>
<P><STRONG><a name="[4f]"></a>SPI2_IRQHandler</STRONG> (Thumb, 0 bytes, Stack size 0 bytes, startup_stm32h7b0xx.o(.text))
<BR>[Address Reference Count : 1]<UL><LI> startup_stm32h7b0xx.o(RESET)
</UL>
<P><STRONG><a name="[5e]"></a>SPI3_IRQHandler</STRONG> (Thumb, 0 bytes, Stack size 0 bytes, startup_stm32h7b0xx.o(.text))
<BR>[Address Reference Count : 1]<UL><LI> startup_stm32h7b0xx.o(RESET)
</UL>
<P><STRONG><a name="[7d]"></a>SPI4_IRQHandler</STRONG> (Thumb, 0 bytes, Stack size 0 bytes, startup_stm32h7b0xx.o(.text))
<BR>[Address Reference Count : 1]<UL><LI> startup_stm32h7b0xx.o(RESET)
</UL>
<P><STRONG><a name="[7e]"></a>SPI5_IRQHandler</STRONG> (Thumb, 0 bytes, Stack size 0 bytes, startup_stm32h7b0xx.o(.text))
<BR>[Address Reference Count : 1]<UL><LI> startup_stm32h7b0xx.o(RESET)
</UL>
<P><STRONG><a name="[7f]"></a>SPI6_IRQHandler</STRONG> (Thumb, 0 bytes, Stack size 0 bytes, startup_stm32h7b0xx.o(.text))
<BR>[Address Reference Count : 1]<UL><LI> startup_stm32h7b0xx.o(RESET)
</UL>
<P><STRONG><a name="[90]"></a>SWPMI1_IRQHandler</STRONG> (Thumb, 0 bytes, Stack size 0 bytes, startup_stm32h7b0xx.o(.text))
<BR>[Address Reference Count : 1]<UL><LI> startup_stm32h7b0xx.o(RESET)
</UL>
<P><STRONG><a name="[91]"></a>TIM15_IRQHandler</STRONG> (Thumb, 0 bytes, Stack size 0 bytes, startup_stm32h7b0xx.o(.text))
<BR>[Address Reference Count : 1]<UL><LI> startup_stm32h7b0xx.o(RESET)
</UL>
<P><STRONG><a name="[92]"></a>TIM16_IRQHandler</STRONG> (Thumb, 0 bytes, Stack size 0 bytes, startup_stm32h7b0xx.o(.text))
<BR>[Address Reference Count : 1]<UL><LI> startup_stm32h7b0xx.o(RESET)
</UL>
<P><STRONG><a name="[93]"></a>TIM17_IRQHandler</STRONG> (Thumb, 0 bytes, Stack size 0 bytes, startup_stm32h7b0xx.o(.text))
<BR>[Address Reference Count : 1]<UL><LI> startup_stm32h7b0xx.o(RESET)
</UL>
<P><STRONG><a name="[43]"></a>TIM1_BRK_IRQHandler</STRONG> (Thumb, 0 bytes, Stack size 0 bytes, startup_stm32h7b0xx.o(.text))
<BR>[Address Reference Count : 1]<UL><LI> startup_stm32h7b0xx.o(RESET)
</UL>
<P><STRONG><a name="[46]"></a>TIM1_CC_IRQHandler</STRONG> (Thumb, 0 bytes, Stack size 0 bytes, startup_stm32h7b0xx.o(.text))
<BR>[Address Reference Count : 1]<UL><LI> startup_stm32h7b0xx.o(RESET)
</UL>
<P><STRONG><a name="[45]"></a>TIM1_TRG_COM_IRQHandler</STRONG> (Thumb, 0 bytes, Stack size 0 bytes, startup_stm32h7b0xx.o(.text))
<BR>[Address Reference Count : 1]<UL><LI> startup_stm32h7b0xx.o(RESET)
</UL>
<P><STRONG><a name="[44]"></a>TIM1_UP_IRQHandler</STRONG> (Thumb, 0 bytes, Stack size 0 bytes, startup_stm32h7b0xx.o(.text))
<BR>[Address Reference Count : 1]<UL><LI> startup_stm32h7b0xx.o(RESET)
</UL>
<P><STRONG><a name="[47]"></a>TIM2_IRQHandler</STRONG> (Thumb, 0 bytes, Stack size 0 bytes, startup_stm32h7b0xx.o(.text))
<BR>[Address Reference Count : 1]<UL><LI> startup_stm32h7b0xx.o(RESET)
</UL>
<P><STRONG><a name="[48]"></a>TIM3_IRQHandler</STRONG> (Thumb, 0 bytes, Stack size 0 bytes, startup_stm32h7b0xx.o(.text))
<BR>[Address Reference Count : 1]<UL><LI> startup_stm32h7b0xx.o(RESET)
</UL>
<P><STRONG><a name="[49]"></a>TIM4_IRQHandler</STRONG> (Thumb, 0 bytes, Stack size 0 bytes, startup_stm32h7b0xx.o(.text))
<BR>[Address Reference Count : 1]<UL><LI> startup_stm32h7b0xx.o(RESET)
</UL>
<P><STRONG><a name="[5d]"></a>TIM5_IRQHandler</STRONG> (Thumb, 0 bytes, Stack size 0 bytes, startup_stm32h7b0xx.o(.text))
<BR>[Address Reference Count : 1]<UL><LI> startup_stm32h7b0xx.o(RESET)
</UL>
<P><STRONG><a name="[61]"></a>TIM6_DAC_IRQHandler</STRONG> (Thumb, 0 bytes, Stack size 0 bytes, startup_stm32h7b0xx.o(.text))
<BR>[Address Reference Count : 1]<UL><LI> startup_stm32h7b0xx.o(RESET)
</UL>
<P><STRONG><a name="[62]"></a>TIM7_IRQHandler</STRONG> (Thumb, 0 bytes, Stack size 0 bytes, startup_stm32h7b0xx.o(.text))
<BR>[Address Reference Count : 1]<UL><LI> startup_stm32h7b0xx.o(RESET)
</UL>
<P><STRONG><a name="[56]"></a>TIM8_BRK_TIM12_IRQHandler</STRONG> (Thumb, 0 bytes, Stack size 0 bytes, startup_stm32h7b0xx.o(.text))
<BR>[Address Reference Count : 1]<UL><LI> startup_stm32h7b0xx.o(RESET)
</UL>
<P><STRONG><a name="[59]"></a>TIM8_CC_IRQHandler</STRONG> (Thumb, 0 bytes, Stack size 0 bytes, startup_stm32h7b0xx.o(.text))
<BR>[Address Reference Count : 1]<UL><LI> startup_stm32h7b0xx.o(RESET)
</UL>
<P><STRONG><a name="[58]"></a>TIM8_TRG_COM_TIM14_IRQHandler</STRONG> (Thumb, 0 bytes, Stack size 0 bytes, startup_stm32h7b0xx.o(.text))
<BR>[Address Reference Count : 1]<UL><LI> startup_stm32h7b0xx.o(RESET)
</UL>
<P><STRONG><a name="[57]"></a>TIM8_UP_TIM13_IRQHandler</STRONG> (Thumb, 0 bytes, Stack size 0 bytes, startup_stm32h7b0xx.o(.text))
<BR>[Address Reference Count : 1]<UL><LI> startup_stm32h7b0xx.o(RESET)
</UL>
<P><STRONG><a name="[5f]"></a>UART4_IRQHandler</STRONG> (Thumb, 0 bytes, Stack size 0 bytes, startup_stm32h7b0xx.o(.text))
<BR>[Address Reference Count : 1]<UL><LI> startup_stm32h7b0xx.o(RESET)
</UL>
<P><STRONG><a name="[60]"></a>UART5_IRQHandler</STRONG> (Thumb, 0 bytes, Stack size 0 bytes, startup_stm32h7b0xx.o(.text))
<BR>[Address Reference Count : 1]<UL><LI> startup_stm32h7b0xx.o(RESET)
</UL>
<P><STRONG><a name="[7b]"></a>UART7_IRQHandler</STRONG> (Thumb, 0 bytes, Stack size 0 bytes, startup_stm32h7b0xx.o(.text))
<BR>[Address Reference Count : 1]<UL><LI> startup_stm32h7b0xx.o(RESET)
</UL>
<P><STRONG><a name="[7c]"></a>UART8_IRQHandler</STRONG> (Thumb, 0 bytes, Stack size 0 bytes, startup_stm32h7b0xx.o(.text))
<BR>[Address Reference Count : 1]<UL><LI> startup_stm32h7b0xx.o(RESET)
</UL>
<P><STRONG><a name="[a7]"></a>UART9_IRQHandler</STRONG> (Thumb, 0 bytes, Stack size 0 bytes, startup_stm32h7b0xx.o(.text))
<BR>[Address Reference Count : 1]<UL><LI> startup_stm32h7b0xx.o(RESET)
</UL>
<P><STRONG><a name="[a8]"></a>USART10_IRQHandler</STRONG> (Thumb, 0 bytes, Stack size 0 bytes, startup_stm32h7b0xx.o(.text))
<BR>[Address Reference Count : 1]<UL><LI> startup_stm32h7b0xx.o(RESET)
</UL>
<P><STRONG><a name="[50]"></a>USART1_IRQHandler</STRONG> (Thumb, 0 bytes, Stack size 0 bytes, startup_stm32h7b0xx.o(.text))
<BR>[Address Reference Count : 1]<UL><LI> startup_stm32h7b0xx.o(RESET)
</UL>
<P><STRONG><a name="[51]"></a>USART2_IRQHandler</STRONG> (Thumb, 0 bytes, Stack size 0 bytes, startup_stm32h7b0xx.o(.text))
<BR>[Address Reference Count : 1]<UL><LI> startup_stm32h7b0xx.o(RESET)
</UL>
<P><STRONG><a name="[52]"></a>USART3_IRQHandler</STRONG> (Thumb, 0 bytes, Stack size 0 bytes, startup_stm32h7b0xx.o(.text))
<BR>[Address Reference Count : 1]<UL><LI> startup_stm32h7b0xx.o(RESET)
</UL>
<P><STRONG><a name="[70]"></a>USART6_IRQHandler</STRONG> (Thumb, 0 bytes, Stack size 0 bytes, startup_stm32h7b0xx.o(.text))
<BR>[Address Reference Count : 1]<UL><LI> startup_stm32h7b0xx.o(RESET)
</UL>
<P><STRONG><a name="[ad]"></a>WAKEUP_PIN_IRQHandler</STRONG> (Thumb, 0 bytes, Stack size 0 bytes, startup_stm32h7b0xx.o(.text))
<BR>[Address Reference Count : 1]<UL><LI> startup_stm32h7b0xx.o(RESET)
</UL>
<P><STRONG><a name="[2b]"></a>WWDG_IRQHandler</STRONG> (Thumb, 0 bytes, Stack size 0 bytes, startup_stm32h7b0xx.o(.text))
<BR>[Address Reference Count : 1]<UL><LI> startup_stm32h7b0xx.o(RESET)
</UL>
<P><STRONG><a name="[cf]"></a>__aeabi_uldivmod</STRONG> (Thumb, 98 bytes, Stack size 0 bytes, uldiv.o(.text))
<BR><BR>[Calls]<UL><LI><a href="#[d0]">&gt;&gt;</a>&nbsp;&nbsp;&nbsp;__aeabi_llsr
<LI><a href="#[d1]">&gt;&gt;</a>&nbsp;&nbsp;&nbsp;__aeabi_llsl
</UL>
<BR>[Called By]<UL><LI><a href="#[189]">&gt;&gt;</a>&nbsp;&nbsp;&nbsp;UART_SetConfig
<LI><a href="#[1ce]">&gt;&gt;</a>&nbsp;&nbsp;&nbsp;_printf_core
<LI><a href="#[1d0]">&gt;&gt;</a>&nbsp;&nbsp;&nbsp;_fp_digits
</UL>

<P><STRONG><a name="[1e4]"></a>__aeabi_memcpy</STRONG> (Thumb, 36 bytes, Stack size 0 bytes, memcpya.o(.text))
<BR><BR>[Called By]<UL><LI><a href="#[235]">&gt;&gt;</a>&nbsp;&nbsp;&nbsp;dev_lcdbus_register
<LI><a href="#[1fd]">&gt;&gt;</a>&nbsp;&nbsp;&nbsp;bus_spich_register
<LI><a href="#[1f5]">&gt;&gt;</a>&nbsp;&nbsp;&nbsp;bus_spi_register
<LI><a href="#[1e2]">&gt;&gt;</a>&nbsp;&nbsp;&nbsp;bus_i2c_register
<LI><a href="#[229]">&gt;&gt;</a>&nbsp;&nbsp;&nbsp;dev_lcd_put_string
<LI><a href="#[1f4]">&gt;&gt;</a>&nbsp;&nbsp;&nbsp;bus_lcd_write_data
<LI><a href="#[230]">&gt;&gt;</a>&nbsp;&nbsp;&nbsp;font_getdot
<LI><a href="#[28c]">&gt;&gt;</a>&nbsp;&nbsp;&nbsp;prvCopyDataToQueue
<LI><a href="#[28b]">&gt;&gt;</a>&nbsp;&nbsp;&nbsp;prvCopyDataFromQueue
</UL>

<P><STRONG><a name="[134]"></a>__aeabi_memcpy4</STRONG> (Thumb, 0 bytes, Stack size 0 bytes, memcpya.o(.text))
<BR><BR>[Called By]<UL><LI><a href="#[133]">&gt;&gt;</a>&nbsp;&nbsp;&nbsp;HAL_LTDC_ConfigLayer
<LI><a href="#[233]">&gt;&gt;</a>&nbsp;&nbsp;&nbsp;dev_lcd_register
<LI><a href="#[2ad]">&gt;&gt;</a>&nbsp;&nbsp;&nbsp;ts_set_cal
</UL>

<P><STRONG><a name="[d3]"></a>__aeabi_memset</STRONG> (Thumb, 14 bytes, Stack size 0 bytes, memseta.o(.text))
<BR><BR>[Called By]<UL><LI><a href="#[0]">&gt;&gt;</a>&nbsp;&nbsp;&nbsp;drv_ST7565_init
<LI><a href="#[293]">&gt;&gt;</a>&nbsp;&nbsp;&nbsp;prvInitialiseNewTask
<LI><a href="#[d4]">&gt;&gt;</a>&nbsp;&nbsp;&nbsp;memset
<LI><a href="#[d2]">&gt;&gt;</a>&nbsp;&nbsp;&nbsp;__aeabi_memclr
</UL>

<P><STRONG><a name="[d2]"></a>__aeabi_memclr</STRONG> (Thumb, 4 bytes, Stack size 0 bytes, memseta.o(.text))
<BR><BR>[Calls]<UL><LI><a href="#[d3]">&gt;&gt;</a>&nbsp;&nbsp;&nbsp;__aeabi_memset
</UL>
<BR>[Called By]<UL><LI><a href="#[16]">&gt;&gt;</a>&nbsp;&nbsp;&nbsp;drv_IL3820_init
<LI><a href="#[a]">&gt;&gt;</a>&nbsp;&nbsp;&nbsp;drv_ssd1615_init
</UL>

<P><STRONG><a name="[111]"></a>__aeabi_memclr4</STRONG> (Thumb, 0 bytes, Stack size 0 bytes, memseta.o(.text))
<BR><BR>[Called By]<UL><LI><a href="#[188]">&gt;&gt;</a>&nbsp;&nbsp;&nbsp;HAL_UART_MspInit
<LI><a href="#[17e]">&gt;&gt;</a>&nbsp;&nbsp;&nbsp;HAL_SPI_MspInit
<LI><a href="#[153]">&gt;&gt;</a>&nbsp;&nbsp;&nbsp;HAL_RTC_MspInit
<LI><a href="#[13f]">&gt;&gt;</a>&nbsp;&nbsp;&nbsp;HAL_OSPI_MspInit
<LI><a href="#[137]">&gt;&gt;</a>&nbsp;&nbsp;&nbsp;HAL_LTDC_MspInit
<LI><a href="#[11c]">&gt;&gt;</a>&nbsp;&nbsp;&nbsp;HAL_DCMI_MspInit
<LI><a href="#[110]">&gt;&gt;</a>&nbsp;&nbsp;&nbsp;HAL_ADC_MspInit
<LI><a href="#[1c8]">&gt;&gt;</a>&nbsp;&nbsp;&nbsp;SystemClock_Config
<LI><a href="#[197]">&gt;&gt;</a>&nbsp;&nbsp;&nbsp;MX_OCTOSPI1_Init
<LI><a href="#[198]">&gt;&gt;</a>&nbsp;&nbsp;&nbsp;MX_RTC_Init
<LI><a href="#[196]">&gt;&gt;</a>&nbsp;&nbsp;&nbsp;MX_GPIO_Init
<LI><a href="#[194]">&gt;&gt;</a>&nbsp;&nbsp;&nbsp;MX_ADC2_Init
<LI><a href="#[15b]">&gt;&gt;</a>&nbsp;&nbsp;&nbsp;SD_HighSpeed
<LI><a href="#[2b8]">&gt;&gt;</a>&nbsp;&nbsp;&nbsp;vfs_get_dir_name
<LI><a href="#[1da]">&gt;&gt;</a>&nbsp;&nbsp;&nbsp;lcd_reset
<LI><a href="#[18e]">&gt;&gt;</a>&nbsp;&nbsp;&nbsp;LCD_Config
<LI><a href="#[2ac]">&gt;&gt;</a>&nbsp;&nbsp;&nbsp;ts_open
<LI><a href="#[eb]">&gt;&gt;</a>&nbsp;&nbsp;&nbsp;SD_MspInit
<LI><a href="#[20f]">&gt;&gt;</a>&nbsp;&nbsp;&nbsp;mcu_io_config_in
<LI><a href="#[205]">&gt;&gt;</a>&nbsp;&nbsp;&nbsp;mcu_vi2c_io_config_out
<LI><a href="#[20a]">&gt;&gt;</a>&nbsp;&nbsp;&nbsp;mcu_vi2c_io_config_in
<LI><a href="#[1f7]">&gt;&gt;</a>&nbsp;&nbsp;&nbsp;mcu_hspi_init
<LI><a href="#[1e9]">&gt;&gt;</a>&nbsp;&nbsp;&nbsp;mcu_io_config_out
</UL>

<P><STRONG><a name="[d4]"></a>memset</STRONG> (Thumb, 18 bytes, Stack size 0 bytes, memseta.o(.text), UNUSED)
<BR><BR>[Calls]<UL><LI><a href="#[d3]">&gt;&gt;</a>&nbsp;&nbsp;&nbsp;__aeabi_memset
</UL>

<P><STRONG><a name="[104]"></a>strlen</STRONG> (Thumb, 14 bytes, Stack size 0 bytes, strlen.o(.text))
<BR><BR>[Called By]<UL><LI><a href="#[2b8]">&gt;&gt;</a>&nbsp;&nbsp;&nbsp;vfs_get_dir_name
<LI><a href="#[102]">&gt;&gt;</a>&nbsp;&nbsp;&nbsp;FatFs_FileTest
<LI><a href="#[229]">&gt;&gt;</a>&nbsp;&nbsp;&nbsp;dev_lcd_put_string
</UL>

<P><STRONG><a name="[1d6]"></a>strcmp</STRONG> (Thumb, 28 bytes, Stack size 0 bytes, strcmp.o(.text))
<BR><BR>[Called By]<UL><LI><a href="#[25b]">&gt;&gt;</a>&nbsp;&nbsp;&nbsp;vfs_open
<LI><a href="#[235]">&gt;&gt;</a>&nbsp;&nbsp;&nbsp;dev_lcdbus_register
<LI><a href="#[233]">&gt;&gt;</a>&nbsp;&nbsp;&nbsp;dev_lcd_register
<LI><a href="#[1fd]">&gt;&gt;</a>&nbsp;&nbsp;&nbsp;bus_spich_register
<LI><a href="#[1f5]">&gt;&gt;</a>&nbsp;&nbsp;&nbsp;bus_spi_register
<LI><a href="#[1e2]">&gt;&gt;</a>&nbsp;&nbsp;&nbsp;bus_i2c_register
<LI><a href="#[227]">&gt;&gt;</a>&nbsp;&nbsp;&nbsp;dev_lcd_open
<LI><a href="#[1f0]">&gt;&gt;</a>&nbsp;&nbsp;&nbsp;bus_spich_open
<LI><a href="#[1ef]">&gt;&gt;</a>&nbsp;&nbsp;&nbsp;bus_lcd_open
<LI><a href="#[19e]">&gt;&gt;</a>&nbsp;&nbsp;&nbsp;bus_i2c_open
<LI><a href="#[22e]">&gt;&gt;</a>&nbsp;&nbsp;&nbsp;font_find_font
<LI><a href="#[1d5]">&gt;&gt;</a>&nbsp;&nbsp;&nbsp;audio_pipe_close
</UL>

<P><STRONG><a name="[2b9]"></a>strcpy</STRONG> (Thumb, 18 bytes, Stack size 0 bytes, strcpy.o(.text))
<BR><BR>[Called By]<UL><LI><a href="#[2b8]">&gt;&gt;</a>&nbsp;&nbsp;&nbsp;vfs_get_dir_name
</UL>

<P><STRONG><a name="[1d4]"></a>__aeabi_uidivmod</STRONG> (Thumb, 44 bytes, Stack size 0 bytes, uidiv.o(.text), UNUSED)
<BR><BR>[Called By]<UL><LI><a href="#[1ce]">&gt;&gt;</a>&nbsp;&nbsp;&nbsp;_printf_core
</UL>

<P><STRONG><a name="[d1]"></a>__aeabi_llsl</STRONG> (Thumb, 30 bytes, Stack size 0 bytes, llshl.o(.text))
<BR><BR>[Called By]<UL><LI><a href="#[d7]">&gt;&gt;</a>&nbsp;&nbsp;&nbsp;_double_epilogue
<LI><a href="#[d5]">&gt;&gt;</a>&nbsp;&nbsp;&nbsp;__aeabi_dadd
<LI><a href="#[dd]">&gt;&gt;</a>&nbsp;&nbsp;&nbsp;__aeabi_d2ulz
<LI><a href="#[cf]">&gt;&gt;</a>&nbsp;&nbsp;&nbsp;__aeabi_uldivmod
</UL>

<P><STRONG><a name="[d0]"></a>__aeabi_llsr</STRONG> (Thumb, 32 bytes, Stack size 0 bytes, llushr.o(.text))
<BR><BR>[Called By]<UL><LI><a href="#[d7]">&gt;&gt;</a>&nbsp;&nbsp;&nbsp;_double_epilogue
<LI><a href="#[dd]">&gt;&gt;</a>&nbsp;&nbsp;&nbsp;__aeabi_d2ulz
<LI><a href="#[cf]">&gt;&gt;</a>&nbsp;&nbsp;&nbsp;__aeabi_uldivmod
</UL>

<P><STRONG><a name="[d5]"></a>__aeabi_dadd</STRONG> (Thumb, 322 bytes, Stack size 0 bytes, dadd.o(.text), UNUSED)
<BR><BR>[Calls]<UL><LI><a href="#[d6]">&gt;&gt;</a>&nbsp;&nbsp;&nbsp;__aeabi_lasr
<LI><a href="#[d8]">&gt;&gt;</a>&nbsp;&nbsp;&nbsp;_double_round
<LI><a href="#[d7]">&gt;&gt;</a>&nbsp;&nbsp;&nbsp;_double_epilogue
<LI><a href="#[d1]">&gt;&gt;</a>&nbsp;&nbsp;&nbsp;__aeabi_llsl
</UL>
<BR>[Called By]<UL><LI><a href="#[da]">&gt;&gt;</a>&nbsp;&nbsp;&nbsp;__aeabi_drsub
<LI><a href="#[d9]">&gt;&gt;</a>&nbsp;&nbsp;&nbsp;__aeabi_dsub
<LI><a href="#[1d0]">&gt;&gt;</a>&nbsp;&nbsp;&nbsp;_fp_digits
</UL>

<P><STRONG><a name="[d9]"></a>__aeabi_dsub</STRONG> (Thumb, 6 bytes, Stack size 0 bytes, dadd.o(.text), UNUSED)
<BR><BR>[Calls]<UL><LI><a href="#[d5]">&gt;&gt;</a>&nbsp;&nbsp;&nbsp;__aeabi_dadd
</UL>

<P><STRONG><a name="[da]"></a>__aeabi_drsub</STRONG> (Thumb, 6 bytes, Stack size 0 bytes, dadd.o(.text), UNUSED)
<BR><BR>[Calls]<UL><LI><a href="#[d5]">&gt;&gt;</a>&nbsp;&nbsp;&nbsp;__aeabi_dadd
</UL>

<P><STRONG><a name="[db]"></a>__aeabi_dmul</STRONG> (Thumb, 228 bytes, Stack size 0 bytes, dmul.o(.text), UNUSED)
<BR><BR>[Calls]<UL><LI><a href="#[d7]">&gt;&gt;</a>&nbsp;&nbsp;&nbsp;_double_epilogue
</UL>
<BR>[Called By]<UL><LI><a href="#[1d0]">&gt;&gt;</a>&nbsp;&nbsp;&nbsp;_fp_digits
</UL>

<P><STRONG><a name="[dc]"></a>__aeabi_ddiv</STRONG> (Thumb, 222 bytes, Stack size 0 bytes, ddiv.o(.text), UNUSED)
<BR><BR>[Calls]<UL><LI><a href="#[d8]">&gt;&gt;</a>&nbsp;&nbsp;&nbsp;_double_round
</UL>
<BR>[Called By]<UL><LI><a href="#[1d0]">&gt;&gt;</a>&nbsp;&nbsp;&nbsp;_fp_digits
</UL>

<P><STRONG><a name="[dd]"></a>__aeabi_d2ulz</STRONG> (Thumb, 48 bytes, Stack size 0 bytes, dfixul.o(.text), UNUSED)
<BR><BR>[Calls]<UL><LI><a href="#[d0]">&gt;&gt;</a>&nbsp;&nbsp;&nbsp;__aeabi_llsr
<LI><a href="#[d1]">&gt;&gt;</a>&nbsp;&nbsp;&nbsp;__aeabi_llsl
</UL>
<BR>[Called By]<UL><LI><a href="#[1d0]">&gt;&gt;</a>&nbsp;&nbsp;&nbsp;_fp_digits
</UL>

<P><STRONG><a name="[1d1]"></a>__aeabi_cdrcmple</STRONG> (Thumb, 48 bytes, Stack size 0 bytes, cdrcmple.o(.text), UNUSED)
<BR><BR>[Called By]<UL><LI><a href="#[1d0]">&gt;&gt;</a>&nbsp;&nbsp;&nbsp;_fp_digits
</UL>

<P><STRONG><a name="[cd]"></a>__scatterload</STRONG> (Thumb, 28 bytes, Stack size 0 bytes, init.o(.text))
<BR><BR>[Calls]<UL><LI><a href="#[de]">&gt;&gt;</a>&nbsp;&nbsp;&nbsp;__main_after_scatterload
</UL>
<BR>[Called By]<UL><LI><a href="#[cc]">&gt;&gt;</a>&nbsp;&nbsp;&nbsp;_main_scatterload
</UL>

<P><STRONG><a name="[d6]"></a>__aeabi_lasr</STRONG> (Thumb, 36 bytes, Stack size 0 bytes, llsshr.o(.text), UNUSED)
<BR><BR>[Called By]<UL><LI><a href="#[d5]">&gt;&gt;</a>&nbsp;&nbsp;&nbsp;__aeabi_dadd
</UL>

<P><STRONG><a name="[d8]"></a>_double_round</STRONG> (Thumb, 30 bytes, Stack size 0 bytes, depilogue.o(.text), UNUSED)
<BR><BR>[Called By]<UL><LI><a href="#[d7]">&gt;&gt;</a>&nbsp;&nbsp;&nbsp;_double_epilogue
<LI><a href="#[dc]">&gt;&gt;</a>&nbsp;&nbsp;&nbsp;__aeabi_ddiv
<LI><a href="#[d5]">&gt;&gt;</a>&nbsp;&nbsp;&nbsp;__aeabi_dadd
</UL>

<P><STRONG><a name="[d7]"></a>_double_epilogue</STRONG> (Thumb, 156 bytes, Stack size 0 bytes, depilogue.o(.text), UNUSED)
<BR><BR>[Calls]<UL><LI><a href="#[d8]">&gt;&gt;</a>&nbsp;&nbsp;&nbsp;_double_round
<LI><a href="#[d0]">&gt;&gt;</a>&nbsp;&nbsp;&nbsp;__aeabi_llsr
<LI><a href="#[d1]">&gt;&gt;</a>&nbsp;&nbsp;&nbsp;__aeabi_llsl
</UL>
<BR>[Called By]<UL><LI><a href="#[db]">&gt;&gt;</a>&nbsp;&nbsp;&nbsp;__aeabi_dmul
<LI><a href="#[d5]">&gt;&gt;</a>&nbsp;&nbsp;&nbsp;__aeabi_dadd
</UL>

<P><STRONG><a name="[df]"></a>ADC_ConfigureBoostMode</STRONG> (Thumb, 182 bytes, Stack size 0 bytes, stm32h7xx_hal_adc.o(i.ADC_ConfigureBoostMode))
<BR><BR>[Calls]<UL><LI><a href="#[e1]">&gt;&gt;</a>&nbsp;&nbsp;&nbsp;HAL_RCCEx_GetPeriphCLKFreq
<LI><a href="#[e0]">&gt;&gt;</a>&nbsp;&nbsp;&nbsp;HAL_RCC_GetHCLKFreq
</UL>
<BR>[Called By]<UL><LI><a href="#[10f]">&gt;&gt;</a>&nbsp;&nbsp;&nbsp;HAL_ADC_Init
</UL>

<P><STRONG><a name="[e2]"></a>ADC_Enable</STRONG> (Thumb, 140 bytes, Stack size 0 bytes, stm32h7xx_hal_adc.o(i.ADC_Enable))
<BR><BR>[Calls]<UL><LI><a href="#[e4]">&gt;&gt;</a>&nbsp;&nbsp;&nbsp;HAL_GetTick
<LI><a href="#[e3]">&gt;&gt;</a>&nbsp;&nbsp;&nbsp;LL_ADC_IsEnabled
</UL>
<BR>[Called By]<UL><LI><a href="#[116]">&gt;&gt;</a>&nbsp;&nbsp;&nbsp;HAL_ADC_Start
</UL>

<P><STRONG><a name="[e5]"></a>BSP_SD_GetCardInfo</STRONG> (Thumb, 26 bytes, Stack size 0 bytes, sdmmc_sd.o(i.BSP_SD_GetCardInfo))
<BR><BR>[Calls]<UL><LI><a href="#[e6]">&gt;&gt;</a>&nbsp;&nbsp;&nbsp;HAL_SD_GetCardInfo
</UL>
<BR>[Called By]<UL><LI><a href="#[cb]">&gt;&gt;</a>&nbsp;&nbsp;&nbsp;SD_ioctl
</UL>

<P><STRONG><a name="[e7]"></a>BSP_SD_GetCardState</STRONG> (Thumb, 28 bytes, Stack size 0 bytes, sdmmc_sd.o(i.BSP_SD_GetCardState))
<BR><BR>[Calls]<UL><LI><a href="#[e8]">&gt;&gt;</a>&nbsp;&nbsp;&nbsp;HAL_SD_GetCardState
</UL>
<BR>[Called By]<UL><LI><a href="#[ca]">&gt;&gt;</a>&nbsp;&nbsp;&nbsp;SD_write
<LI><a href="#[c9]">&gt;&gt;</a>&nbsp;&nbsp;&nbsp;SD_read
<LI><a href="#[1c1]">&gt;&gt;</a>&nbsp;&nbsp;&nbsp;SD_CheckStatus
</UL>

<P><STRONG><a name="[e9]"></a>BSP_SD_Init</STRONG> (Thumb, 72 bytes, Stack size 0 bytes, sdmmc_sd.o(i.BSP_SD_Init))
<BR><BR>[Calls]<UL><LI><a href="#[ed]">&gt;&gt;</a>&nbsp;&nbsp;&nbsp;HAL_SD_ConfigWideBusOperation
<LI><a href="#[ee]">&gt;&gt;</a>&nbsp;&nbsp;&nbsp;HAL_SD_ConfigSpeedBusOperation
<LI><a href="#[ec]">&gt;&gt;</a>&nbsp;&nbsp;&nbsp;MX_SDMMC1_SD_Init
<LI><a href="#[ea]">&gt;&gt;</a>&nbsp;&nbsp;&nbsp;BSP_SD_IsDetected
<LI><a href="#[eb]">&gt;&gt;</a>&nbsp;&nbsp;&nbsp;SD_MspInit
</UL>
<BR>[Called By]<UL><LI><a href="#[c7]">&gt;&gt;</a>&nbsp;&nbsp;&nbsp;SD_initialize
</UL>

<P><STRONG><a name="[ea]"></a>BSP_SD_IsDetected</STRONG> (Thumb, 12 bytes, Stack size 0 bytes, sdmmc_sd.o(i.BSP_SD_IsDetected))
<BR><BR>[Called By]<UL><LI><a href="#[e9]">&gt;&gt;</a>&nbsp;&nbsp;&nbsp;BSP_SD_Init
</UL>

<P><STRONG><a name="[ef]"></a>BSP_SD_ReadBlocks</STRONG> (Thumb, 40 bytes, Stack size 0 bytes, sdmmc_sd.o(i.BSP_SD_ReadBlocks))
<BR><BR>[Calls]<UL><LI><a href="#[f0]">&gt;&gt;</a>&nbsp;&nbsp;&nbsp;HAL_SD_ReadBlocks
</UL>
<BR>[Called By]<UL><LI><a href="#[c9]">&gt;&gt;</a>&nbsp;&nbsp;&nbsp;SD_read
</UL>

<P><STRONG><a name="[179]"></a>BSP_SD_ReadCpltCallback</STRONG> (Thumb, 2 bytes, Stack size 0 bytes, sdmmc_sd.o(i.BSP_SD_ReadCpltCallback))
<BR><BR>[Called By]<UL><LI><a href="#[16a]">&gt;&gt;</a>&nbsp;&nbsp;&nbsp;HAL_SD_RxCpltCallback
</UL>

<P><STRONG><a name="[f1]"></a>BSP_SD_WriteBlocks</STRONG> (Thumb, 40 bytes, Stack size 0 bytes, sdmmc_sd.o(i.BSP_SD_WriteBlocks))
<BR><BR>[Calls]<UL><LI><a href="#[f2]">&gt;&gt;</a>&nbsp;&nbsp;&nbsp;HAL_SD_WriteBlocks
</UL>
<BR>[Called By]<UL><LI><a href="#[ca]">&gt;&gt;</a>&nbsp;&nbsp;&nbsp;SD_write
</UL>

<P><STRONG><a name="[17a]"></a>BSP_SD_WriteCpltCallback</STRONG> (Thumb, 2 bytes, Stack size 0 bytes, sdmmc_sd.o(i.BSP_SD_WriteCpltCallback))
<BR><BR>[Called By]<UL><LI><a href="#[169]">&gt;&gt;</a>&nbsp;&nbsp;&nbsp;HAL_SD_TxCpltCallback
</UL>

<P><STRONG><a name="[25]"></a>BusFault_Handler</STRONG> (Thumb, 8 bytes, Stack size 0 bytes, stm32h7xx_it.o(i.BusFault_Handler))
<BR><BR>[Calls]<UL><LI><a href="#[f3]">&gt;&gt;</a>&nbsp;&nbsp;&nbsp;uart_printf
</UL>
<BR>[Address Reference Count : 1]<UL><LI> startup_stm32h7b0xx.o(RESET)
</UL>
<P><STRONG><a name="[77]"></a>DCMI_PSSI_IRQHandler</STRONG> (Thumb, 6 bytes, Stack size 0 bytes, stm32h7xx_it.o(i.DCMI_PSSI_IRQHandler))
<BR><BR>[Calls]<UL><LI><a href="#[f6]">&gt;&gt;</a>&nbsp;&nbsp;&nbsp;HAL_DCMI_IRQHandler
</UL>
<BR>[Address Reference Count : 1]<UL><LI> startup_stm32h7b0xx.o(RESET)
</UL>
<P><STRONG><a name="[f7]"></a>DCMI_PWDN_RESET_Init</STRONG> (Thumb, 112 bytes, Stack size 0 bytes, board.o(i.DCMI_PWDN_RESET_Init))
<BR><BR>[Calls]<UL><LI><a href="#[fa]">&gt;&gt;</a>&nbsp;&nbsp;&nbsp;HAL_Delay
<LI><a href="#[f8]">&gt;&gt;</a>&nbsp;&nbsp;&nbsp;HAL_GPIO_WritePin
<LI><a href="#[f9]">&gt;&gt;</a>&nbsp;&nbsp;&nbsp;HAL_GPIO_Init
</UL>
<BR>[Called By]<UL><LI><a href="#[1d8]">&gt;&gt;</a>&nbsp;&nbsp;&nbsp;board_init
</UL>

<P><STRONG><a name="[36]"></a>DMA1_Stream0_IRQHandler</STRONG> (Thumb, 6 bytes, Stack size 0 bytes, stm32h7xx_it.o(i.DMA1_Stream0_IRQHandler))
<BR><BR>[Calls]<UL><LI><a href="#[fb]">&gt;&gt;</a>&nbsp;&nbsp;&nbsp;HAL_DMA_IRQHandler
</UL>
<BR>[Address Reference Count : 1]<UL><LI> startup_stm32h7b0xx.o(RESET)
</UL>
<P><STRONG><a name="[3c]"></a>DMA1_Stream6_IRQHandler</STRONG> (Thumb, 6 bytes, Stack size 0 bytes, stm32h7xx_it.o(i.DMA1_Stream6_IRQHandler))
<BR><BR>[Calls]<UL><LI><a href="#[fb]">&gt;&gt;</a>&nbsp;&nbsp;&nbsp;HAL_DMA_IRQHandler
</UL>
<BR>[Address Reference Count : 1]<UL><LI> startup_stm32h7b0xx.o(RESET)
</UL>
<P><STRONG><a name="[83]"></a>DMA2D_IRQHandler</STRONG> (Thumb, 6 bytes, Stack size 0 bytes, stm32h7xx_it.o(i.DMA2D_IRQHandler))
<BR><BR>[Calls]<UL><LI><a href="#[fc]">&gt;&gt;</a>&nbsp;&nbsp;&nbsp;HAL_DMA2D_IRQHandler
</UL>
<BR>[Address Reference Count : 1]<UL><LI> startup_stm32h7b0xx.o(RESET)
</UL>
<P><STRONG><a name="[6e]"></a>DMA2_Stream6_IRQHandler</STRONG> (Thumb, 10 bytes, Stack size 0 bytes, stm32h7xx_it.o(i.DMA2_Stream6_IRQHandler))
<BR><BR>[Calls]<UL><LI><a href="#[fb]">&gt;&gt;</a>&nbsp;&nbsp;&nbsp;HAL_DMA_IRQHandler
</UL>
<BR>[Address Reference Count : 1]<UL><LI> startup_stm32h7b0xx.o(RESET)
</UL>
<P><STRONG><a name="[28]"></a>DebugMon_Handler</STRONG> (Thumb, 6 bytes, Stack size 0 bytes, stm32h7xx_it.o(i.DebugMon_Handler))
<BR><BR>[Calls]<UL><LI><a href="#[f3]">&gt;&gt;</a>&nbsp;&nbsp;&nbsp;uart_printf
</UL>
<BR>[Address Reference Count : 1]<UL><LI> startup_stm32h7b0xx.o(RESET)
</UL>
<P><STRONG><a name="[242]"></a>Delay</STRONG> (Thumb, 16 bytes, Stack size 0 bytes, stimer.o(i.Delay))
<BR><BR>[Called By]<UL><LI><a href="#[16]">&gt;&gt;</a>&nbsp;&nbsp;&nbsp;drv_IL3820_init
<LI><a href="#[a]">&gt;&gt;</a>&nbsp;&nbsp;&nbsp;drv_ssd1615_init
<LI><a href="#[0]">&gt;&gt;</a>&nbsp;&nbsp;&nbsp;drv_ST7565_init
</UL>

<P><STRONG><a name="[fd]"></a>EPD_select_LUT</STRONG> (Thumb, 36 bytes, Stack size 0 bytes, drv_il3820.o(i.EPD_select_LUT))
<BR><BR>[Calls]<UL><LI><a href="#[ff]">&gt;&gt;</a>&nbsp;&nbsp;&nbsp;drv_il3820_write_data
<LI><a href="#[fe]">&gt;&gt;</a>&nbsp;&nbsp;&nbsp;drv_il3820_write_cmd
</UL>
<BR>[Called By]<UL><LI><a href="#[16]">&gt;&gt;</a>&nbsp;&nbsp;&nbsp;drv_IL3820_init
</UL>

<P><STRONG><a name="[113]"></a>Error_Handler</STRONG> (Thumb, 4 bytes, Stack size 0 bytes, main.o(i.Error_Handler))
<BR><BR>[Called By]<UL><LI><a href="#[188]">&gt;&gt;</a>&nbsp;&nbsp;&nbsp;HAL_UART_MspInit
<LI><a href="#[17e]">&gt;&gt;</a>&nbsp;&nbsp;&nbsp;HAL_SPI_MspInit
<LI><a href="#[153]">&gt;&gt;</a>&nbsp;&nbsp;&nbsp;HAL_RTC_MspInit
<LI><a href="#[13f]">&gt;&gt;</a>&nbsp;&nbsp;&nbsp;HAL_OSPI_MspInit
<LI><a href="#[11c]">&gt;&gt;</a>&nbsp;&nbsp;&nbsp;HAL_DCMI_MspInit
<LI><a href="#[110]">&gt;&gt;</a>&nbsp;&nbsp;&nbsp;HAL_ADC_MspInit
<LI><a href="#[26b]">&gt;&gt;</a>&nbsp;&nbsp;&nbsp;w25qxx_map
<LI><a href="#[1cc]">&gt;&gt;</a>&nbsp;&nbsp;&nbsp;W25Qxx_read_id
<LI><a href="#[2bb]">&gt;&gt;</a>&nbsp;&nbsp;&nbsp;w25qxx_waitwriteend
<LI><a href="#[211]">&gt;&gt;</a>&nbsp;&nbsp;&nbsp;mcu_dcmi_captruce
<LI><a href="#[18e]">&gt;&gt;</a>&nbsp;&nbsp;&nbsp;LCD_Config
<LI><a href="#[eb]">&gt;&gt;</a>&nbsp;&nbsp;&nbsp;SD_MspInit
<LI><a href="#[270]">&gt;&gt;</a>&nbsp;&nbsp;&nbsp;mcu_MX_USART2_UART_Init
<LI><a href="#[26e]">&gt;&gt;</a>&nbsp;&nbsp;&nbsp;mcu_MX_UART4_Init
</UL>

<P><STRONG><a name="[100]"></a>FATFS_LinkDriver</STRONG> (Thumb, 6 bytes, Stack size 0 bytes, ff_gen_drv.o(i.FATFS_LinkDriver))
<BR><BR>[Calls]<UL><LI><a href="#[101]">&gt;&gt;</a>&nbsp;&nbsp;&nbsp;FATFS_LinkDriverEx
</UL>
<BR>[Called By]<UL><LI><a href="#[2a8]">&gt;&gt;</a>&nbsp;&nbsp;&nbsp;sdcard_fatfs_init
</UL>

<P><STRONG><a name="[101]"></a>FATFS_LinkDriverEx</STRONG> (Thumb, 36 bytes, Stack size 0 bytes, ff_gen_drv.o(i.FATFS_LinkDriverEx))
<BR><BR>[Called By]<UL><LI><a href="#[100]">&gt;&gt;</a>&nbsp;&nbsp;&nbsp;FATFS_LinkDriver
</UL>

<P><STRONG><a name="[102]"></a>FatFs_FileTest</STRONG> (Thumb, 210 bytes, Stack size 0 bytes, sd_fat.o(i.FatFs_FileTest))
<BR><BR>[Calls]<UL><LI><a href="#[f3]">&gt;&gt;</a>&nbsp;&nbsp;&nbsp;uart_printf
<LI><a href="#[105]">&gt;&gt;</a>&nbsp;&nbsp;&nbsp;f_write
<LI><a href="#[107]">&gt;&gt;</a>&nbsp;&nbsp;&nbsp;f_read
<LI><a href="#[103]">&gt;&gt;</a>&nbsp;&nbsp;&nbsp;f_open
<LI><a href="#[106]">&gt;&gt;</a>&nbsp;&nbsp;&nbsp;f_close
<LI><a href="#[108]">&gt;&gt;</a>&nbsp;&nbsp;&nbsp;PrintFormat
<LI><a href="#[104]">&gt;&gt;</a>&nbsp;&nbsp;&nbsp;strlen
</UL>
<BR>[Called By]<UL><LI><a href="#[225]">&gt;&gt;</a>&nbsp;&nbsp;&nbsp;sd_fatfs_init
</UL>

<P><STRONG><a name="[109]"></a>FatFs_GetVolume</STRONG> (Thumb, 54 bytes, Stack size 0 bytes, sd_fat.o(i.FatFs_GetVolume))
<BR><BR>[Calls]<UL><LI><a href="#[f3]">&gt;&gt;</a>&nbsp;&nbsp;&nbsp;uart_printf
<LI><a href="#[10a]">&gt;&gt;</a>&nbsp;&nbsp;&nbsp;f_getfree
</UL>
<BR>[Called By]<UL><LI><a href="#[225]">&gt;&gt;</a>&nbsp;&nbsp;&nbsp;sd_fatfs_init
</UL>

<P><STRONG><a name="[10b]"></a>HAL_ADC_ConfigChannel</STRONG> (Thumb, 832 bytes, Stack size 0 bytes, stm32h7xx_hal_adc.o(i.HAL_ADC_ConfigChannel))
<BR><BR>[Calls]<UL><LI><a href="#[10e]">&gt;&gt;</a>&nbsp;&nbsp;&nbsp;LL_ADC_SetChannelSamplingTime
<LI><a href="#[10c]">&gt;&gt;</a>&nbsp;&nbsp;&nbsp;LL_ADC_REG_IsConversionOngoing
<LI><a href="#[e3]">&gt;&gt;</a>&nbsp;&nbsp;&nbsp;LL_ADC_IsEnabled
<LI><a href="#[10d]">&gt;&gt;</a>&nbsp;&nbsp;&nbsp;LL_ADC_INJ_IsConversionOngoing
</UL>
<BR>[Called By]<UL><LI><a href="#[194]">&gt;&gt;</a>&nbsp;&nbsp;&nbsp;MX_ADC2_Init
</UL>

<P><STRONG><a name="[21a]"></a>HAL_ADC_GetValue</STRONG> (Thumb, 6 bytes, Stack size 0 bytes, stm32h7xx_hal_adc.o(i.HAL_ADC_GetValue))
<BR><BR>[Called By]<UL><LI><a href="#[219]">&gt;&gt;</a>&nbsp;&nbsp;&nbsp;cpu_temp
</UL>

<P><STRONG><a name="[10f]"></a>HAL_ADC_Init</STRONG> (Thumb, 414 bytes, Stack size 0 bytes, stm32h7xx_hal_adc.o(i.HAL_ADC_Init))
<BR><BR>[Calls]<UL><LI><a href="#[110]">&gt;&gt;</a>&nbsp;&nbsp;&nbsp;HAL_ADC_MspInit
<LI><a href="#[df]">&gt;&gt;</a>&nbsp;&nbsp;&nbsp;ADC_ConfigureBoostMode
<LI><a href="#[10c]">&gt;&gt;</a>&nbsp;&nbsp;&nbsp;LL_ADC_REG_IsConversionOngoing
<LI><a href="#[e3]">&gt;&gt;</a>&nbsp;&nbsp;&nbsp;LL_ADC_IsEnabled
<LI><a href="#[10d]">&gt;&gt;</a>&nbsp;&nbsp;&nbsp;LL_ADC_INJ_IsConversionOngoing
</UL>
<BR>[Called By]<UL><LI><a href="#[194]">&gt;&gt;</a>&nbsp;&nbsp;&nbsp;MX_ADC2_Init
</UL>

<P><STRONG><a name="[110]"></a>HAL_ADC_MspInit</STRONG> (Thumb, 90 bytes, Stack size 0 bytes, stm32h7xx_hal_msp.o(i.HAL_ADC_MspInit))
<BR><BR>[Calls]<UL><LI><a href="#[112]">&gt;&gt;</a>&nbsp;&nbsp;&nbsp;HAL_RCCEx_PeriphCLKConfig
<LI><a href="#[113]">&gt;&gt;</a>&nbsp;&nbsp;&nbsp;Error_Handler
<LI><a href="#[111]">&gt;&gt;</a>&nbsp;&nbsp;&nbsp;__aeabi_memclr4
</UL>
<BR>[Called By]<UL><LI><a href="#[10f]">&gt;&gt;</a>&nbsp;&nbsp;&nbsp;HAL_ADC_Init
</UL>

<P><STRONG><a name="[114]"></a>HAL_ADC_PollForConversion</STRONG> (Thumb, 240 bytes, Stack size 0 bytes, stm32h7xx_hal_adc.o(i.HAL_ADC_PollForConversion))
<BR><BR>[Calls]<UL><LI><a href="#[e4]">&gt;&gt;</a>&nbsp;&nbsp;&nbsp;HAL_GetTick
<LI><a href="#[115]">&gt;&gt;</a>&nbsp;&nbsp;&nbsp;LL_ADC_REG_IsTriggerSourceSWStart
</UL>
<BR>[Called By]<UL><LI><a href="#[219]">&gt;&gt;</a>&nbsp;&nbsp;&nbsp;cpu_temp
</UL>

<P><STRONG><a name="[116]"></a>HAL_ADC_Start</STRONG> (Thumb, 228 bytes, Stack size 0 bytes, stm32h7xx_hal_adc.o(i.HAL_ADC_Start))
<BR><BR>[Calls]<UL><LI><a href="#[e2]">&gt;&gt;</a>&nbsp;&nbsp;&nbsp;ADC_Enable
<LI><a href="#[10c]">&gt;&gt;</a>&nbsp;&nbsp;&nbsp;LL_ADC_REG_IsConversionOngoing
</UL>
<BR>[Called By]<UL><LI><a href="#[219]">&gt;&gt;</a>&nbsp;&nbsp;&nbsp;cpu_temp
</UL>

<P><STRONG><a name="[f4]"></a>HAL_DCMI_ErrorCallback</STRONG> (Thumb, 2 bytes, Stack size 0 bytes, stm32h7xx_hal_dcmi.o(i.HAL_DCMI_ErrorCallback))
<BR><BR>[Called By]<UL><LI><a href="#[b6]">&gt;&gt;</a>&nbsp;&nbsp;&nbsp;DCMI_DMAError
</UL>

<P><STRONG><a name="[11a]"></a>HAL_DCMI_FrameEventCallback</STRONG> (Thumb, 2 bytes, Stack size 0 bytes, stm32h7xx_hal_dcmi.o(i.HAL_DCMI_FrameEventCallback))
<BR><BR>[Called By]<UL><LI><a href="#[f6]">&gt;&gt;</a>&nbsp;&nbsp;&nbsp;HAL_DCMI_IRQHandler
</UL>

<P><STRONG><a name="[f6]"></a>HAL_DCMI_IRQHandler</STRONG> (Thumb, 154 bytes, Stack size 0 bytes, stm32h7xx_hal_dcmi.o(i.HAL_DCMI_IRQHandler))
<BR><BR>[Calls]<UL><LI><a href="#[117]">&gt;&gt;</a>&nbsp;&nbsp;&nbsp;HAL_DMA_Abort_IT
<LI><a href="#[119]">&gt;&gt;</a>&nbsp;&nbsp;&nbsp;HAL_DCMI_VsyncEventCallback
<LI><a href="#[118]">&gt;&gt;</a>&nbsp;&nbsp;&nbsp;HAL_DCMI_LineEventCallback
<LI><a href="#[11a]">&gt;&gt;</a>&nbsp;&nbsp;&nbsp;HAL_DCMI_FrameEventCallback
</UL>
<BR>[Called By]<UL><LI><a href="#[77]">&gt;&gt;</a>&nbsp;&nbsp;&nbsp;DCMI_PSSI_IRQHandler
</UL>

<P><STRONG><a name="[11b]"></a>HAL_DCMI_Init</STRONG> (Thumb, 138 bytes, Stack size 0 bytes, stm32h7xx_hal_dcmi.o(i.HAL_DCMI_Init))
<BR><BR>[Calls]<UL><LI><a href="#[11c]">&gt;&gt;</a>&nbsp;&nbsp;&nbsp;HAL_DCMI_MspInit
</UL>
<BR>[Called By]<UL><LI><a href="#[195]">&gt;&gt;</a>&nbsp;&nbsp;&nbsp;MX_DCMI_Init
</UL>

<P><STRONG><a name="[118]"></a>HAL_DCMI_LineEventCallback</STRONG> (Thumb, 2 bytes, Stack size 0 bytes, stm32h7xx_hal_dcmi.o(i.HAL_DCMI_LineEventCallback))
<BR><BR>[Called By]<UL><LI><a href="#[f6]">&gt;&gt;</a>&nbsp;&nbsp;&nbsp;HAL_DCMI_IRQHandler
</UL>

<P><STRONG><a name="[11c]"></a>HAL_DCMI_MspInit</STRONG> (Thumb, 270 bytes, Stack size 0 bytes, stm32h7xx_hal_msp.o(i.HAL_DCMI_MspInit))
<BR><BR>[Calls]<UL><LI><a href="#[11d]">&gt;&gt;</a>&nbsp;&nbsp;&nbsp;HAL_DMA_Init
<LI><a href="#[11e]">&gt;&gt;</a>&nbsp;&nbsp;&nbsp;HAL_NVIC_SetPriority
<LI><a href="#[11f]">&gt;&gt;</a>&nbsp;&nbsp;&nbsp;HAL_NVIC_EnableIRQ
<LI><a href="#[f9]">&gt;&gt;</a>&nbsp;&nbsp;&nbsp;HAL_GPIO_Init
<LI><a href="#[113]">&gt;&gt;</a>&nbsp;&nbsp;&nbsp;Error_Handler
<LI><a href="#[111]">&gt;&gt;</a>&nbsp;&nbsp;&nbsp;__aeabi_memclr4
</UL>
<BR>[Called By]<UL><LI><a href="#[11b]">&gt;&gt;</a>&nbsp;&nbsp;&nbsp;HAL_DCMI_Init
[...]
<LI><a href="#[298]">&gt;&gt;</a>&nbsp;&nbsp;&nbsp;prvProcessReceivedCommands
</UL>

<P><STRONG><a name="[2a1]"></a>prvSwitchTimerLists</STRONG> (Thumb, 104 bytes, Stack size 0 bytes, timers.o(i.prvSwitchTimerLists))
<BR><BR>[Calls]<UL><LI><a href="#[29a]">&gt;&gt;</a>&nbsp;&nbsp;&nbsp;xTimerGenericCommand
<LI><a href="#[284]">&gt;&gt;</a>&nbsp;&nbsp;&nbsp;vListInsert
<LI><a href="#[282]">&gt;&gt;</a>&nbsp;&nbsp;&nbsp;uxListRemove
</UL>
<BR>[Called By]<UL><LI><a href="#[299]">&gt;&gt;</a>&nbsp;&nbsp;&nbsp;prvSampleTimeNow
</UL>

<P><STRONG><a name="[be]"></a>prvTimerTask</STRONG> (Thumb, 34 bytes, Stack size 0 bytes, timers.o(i.prvTimerTask))
<BR><BR>[Calls]<UL><LI><a href="#[29c]">&gt;&gt;</a>&nbsp;&nbsp;&nbsp;prvProcessTimerOrBlockTask
<LI><a href="#[298]">&gt;&gt;</a>&nbsp;&nbsp;&nbsp;prvProcessReceivedCommands
</UL>
<BR>[Address Reference Count : 1]<UL><LI> timers.o(i.xTimerCreateTimerTask)
</UL>
<P><STRONG><a name="[2a6]"></a>prvHeapInit</STRONG> (Thumb, 66 bytes, Stack size 0 bytes, heap_4.o(i.prvHeapInit))
<BR><BR>[Called By]<UL><LI><a href="#[2a5]">&gt;&gt;</a>&nbsp;&nbsp;&nbsp;pvPortMalloc
</UL>

<P><STRONG><a name="[2a7]"></a>prvInsertBlockIntoFreeList</STRONG> (Thumb, 72 bytes, Stack size 0 bytes, heap_4.o(i.prvInsertBlockIntoFreeList))
<BR><BR>[Called By]<UL><LI><a href="#[28f]">&gt;&gt;</a>&nbsp;&nbsp;&nbsp;vPortFree
<LI><a href="#[2a5]">&gt;&gt;</a>&nbsp;&nbsp;&nbsp;pvPortMalloc
</UL>

<P><STRONG><a name="[bc]"></a>prvTaskExitError</STRONG> (Thumb, 36 bytes, Stack size 0 bytes, port.o(i.prvTaskExitError))
<BR>[Address Reference Count : 1]<UL><LI> port.o(i.pxPortInitialiseStack)
</UL>
<P><STRONG><a name="[212]"></a>check_fs</STRONG> (Thumb, 100 bytes, Stack size 0 bytes, ff.o(i.check_fs))
<BR><BR>[Calls]<UL><LI><a href="#[213]">&gt;&gt;</a>&nbsp;&nbsp;&nbsp;move_window
<LI><a href="#[215]">&gt;&gt;</a>&nbsp;&nbsp;&nbsp;mem_cmp
<LI><a href="#[214]">&gt;&gt;</a>&nbsp;&nbsp;&nbsp;ld_word
</UL>
<BR>[Called By]<UL><LI><a href="#[247]">&gt;&gt;</a>&nbsp;&nbsp;&nbsp;find_volume
</UL>

<P><STRONG><a name="[222]"></a>chk_chr</STRONG> (Thumb, 16 bytes, Stack size 0 bytes, ff.o(i.chk_chr))
<BR><BR>[Called By]<UL><LI><a href="#[21f]">&gt;&gt;</a>&nbsp;&nbsp;&nbsp;create_name
</UL>

<P><STRONG><a name="[238]"></a>clst2sect</STRONG> (Thumb, 24 bytes, Stack size 0 bytes, ff.o(i.clst2sect))
<BR><BR>[Called By]<UL><LI><a href="#[249]">&gt;&gt;</a>&nbsp;&nbsp;&nbsp;f_lseek
<LI><a href="#[105]">&gt;&gt;</a>&nbsp;&nbsp;&nbsp;f_write
<LI><a href="#[107]">&gt;&gt;</a>&nbsp;&nbsp;&nbsp;f_read
<LI><a href="#[103]">&gt;&gt;</a>&nbsp;&nbsp;&nbsp;f_open
<LI><a href="#[23b]">&gt;&gt;</a>&nbsp;&nbsp;&nbsp;dir_sdi
<LI><a href="#[23d]">&gt;&gt;</a>&nbsp;&nbsp;&nbsp;dir_next
<LI><a href="#[236]">&gt;&gt;</a>&nbsp;&nbsp;&nbsp;dir_clear
</UL>

<P><STRONG><a name="[216]"></a>cmp_lfn</STRONG> (Thumb, 128 bytes, Stack size 0 bytes, ff.o(i.cmp_lfn))
<BR><BR>[Calls]<UL><LI><a href="#[217]">&gt;&gt;</a>&nbsp;&nbsp;&nbsp;ff_wtoupper
<LI><a href="#[214]">&gt;&gt;</a>&nbsp;&nbsp;&nbsp;ld_word
</UL>
<BR>[Called By]<UL><LI><a href="#[23a]">&gt;&gt;</a>&nbsp;&nbsp;&nbsp;dir_find
</UL>

<P><STRONG><a name="[21c]"></a>create_chain</STRONG> (Thumb, 220 bytes, Stack size 0 bytes, ff.o(i.create_chain))
<BR><BR>[Calls]<UL><LI><a href="#[21e]">&gt;&gt;</a>&nbsp;&nbsp;&nbsp;put_fat
<LI><a href="#[21d]">&gt;&gt;</a>&nbsp;&nbsp;&nbsp;get_fat
</UL>
<BR>[Called By]<UL><LI><a href="#[249]">&gt;&gt;</a>&nbsp;&nbsp;&nbsp;f_lseek
<LI><a href="#[105]">&gt;&gt;</a>&nbsp;&nbsp;&nbsp;f_write
<LI><a href="#[23d]">&gt;&gt;</a>&nbsp;&nbsp;&nbsp;dir_next
</UL>

<P><STRONG><a name="[21f]"></a>create_name</STRONG> (Thumb, 512 bytes, Stack size 0 bytes, ff.o(i.create_name))
<BR><BR>[Calls]<UL><LI><a href="#[224]">&gt;&gt;</a>&nbsp;&nbsp;&nbsp;ff_uni2oem
<LI><a href="#[221]">&gt;&gt;</a>&nbsp;&nbsp;&nbsp;ff_oem2uni
<LI><a href="#[223]">&gt;&gt;</a>&nbsp;&nbsp;&nbsp;mem_set
<LI><a href="#[220]">&gt;&gt;</a>&nbsp;&nbsp;&nbsp;dbc_1st
<LI><a href="#[222]">&gt;&gt;</a>&nbsp;&nbsp;&nbsp;chk_chr
</UL>
<BR>[Called By]<UL><LI><a href="#[252]">&gt;&gt;</a>&nbsp;&nbsp;&nbsp;follow_path
</UL>

<P><STRONG><a name="[220]"></a>dbc_1st</STRONG> (Thumb, 8 bytes, Stack size 0 bytes, ff.o(i.dbc_1st))
<BR><BR>[Called By]<UL><LI><a href="#[240]">&gt;&gt;</a>&nbsp;&nbsp;&nbsp;gen_numname
<LI><a href="#[21f]">&gt;&gt;</a>&nbsp;&nbsp;&nbsp;create_name
</UL>

<P><STRONG><a name="[236]"></a>dir_clear</STRONG> (Thumb, 90 bytes, Stack size 0 bytes, ff.o(i.dir_clear))
<BR><BR>[Calls]<UL><LI><a href="#[237]">&gt;&gt;</a>&nbsp;&nbsp;&nbsp;sync_window
<LI><a href="#[223]">&gt;&gt;</a>&nbsp;&nbsp;&nbsp;mem_set
<LI><a href="#[238]">&gt;&gt;</a>&nbsp;&nbsp;&nbsp;clst2sect
<LI><a href="#[239]">&gt;&gt;</a>&nbsp;&nbsp;&nbsp;disk_write
</UL>
<BR>[Called By]<UL><LI><a href="#[23d]">&gt;&gt;</a>&nbsp;&nbsp;&nbsp;dir_next
</UL>

<P><STRONG><a name="[23a]"></a>dir_find</STRONG> (Thumb, 194 bytes, Stack size 0 bytes, ff.o(i.dir_find))
<BR><BR>[Calls]<UL><LI><a href="#[23c]">&gt;&gt;</a>&nbsp;&nbsp;&nbsp;sum_sfn
<LI><a href="#[213]">&gt;&gt;</a>&nbsp;&nbsp;&nbsp;move_window
<LI><a href="#[215]">&gt;&gt;</a>&nbsp;&nbsp;&nbsp;mem_cmp
<LI><a href="#[23b]">&gt;&gt;</a>&nbsp;&nbsp;&nbsp;dir_sdi
<LI><a href="#[23d]">&gt;&gt;</a>&nbsp;&nbsp;&nbsp;dir_next
<LI><a href="#[216]">&gt;&gt;</a>&nbsp;&nbsp;&nbsp;cmp_lfn
</UL>
<BR>[Called By]<UL><LI><a href="#[252]">&gt;&gt;</a>&nbsp;&nbsp;&nbsp;follow_path
<LI><a href="#[23e]">&gt;&gt;</a>&nbsp;&nbsp;&nbsp;dir_register
</UL>

<P><STRONG><a name="[23d]"></a>dir_next</STRONG> (Thumb, 172 bytes, Stack size 0 bytes, ff.o(i.dir_next))
<BR><BR>[Calls]<UL><LI><a href="#[21d]">&gt;&gt;</a>&nbsp;&nbsp;&nbsp;get_fat
<LI><a href="#[236]">&gt;&gt;</a>&nbsp;&nbsp;&nbsp;dir_clear
<LI><a href="#[21c]">&gt;&gt;</a>&nbsp;&nbsp;&nbsp;create_chain
<LI><a href="#[238]">&gt;&gt;</a>&nbsp;&nbsp;&nbsp;clst2sect
</UL>
<BR>[Called By]<UL><LI><a href="#[23e]">&gt;&gt;</a>&nbsp;&nbsp;&nbsp;dir_register
<LI><a href="#[23a]">&gt;&gt;</a>&nbsp;&nbsp;&nbsp;dir_find
</UL>

<P><STRONG><a name="[23e]"></a>dir_register</STRONG> (Thumb, 468 bytes, Stack size 0 bytes, ff.o(i.dir_register))
<BR><BR>[Calls]<UL><LI><a href="#[23c]">&gt;&gt;</a>&nbsp;&nbsp;&nbsp;sum_sfn
<LI><a href="#[241]">&gt;&gt;</a>&nbsp;&nbsp;&nbsp;st_word
<LI><a href="#[213]">&gt;&gt;</a>&nbsp;&nbsp;&nbsp;move_window
<LI><a href="#[223]">&gt;&gt;</a>&nbsp;&nbsp;&nbsp;mem_set
<LI><a href="#[23f]">&gt;&gt;</a>&nbsp;&nbsp;&nbsp;mem_cpy
<LI><a href="#[240]">&gt;&gt;</a>&nbsp;&nbsp;&nbsp;gen_numname
<LI><a href="#[23b]">&gt;&gt;</a>&nbsp;&nbsp;&nbsp;dir_sdi
<LI><a href="#[23d]">&gt;&gt;</a>&nbsp;&nbsp;&nbsp;dir_next
<LI><a href="#[23a]">&gt;&gt;</a>&nbsp;&nbsp;&nbsp;dir_find
</UL>
<BR>[Called By]<UL><LI><a href="#[103]">&gt;&gt;</a>&nbsp;&nbsp;&nbsp;f_open
</UL>

<P><STRONG><a name="[23b]"></a>dir_sdi</STRONG> (Thumb, 130 bytes, Stack size 0 bytes, ff.o(i.dir_sdi))
<BR><BR>[Calls]<UL><LI><a href="#[21d]">&gt;&gt;</a>&nbsp;&nbsp;&nbsp;get_fat
<LI><a href="#[238]">&gt;&gt;</a>&nbsp;&nbsp;&nbsp;clst2sect
</UL>
<BR>[Called By]<UL><LI><a href="#[252]">&gt;&gt;</a>&nbsp;&nbsp;&nbsp;follow_path
<LI><a href="#[23e]">&gt;&gt;</a>&nbsp;&nbsp;&nbsp;dir_register
<LI><a href="#[23a]">&gt;&gt;</a>&nbsp;&nbsp;&nbsp;dir_find
</UL>

<P><STRONG><a name="[247]"></a>find_volume</STRONG> (Thumb, 584 bytes, Stack size 0 bytes, ff.o(i.find_volume))
<BR><BR>[Calls]<UL><LI><a href="#[213]">&gt;&gt;</a>&nbsp;&nbsp;&nbsp;move_window
<LI><a href="#[214]">&gt;&gt;</a>&nbsp;&nbsp;&nbsp;ld_word
<LI><a href="#[248]">&gt;&gt;</a>&nbsp;&nbsp;&nbsp;ld_dword
<LI><a href="#[24c]">&gt;&gt;</a>&nbsp;&nbsp;&nbsp;get_ldnumber
<LI><a href="#[212]">&gt;&gt;</a>&nbsp;&nbsp;&nbsp;check_fs
<LI><a href="#[257]">&gt;&gt;</a>&nbsp;&nbsp;&nbsp;disk_status
<LI><a href="#[24d]">&gt;&gt;</a>&nbsp;&nbsp;&nbsp;disk_initialize
</UL>
<BR>[Called By]<UL><LI><a href="#[103]">&gt;&gt;</a>&nbsp;&nbsp;&nbsp;f_open
<LI><a href="#[251]">&gt;&gt;</a>&nbsp;&nbsp;&nbsp;f_mount
<LI><a href="#[10a]">&gt;&gt;</a>&nbsp;&nbsp;&nbsp;f_getfree
</UL>

<P><STRONG><a name="[252]"></a>follow_path</STRONG> (Thumb, 118 bytes, Stack size 0 bytes, ff.o(i.follow_path))
<BR><BR>[Calls]<UL><LI><a href="#[253]">&gt;&gt;</a>&nbsp;&nbsp;&nbsp;ld_clust
<LI><a href="#[23b]">&gt;&gt;</a>&nbsp;&nbsp;&nbsp;dir_sdi
<LI><a href="#[23a]">&gt;&gt;</a>&nbsp;&nbsp;&nbsp;dir_find
<LI><a href="#[21f]">&gt;&gt;</a>&nbsp;&nbsp;&nbsp;create_name
</UL>
<BR>[Called By]<UL><LI><a href="#[103]">&gt;&gt;</a>&nbsp;&nbsp;&nbsp;f_open
</UL>

<P><STRONG><a name="[240]"></a>gen_numname</STRONG> (Thumb, 140 bytes, Stack size 0 bytes, ff.o(i.gen_numname))
<BR><BR>[Calls]<UL><LI><a href="#[23f]">&gt;&gt;</a>&nbsp;&nbsp;&nbsp;mem_cpy
<LI><a href="#[220]">&gt;&gt;</a>&nbsp;&nbsp;&nbsp;dbc_1st
</UL>
<BR>[Called By]<UL><LI><a href="#[23e]">&gt;&gt;</a>&nbsp;&nbsp;&nbsp;dir_register
</UL>

<P><STRONG><a name="[21d]"></a>get_fat</STRONG> (Thumb, 190 bytes, Stack size 0 bytes, ff.o(i.get_fat))
<BR><BR>[Calls]<UL><LI><a href="#[213]">&gt;&gt;</a>&nbsp;&nbsp;&nbsp;move_window
<LI><a href="#[214]">&gt;&gt;</a>&nbsp;&nbsp;&nbsp;ld_word
<LI><a href="#[248]">&gt;&gt;</a>&nbsp;&nbsp;&nbsp;ld_dword
</UL>
<BR>[Called By]<UL><LI><a href="#[249]">&gt;&gt;</a>&nbsp;&nbsp;&nbsp;f_lseek
<LI><a href="#[107]">&gt;&gt;</a>&nbsp;&nbsp;&nbsp;f_read
<LI><a href="#[103]">&gt;&gt;</a>&nbsp;&nbsp;&nbsp;f_open
<LI><a href="#[10a]">&gt;&gt;</a>&nbsp;&nbsp;&nbsp;f_getfree
<LI><a href="#[255]">&gt;&gt;</a>&nbsp;&nbsp;&nbsp;remove_chain
<LI><a href="#[23b]">&gt;&gt;</a>&nbsp;&nbsp;&nbsp;dir_sdi
<LI><a href="#[23d]">&gt;&gt;</a>&nbsp;&nbsp;&nbsp;dir_next
<LI><a href="#[21c]">&gt;&gt;</a>&nbsp;&nbsp;&nbsp;create_chain
</UL>

<P><STRONG><a name="[24c]"></a>get_ldnumber</STRONG> (Thumb, 60 bytes, Stack size 0 bytes, ff.o(i.get_ldnumber))
<BR><BR>[Called By]<UL><LI><a href="#[251]">&gt;&gt;</a>&nbsp;&nbsp;&nbsp;f_mount
<LI><a href="#[24b]">&gt;&gt;</a>&nbsp;&nbsp;&nbsp;f_mkfs
<LI><a href="#[247]">&gt;&gt;</a>&nbsp;&nbsp;&nbsp;find_volume
</UL>

<P><STRONG><a name="[253]"></a>ld_clust</STRONG> (Thumb, 38 bytes, Stack size 0 bytes, ff.o(i.ld_clust))
<BR><BR>[Calls]<UL><LI><a href="#[214]">&gt;&gt;</a>&nbsp;&nbsp;&nbsp;ld_word
</UL>
<BR>[Called By]<UL><LI><a href="#[103]">&gt;&gt;</a>&nbsp;&nbsp;&nbsp;f_open
<LI><a href="#[252]">&gt;&gt;</a>&nbsp;&nbsp;&nbsp;follow_path
</UL>

<P><STRONG><a name="[248]"></a>ld_dword</STRONG> (Thumb, 22 bytes, Stack size 0 bytes, ff.o(i.ld_dword))
<BR><BR>[Called By]<UL><LI><a href="#[103]">&gt;&gt;</a>&nbsp;&nbsp;&nbsp;f_open
<LI><a href="#[10a]">&gt;&gt;</a>&nbsp;&nbsp;&nbsp;f_getfree
<LI><a href="#[21e]">&gt;&gt;</a>&nbsp;&nbsp;&nbsp;put_fat
<LI><a href="#[21d]">&gt;&gt;</a>&nbsp;&nbsp;&nbsp;get_fat
<LI><a href="#[247]">&gt;&gt;</a>&nbsp;&nbsp;&nbsp;find_volume
</UL>

<P><STRONG><a name="[214]"></a>ld_word</STRONG> (Thumb, 10 bytes, Stack size 0 bytes, ff.o(i.ld_word))
<BR><BR>[Called By]<UL><LI><a href="#[10a]">&gt;&gt;</a>&nbsp;&nbsp;&nbsp;f_getfree
<LI><a href="#[253]">&gt;&gt;</a>&nbsp;&nbsp;&nbsp;ld_clust
<LI><a href="#[21d]">&gt;&gt;</a>&nbsp;&nbsp;&nbsp;get_fat
<LI><a href="#[247]">&gt;&gt;</a>&nbsp;&nbsp;&nbsp;find_volume
<LI><a href="#[216]">&gt;&gt;</a>&nbsp;&nbsp;&nbsp;cmp_lfn
<LI><a href="#[212]">&gt;&gt;</a>&nbsp;&nbsp;&nbsp;check_fs
</UL>

<P><STRONG><a name="[215]"></a>mem_cmp</STRONG> (Thumb, 24 bytes, Stack size 0 bytes, ff.o(i.mem_cmp))
<BR><BR>[Called By]<UL><LI><a href="#[23a]">&gt;&gt;</a>&nbsp;&nbsp;&nbsp;dir_find
<LI><a href="#[212]">&gt;&gt;</a>&nbsp;&nbsp;&nbsp;check_fs
</UL>

<P><STRONG><a name="[23f]"></a>mem_cpy</STRONG> (Thumb, 18 bytes, Stack size 0 bytes, ff.o(i.mem_cpy))
<BR><BR>[Called By]<UL><LI><a href="#[105]">&gt;&gt;</a>&nbsp;&nbsp;&nbsp;f_write
<LI><a href="#[107]">&gt;&gt;</a>&nbsp;&nbsp;&nbsp;f_read
<LI><a href="#[24b]">&gt;&gt;</a>&nbsp;&nbsp;&nbsp;f_mkfs
<LI><a href="#[240]">&gt;&gt;</a>&nbsp;&nbsp;&nbsp;gen_numname
<LI><a href="#[23e]">&gt;&gt;</a>&nbsp;&nbsp;&nbsp;dir_register
</UL>

<P><STRONG><a name="[223]"></a>mem_set</STRONG> (Thumb, 12 bytes, Stack size 0 bytes, ff.o(i.mem_set))
<BR><BR>[Called By]<UL><LI><a href="#[103]">&gt;&gt;</a>&nbsp;&nbsp;&nbsp;f_open
<LI><a href="#[24b]">&gt;&gt;</a>&nbsp;&nbsp;&nbsp;f_mkfs
<LI><a href="#[256]">&gt;&gt;</a>&nbsp;&nbsp;&nbsp;sync_fs
<LI><a href="#[23e]">&gt;&gt;</a>&nbsp;&nbsp;&nbsp;dir_register
<LI><a href="#[236]">&gt;&gt;</a>&nbsp;&nbsp;&nbsp;dir_clear
<LI><a href="#[21f]">&gt;&gt;</a>&nbsp;&nbsp;&nbsp;create_name
</UL>

<P><STRONG><a name="[213]"></a>move_window</STRONG> (Thumb, 50 bytes, Stack size 0 bytes, ff.o(i.move_window))
<BR><BR>[Calls]<UL><LI><a href="#[237]">&gt;&gt;</a>&nbsp;&nbsp;&nbsp;sync_window
<LI><a href="#[24a]">&gt;&gt;</a>&nbsp;&nbsp;&nbsp;disk_read
</UL>
<BR>[Called By]<UL><LI><a href="#[103]">&gt;&gt;</a>&nbsp;&nbsp;&nbsp;f_open
<LI><a href="#[10a]">&gt;&gt;</a>&nbsp;&nbsp;&nbsp;f_getfree
<LI><a href="#[245]">&gt;&gt;</a>&nbsp;&nbsp;&nbsp;f_sync
<LI><a href="#[21e]">&gt;&gt;</a>&nbsp;&nbsp;&nbsp;put_fat
<LI><a href="#[21d]">&gt;&gt;</a>&nbsp;&nbsp;&nbsp;get_fat
<LI><a href="#[247]">&gt;&gt;</a>&nbsp;&nbsp;&nbsp;find_volume
<LI><a href="#[23e]">&gt;&gt;</a>&nbsp;&nbsp;&nbsp;dir_register
<LI><a href="#[23a]">&gt;&gt;</a>&nbsp;&nbsp;&nbsp;dir_find
<LI><a href="#[212]">&gt;&gt;</a>&nbsp;&nbsp;&nbsp;check_fs
</UL>

<P><STRONG><a name="[21e]"></a>put_fat</STRONG> (Thumb, 234 bytes, Stack size 0 bytes, ff.o(i.put_fat))
<BR><BR>[Calls]<UL><LI><a href="#[241]">&gt;&gt;</a>&nbsp;&nbsp;&nbsp;st_word
<LI><a href="#[24f]">&gt;&gt;</a>&nbsp;&nbsp;&nbsp;st_dword
<LI><a href="#[213]">&gt;&gt;</a>&nbsp;&nbsp;&nbsp;move_window
<LI><a href="#[248]">&gt;&gt;</a>&nbsp;&nbsp;&nbsp;ld_dword
</UL>
<BR>[Called By]<UL><LI><a href="#[255]">&gt;&gt;</a>&nbsp;&nbsp;&nbsp;remove_chain
<LI><a href="#[21c]">&gt;&gt;</a>&nbsp;&nbsp;&nbsp;create_chain
</UL>

<P><STRONG><a name="[255]"></a>remove_chain</STRONG> (Thumb, 116 bytes, Stack size 0 bytes, ff.o(i.remove_chain))
<BR><BR>[Calls]<UL><LI><a href="#[21e]">&gt;&gt;</a>&nbsp;&nbsp;&nbsp;put_fat
<LI><a href="#[21d]">&gt;&gt;</a>&nbsp;&nbsp;&nbsp;get_fat
</UL>
<BR>[Called By]<UL><LI><a href="#[103]">&gt;&gt;</a>&nbsp;&nbsp;&nbsp;f_open
</UL>

<P><STRONG><a name="[254]"></a>st_clust</STRONG> (Thumb, 40 bytes, Stack size 0 bytes, ff.o(i.st_clust))
<BR><BR>[Calls]<UL><LI><a href="#[241]">&gt;&gt;</a>&nbsp;&nbsp;&nbsp;st_word
</UL>
<BR>[Called By]<UL><LI><a href="#[103]">&gt;&gt;</a>&nbsp;&nbsp;&nbsp;f_open
<LI><a href="#[245]">&gt;&gt;</a>&nbsp;&nbsp;&nbsp;f_sync
</UL>

<P><STRONG><a name="[24f]"></a>st_dword</STRONG> (Thumb, 16 bytes, Stack size 0 bytes, ff.o(i.st_dword))
<BR><BR>[Called By]<UL><LI><a href="#[103]">&gt;&gt;</a>&nbsp;&nbsp;&nbsp;f_open
<LI><a href="#[24b]">&gt;&gt;</a>&nbsp;&nbsp;&nbsp;f_mkfs
<LI><a href="#[245]">&gt;&gt;</a>&nbsp;&nbsp;&nbsp;f_sync
<LI><a href="#[256]">&gt;&gt;</a>&nbsp;&nbsp;&nbsp;sync_fs
<LI><a href="#[21e]">&gt;&gt;</a>&nbsp;&nbsp;&nbsp;put_fat
</UL>

<P><STRONG><a name="[241]"></a>st_word</STRONG> (Thumb, 8 bytes, Stack size 0 bytes, ff.o(i.st_word))
<BR><BR>[Called By]<UL><LI><a href="#[24b]">&gt;&gt;</a>&nbsp;&nbsp;&nbsp;f_mkfs
<LI><a href="#[245]">&gt;&gt;</a>&nbsp;&nbsp;&nbsp;f_sync
<LI><a href="#[256]">&gt;&gt;</a>&nbsp;&nbsp;&nbsp;sync_fs
<LI><a href="#[254]">&gt;&gt;</a>&nbsp;&nbsp;&nbsp;st_clust
<LI><a href="#[21e]">&gt;&gt;</a>&nbsp;&nbsp;&nbsp;put_fat
<LI><a href="#[23e]">&gt;&gt;</a>&nbsp;&nbsp;&nbsp;dir_register
</UL>

<P><STRONG><a name="[23c]"></a>sum_sfn</STRONG> (Thumb, 26 bytes, Stack size 0 bytes, ff.o(i.sum_sfn))
<BR><BR>[Called By]<UL><LI><a href="#[23e]">&gt;&gt;</a>&nbsp;&nbsp;&nbsp;dir_register
<LI><a href="#[23a]">&gt;&gt;</a>&nbsp;&nbsp;&nbsp;dir_find
</UL>

<P><STRONG><a name="[256]"></a>sync_fs</STRONG> (Thumb, 126 bytes, Stack size 0 bytes, ff.o(i.sync_fs))
<BR><BR>[Calls]<UL><LI><a href="#[237]">&gt;&gt;</a>&nbsp;&nbsp;&nbsp;sync_window
<LI><a href="#[241]">&gt;&gt;</a>&nbsp;&nbsp;&nbsp;st_word
<LI><a href="#[24f]">&gt;&gt;</a>&nbsp;&nbsp;&nbsp;st_dword
<LI><a href="#[223]">&gt;&gt;</a>&nbsp;&nbsp;&nbsp;mem_set
<LI><a href="#[239]">&gt;&gt;</a>&nbsp;&nbsp;&nbsp;disk_write
<LI><a href="#[24e]">&gt;&gt;</a>&nbsp;&nbsp;&nbsp;disk_ioctl
</UL>
<BR>[Called By]<UL><LI><a href="#[245]">&gt;&gt;</a>&nbsp;&nbsp;&nbsp;f_sync
</UL>

<P><STRONG><a name="[237]"></a>sync_window</STRONG> (Thumb, 70 bytes, Stack size 0 bytes, ff.o(i.sync_window))
<BR><BR>[Calls]<UL><LI><a href="#[239]">&gt;&gt;</a>&nbsp;&nbsp;&nbsp;disk_write
</UL>
<BR>[Called By]<UL><LI><a href="#[256]">&gt;&gt;</a>&nbsp;&nbsp;&nbsp;sync_fs
<LI><a href="#[213]">&gt;&gt;</a>&nbsp;&nbsp;&nbsp;move_window
<LI><a href="#[236]">&gt;&gt;</a>&nbsp;&nbsp;&nbsp;dir_clear
</UL>

<P><STRONG><a name="[246]"></a>validate</STRONG> (Thumb, 52 bytes, Stack size 0 bytes, ff.o(i.validate))
<BR><BR>[Calls]<UL><LI><a href="#[257]">&gt;&gt;</a>&nbsp;&nbsp;&nbsp;disk_status
</UL>
<BR>[Called By]<UL><LI><a href="#[249]">&gt;&gt;</a>&nbsp;&nbsp;&nbsp;f_lseek
<LI><a href="#[105]">&gt;&gt;</a>&nbsp;&nbsp;&nbsp;f_write
<LI><a href="#[107]">&gt;&gt;</a>&nbsp;&nbsp;&nbsp;f_read
<LI><a href="#[106]">&gt;&gt;</a>&nbsp;&nbsp;&nbsp;f_close
<LI><a href="#[245]">&gt;&gt;</a>&nbsp;&nbsp;&nbsp;f_sync
</UL>

<P><STRONG><a name="[1c1]"></a>SD_CheckStatus</STRONG> (Thumb, 28 bytes, Stack size 0 bytes, sd_diskio.o(i.SD_CheckStatus))
<BR><BR>[Calls]<UL><LI><a href="#[e7]">&gt;&gt;</a>&nbsp;&nbsp;&nbsp;BSP_SD_GetCardState
</UL>
<BR>[Called By]<UL><LI><a href="#[c8]">&gt;&gt;</a>&nbsp;&nbsp;&nbsp;SD_status
<LI><a href="#[c7]">&gt;&gt;</a>&nbsp;&nbsp;&nbsp;SD_initialize
</UL>

<P><STRONG><a name="[1d0]"></a>_fp_digits</STRONG> (Thumb, 366 bytes, Stack size 0 bytes, printfa.o(i._fp_digits), UNUSED)
<BR><BR>[Calls]<UL><LI><a href="#[db]">&gt;&gt;</a>&nbsp;&nbsp;&nbsp;__aeabi_dmul
<LI><a href="#[dc]">&gt;&gt;</a>&nbsp;&nbsp;&nbsp;__aeabi_ddiv
<LI><a href="#[d5]">&gt;&gt;</a>&nbsp;&nbsp;&nbsp;__aeabi_dadd
<LI><a href="#[dd]">&gt;&gt;</a>&nbsp;&nbsp;&nbsp;__aeabi_d2ulz
<LI><a href="#[1d1]">&gt;&gt;</a>&nbsp;&nbsp;&nbsp;__aeabi_cdrcmple
<LI><a href="#[cf]">&gt;&gt;</a>&nbsp;&nbsp;&nbsp;__aeabi_uldivmod
</UL>
<BR>[Called By]<UL><LI><a href="#[1ce]">&gt;&gt;</a>&nbsp;&nbsp;&nbsp;_printf_core
</UL>

<P><STRONG><a name="[1ce]"></a>_printf_core</STRONG> (Thumb, 1744 bytes, Stack size 0 bytes, printfa.o(i._printf_core), UNUSED)
<BR><BR>[Calls]<UL><LI><a href="#[1d4]">&gt;&gt;</a>&nbsp;&nbsp;&nbsp;__aeabi_uidivmod
<LI><a href="#[1d2]">&gt;&gt;</a>&nbsp;&nbsp;&nbsp;_printf_pre_padding
<LI><a href="#[1d3]">&gt;&gt;</a>&nbsp;&nbsp;&nbsp;_printf_post_padding
<LI><a href="#[1d0]">&gt;&gt;</a>&nbsp;&nbsp;&nbsp;_fp_digits
<LI><a href="#[cf]">&gt;&gt;</a>&nbsp;&nbsp;&nbsp;__aeabi_uldivmod
</UL>
<BR>[Called By]<UL><LI><a href="#[1cf]">&gt;&gt;</a>&nbsp;&nbsp;&nbsp;__0vsprintf
<LI><a href="#[1cd]">&gt;&gt;</a>&nbsp;&nbsp;&nbsp;__0sprintf
</UL>

<P><STRONG><a name="[1d3]"></a>_printf_post_padding</STRONG> (Thumb, 36 bytes, Stack size 0 bytes, printfa.o(i._printf_post_padding), UNUSED)
<BR><BR>[Called By]<UL><LI><a href="#[1ce]">&gt;&gt;</a>&nbsp;&nbsp;&nbsp;_printf_core
</UL>

<P><STRONG><a name="[1d2]"></a>_printf_pre_padding</STRONG> (Thumb, 46 bytes, Stack size 0 bytes, printfa.o(i._printf_pre_padding), UNUSED)
<BR><BR>[Called By]<UL><LI><a href="#[1ce]">&gt;&gt;</a>&nbsp;&nbsp;&nbsp;_printf_core
</UL>

<P><STRONG><a name="[b9]"></a>_sputc</STRONG> (Thumb, 10 bytes, Stack size 0 bytes, printfa.o(i._sputc))
<BR><BR>[Called By]<UL><LI><a href="#[1cf]">&gt;&gt;</a>&nbsp;&nbsp;&nbsp;__0vsprintf
<LI><a href="#[1cd]">&gt;&gt;</a>&nbsp;&nbsp;&nbsp;__0sprintf
</UL>
<BR>[Address Reference Count : 2]<UL><LI> printfa.o(i.__0sprintf)
<LI> printfa.o(i.__0vsprintf)
</UL><P>
<H3>
Undefined Global Symbols
</H3><HR></body></html>
