<!doctype html public "-//w3c//dtd html 4.0 transitional//en">
<html><head>
<title>Static Call Graph - [.\Objects\wujique.axf]</title></head>
<body><HR>
<H1>Static Call Graph for image .\Objects\wujique.axf</H1><HR>
<BR><P>#&#060CALLGRAPH&#062# ARM Linker, 5060960: Last Updated: Sun Jun 04 14:32:19 2023
<BR><P>
<H3>Maximum Stack Usage =       1320 bytes + Unknown(Cycles, Untraceable Function Pointers)</H3><H3>
Call chain for Maximum Stack Depth:</H3>
vfs_lfs_file_open &rArr; lfs_file_open &rArr; lfs_file_rawopen &rArr; lfs_file_rawopencfg &rArr; lfs_fs_forceconsistency &rArr; lfs_fs_demove &rArr; lfs_dir_commit &rArr; lfs_fs_deorphan &rArr; lfs_dir_orphaningcommit &rArr; lfs_dir_relocatingcommit &rArr; lfs_dir_splittingcompact &rArr; lfs_dir_split &rArr; lfs_dir_compact &rArr; lfs_dir_commitattr &rArr; lfs_dir_commitprog &rArr; lfs_bd_prog &rArr; lfs_bd_flush &rArr; lfs_bd_cmp &rArr; lfs_bd_read &rArr; __aeabi_memcpy
<P>
<H3>
Mutually Recursive functions
</H3> <LI><a href="#[8e]">CAN1_RX1_IRQHandler</a>&nbsp;&nbsp;&nbsp;&rArr;&nbsp;&nbsp;&nbsp;<a href="#[8e]">CAN1_RX1_IRQHandler</a><BR>
 <LI><a href="#[40a]">serial_putc</a>&nbsp;&nbsp;&nbsp;&rArr;&nbsp;&nbsp;&nbsp;<a href="#[40a]">serial_putc</a><BR>
</UL>
<P>
<H3>
Function Pointers
</H3><UL>
 <LI><a href="#[8b]">ADC_IRQHandler</a> from stm32f4xx_it.o(i.ADC_IRQHandler) referenced from startup_stm32f40_41xxx.o(RESET)
 <LI><a href="#[73]">BusFault_Handler</a> from stm32f4xx_it.o(i.BusFault_Handler) referenced from startup_stm32f40_41xxx.o(RESET)
 <LI><a href="#[8d]">CAN1_RX0_IRQHandler</a> from stm32f4xx_it.o(i.CAN1_RX0_IRQHandler) referenced from startup_stm32f40_41xxx.o(RESET)
 <LI><a href="#[8e]">CAN1_RX1_IRQHandler</a> from startup_stm32f40_41xxx.o(.text) referenced from startup_stm32f40_41xxx.o(RESET)
 <LI><a href="#[8f]">CAN1_SCE_IRQHandler</a> from startup_stm32f40_41xxx.o(.text) referenced from startup_stm32f40_41xxx.o(RESET)
 <LI><a href="#[8c]">CAN1_TX_IRQHandler</a> from startup_stm32f40_41xxx.o(.text) referenced from startup_stm32f40_41xxx.o(RESET)
 <LI><a href="#[b9]">CAN2_RX0_IRQHandler</a> from startup_stm32f40_41xxx.o(.text) referenced from startup_stm32f40_41xxx.o(RESET)
 <LI><a href="#[ba]">CAN2_RX1_IRQHandler</a> from startup_stm32f40_41xxx.o(.text) referenced from startup_stm32f40_41xxx.o(RESET)
 <LI><a href="#[bb]">CAN2_SCE_IRQHandler</a> from startup_stm32f40_41xxx.o(.text) referenced from startup_stm32f40_41xxx.o(RESET)
 <LI><a href="#[b8]">CAN2_TX_IRQHandler</a> from startup_stm32f40_41xxx.o(.text) referenced from startup_stm32f40_41xxx.o(RESET)
 <LI><a href="#[c8]">CRYP_IRQHandler</a> from startup_stm32f40_41xxx.o(.text) referenced from startup_stm32f40_41xxx.o(RESET)
 <LI><a href="#[c7]">DCMI_IRQHandler</a> from stm32f4xx_it.o(i.DCMI_IRQHandler) referenced from startup_stm32f40_41xxx.o(RESET)
 <LI><a href="#[84]">DMA1_Stream0_IRQHandler</a> from startup_stm32f40_41xxx.o(.text) referenced from startup_stm32f40_41xxx.o(RESET)
 <LI><a href="#[85]">DMA1_Stream1_IRQHandler</a> from startup_stm32f40_41xxx.o(.text) referenced from startup_stm32f40_41xxx.o(RESET)
 <LI><a href="#[86]">DMA1_Stream2_IRQHandler</a> from startup_stm32f40_41xxx.o(.text) referenced from startup_stm32f40_41xxx.o(RESET)
 <LI><a href="#[87]">DMA1_Stream3_IRQHandler</a> from stm32f4xx_it.o(i.DMA1_Stream3_IRQHandler) referenced from startup_stm32f40_41xxx.o(RESET)
 <LI><a href="#[88]">DMA1_Stream4_IRQHandler</a> from stm32f4xx_it.o(i.DMA1_Stream4_IRQHandler) referenced from startup_stm32f40_41xxx.o(RESET)
 <LI><a href="#[89]">DMA1_Stream5_IRQHandler</a> from startup_stm32f40_41xxx.o(.text) referenced from startup_stm32f40_41xxx.o(RESET)
 <LI><a href="#[8a]">DMA1_Stream6_IRQHandler</a> from startup_stm32f40_41xxx.o(.text) referenced from startup_stm32f40_41xxx.o(RESET)
 <LI><a href="#[a8]">DMA1_Stream7_IRQHandler</a> from startup_stm32f40_41xxx.o(.text) referenced from startup_stm32f40_41xxx.o(RESET)
 <LI><a href="#[b1]">DMA2_Stream0_IRQHandler</a> from startup_stm32f40_41xxx.o(.text) referenced from startup_stm32f40_41xxx.o(RESET)
 <LI><a href="#[b2]">DMA2_Stream1_IRQHandler</a> from stm32f4xx_it.o(i.DMA2_Stream1_IRQHandler) referenced from startup_stm32f40_41xxx.o(RESET)
 <LI><a href="#[b3]">DMA2_Stream2_IRQHandler</a> from startup_stm32f40_41xxx.o(.text) referenced from startup_stm32f40_41xxx.o(RESET)
 <LI><a href="#[b4]">DMA2_Stream3_IRQHandler</a> from stm32f4xx_it.o(i.DMA2_Stream3_IRQHandler) referenced from startup_stm32f40_41xxx.o(RESET)
 <LI><a href="#[b5]">DMA2_Stream4_IRQHandler</a> from startup_stm32f40_41xxx.o(.text) referenced from startup_stm32f40_41xxx.o(RESET)
 <LI><a href="#[bd]">DMA2_Stream5_IRQHandler</a> from startup_stm32f40_41xxx.o(.text) referenced from startup_stm32f40_41xxx.o(RESET)
 <LI><a href="#[be]">DMA2_Stream6_IRQHandler</a> from startup_stm32f40_41xxx.o(.text) referenced from startup_stm32f40_41xxx.o(RESET)
 <LI><a href="#[bf]">DMA2_Stream7_IRQHandler</a> from startup_stm32f40_41xxx.o(.text) referenced from startup_stm32f40_41xxx.o(RESET)
 <LI><a href="#[76]">DebugMon_Handler</a> from stm32f4xx_it.o(i.DebugMon_Handler) referenced from startup_stm32f40_41xxx.o(RESET)
 <LI><a href="#[b6]">ETH_IRQHandler</a> from startup_stm32f40_41xxx.o(.text) referenced from startup_stm32f40_41xxx.o(RESET)
 <LI><a href="#[b7]">ETH_WKUP_IRQHandler</a> from startup_stm32f40_41xxx.o(.text) referenced from startup_stm32f40_41xxx.o(RESET)
 <LI><a href="#[7f]">EXTI0_IRQHandler</a> from startup_stm32f40_41xxx.o(.text) referenced from startup_stm32f40_41xxx.o(RESET)
 <LI><a href="#[a1]">EXTI15_10_IRQHandler</a> from startup_stm32f40_41xxx.o(.text) referenced from startup_stm32f40_41xxx.o(RESET)
 <LI><a href="#[80]">EXTI1_IRQHandler</a> from startup_stm32f40_41xxx.o(.text) referenced from startup_stm32f40_41xxx.o(RESET)
 <LI><a href="#[81]">EXTI2_IRQHandler</a> from startup_stm32f40_41xxx.o(.text) referenced from startup_stm32f40_41xxx.o(RESET)
 <LI><a href="#[82]">EXTI3_IRQHandler</a> from startup_stm32f40_41xxx.o(.text) referenced from startup_stm32f40_41xxx.o(RESET)
 <LI><a href="#[83]">EXTI4_IRQHandler</a> from startup_stm32f40_41xxx.o(.text) referenced from startup_stm32f40_41xxx.o(RESET)
 <LI><a href="#[90]">EXTI9_5_IRQHandler</a> from startup_stm32f40_41xxx.o(.text) referenced from startup_stm32f40_41xxx.o(RESET)
 <LI><a href="#[7d]">FLASH_IRQHandler</a> from startup_stm32f40_41xxx.o(.text) referenced from startup_stm32f40_41xxx.o(RESET)
 <LI><a href="#[ca]">FPU_IRQHandler</a> from startup_stm32f40_41xxx.o(.text) referenced from startup_stm32f40_41xxx.o(RESET)
 <LI><a href="#[a9]">FSMC_IRQHandler</a> from startup_stm32f40_41xxx.o(.text) referenced from startup_stm32f40_41xxx.o(RESET)
 <LI><a href="#[6d]">FontAsc6X12_get_glyph_bitmap</a> from font_asc_6x12.o(i.FontAsc6X12_get_glyph_bitmap) referenced 2 times from font_asc_6x12.o(.data)
 <LI><a href="#[6c]">FontAsc6X12_get_glyph_dsc</a> from font_asc_6x12.o(i.FontAsc6X12_get_glyph_dsc) referenced 2 times from font_asc_6x12.o(.data)
 <LI><a href="#[6b]">FontVGA8x16_get_glyph_bitmap</a> from font_8x16.o(i.FontVGA8x16_get_glyph_bitmap) referenced 2 times from font_8x16.o(.data)
 <LI><a href="#[6a]">FontVGA8x16_get_glyph_dsc</a> from font_8x16.o(i.FontVGA8x16_get_glyph_dsc) referenced 2 times from font_8x16.o(.data)
 <LI><a href="#[69]">FontVga6X12_get_glyph_bitmap</a> from font_6x12.o(i.FontVga6X12_get_glyph_bitmap) referenced 2 times from font_6x12.o(.data)
 <LI><a href="#[68]">FontVga6X12_get_glyph_dsc</a> from font_6x12.o(i.FontVga6X12_get_glyph_dsc) referenced 2 times from font_6x12.o(.data)
 <LI><a href="#[c9]">HASH_RNG_IRQHandler</a> from startup_stm32f40_41xxx.o(.text) referenced from startup_stm32f40_41xxx.o(RESET)
 <LI><a href="#[71]">HardFault_Handler</a> from cmb_fault.o(.text) referenced from startup_stm32f40_41xxx.o(RESET)
 <LI><a href="#[99]">I2C1_ER_IRQHandler</a> from startup_stm32f40_41xxx.o(.text) referenced from startup_stm32f40_41xxx.o(RESET)
 <LI><a href="#[98]">I2C1_EV_IRQHandler</a> from startup_stm32f40_41xxx.o(.text) referenced from startup_stm32f40_41xxx.o(RESET)
 <LI><a href="#[9b]">I2C2_ER_IRQHandler</a> from startup_stm32f40_41xxx.o(.text) referenced from startup_stm32f40_41xxx.o(RESET)
 <LI><a href="#[9a]">I2C2_EV_IRQHandler</a> from startup_stm32f40_41xxx.o(.text) referenced from startup_stm32f40_41xxx.o(RESET)
 <LI><a href="#[c2]">I2C3_ER_IRQHandler</a> from startup_stm32f40_41xxx.o(.text) referenced from startup_stm32f40_41xxx.o(RESET)
 <LI><a href="#[c1]">I2C3_EV_IRQHandler</a> from startup_stm32f40_41xxx.o(.text) referenced from startup_stm32f40_41xxx.o(RESET)
 <LI><a href="#[72]">MemManage_Handler</a> from stm32f4xx_it.o(i.MemManage_Handler) referenced from startup_stm32f40_41xxx.o(RESET)
 <LI><a href="#[70]">NMI_Handler</a> from stm32f4xx_it.o(i.NMI_Handler) referenced from startup_stm32f40_41xxx.o(RESET)
 <LI><a href="#[bc]">OTG_FS_IRQHandler</a> from startup_stm32f40_41xxx.o(.text) referenced from startup_stm32f40_41xxx.o(RESET)
 <LI><a href="#[a3]">OTG_FS_WKUP_IRQHandler</a> from startup_stm32f40_41xxx.o(.text) referenced from startup_stm32f40_41xxx.o(RESET)
 <LI><a href="#[c4]">OTG_HS_EP1_IN_IRQHandler</a> from startup_stm32f40_41xxx.o(.text) referenced from startup_stm32f40_41xxx.o(RESET)
 <LI><a href="#[c3]">OTG_HS_EP1_OUT_IRQHandler</a> from startup_stm32f40_41xxx.o(.text) referenced from startup_stm32f40_41xxx.o(RESET)
 <LI><a href="#[c6]">OTG_HS_IRQHandler</a> from startup_stm32f40_41xxx.o(.text) referenced from startup_stm32f40_41xxx.o(RESET)
 <LI><a href="#[c5]">OTG_HS_WKUP_IRQHandler</a> from startup_stm32f40_41xxx.o(.text) referenced from startup_stm32f40_41xxx.o(RESET)
 <LI><a href="#[7a]">PVD_IRQHandler</a> from startup_stm32f40_41xxx.o(.text) referenced from startup_stm32f40_41xxx.o(RESET)
 <LI><a href="#[77]">PendSV_Handler</a> from port.o(.emb_text) referenced from startup_stm32f40_41xxx.o(RESET)
 <LI><a href="#[7e]">RCC_IRQHandler</a> from startup_stm32f40_41xxx.o(.text) referenced from startup_stm32f40_41xxx.o(RESET)
 <LI><a href="#[a2]">RTC_Alarm_IRQHandler</a> from startup_stm32f40_41xxx.o(.text) referenced from startup_stm32f40_41xxx.o(RESET)
 <LI><a href="#[7c]">RTC_WKUP_IRQHandler</a> from startup_stm32f40_41xxx.o(.text) referenced from startup_stm32f40_41xxx.o(RESET)
 <LI><a href="#[6f]">Reset_Handler</a> from startup_stm32f40_41xxx.o(.text) referenced from startup_stm32f40_41xxx.o(RESET)
 <LI><a href="#[aa]">SDIO_IRQHandler</a> from stm32f4xx_it.o(i.SDIO_IRQHandler) referenced from startup_stm32f40_41xxx.o(RESET)
 <LI><a href="#[10c]">SD_disk_initialize</a> from stm324xg_eval_sdio_sd.o(i.SD_disk_initialize) referenced from sd_fat.o(.constdata)
 <LI><a href="#[110]">SD_disk_ioctl</a> from stm324xg_eval_sdio_sd.o(i.SD_disk_ioctl) referenced from sd_fat.o(.constdata)
 <LI><a href="#[10e]">SD_disk_read</a> from stm324xg_eval_sdio_sd.o(i.SD_disk_read) referenced from sd_fat.o(.constdata)
 <LI><a href="#[10d]">SD_disk_status</a> from stm324xg_eval_sdio_sd.o(i.SD_disk_status) referenced from sd_fat.o(.constdata)
 <LI><a href="#[10f]">SD_disk_write</a> from stm324xg_eval_sdio_sd.o(i.SD_disk_write) referenced from sd_fat.o(.constdata)
 <LI><a href="#[9c]">SPI1_IRQHandler</a> from startup_stm32f40_41xxx.o(.text) referenced from startup_stm32f40_41xxx.o(RESET)
 <LI><a href="#[9d]">SPI2_IRQHandler</a> from startup_stm32f40_41xxx.o(.text) referenced from startup_stm32f40_41xxx.o(RESET)
 <LI><a href="#[ac]">SPI3_IRQHandler</a> from startup_stm32f40_41xxx.o(.text) referenced from startup_stm32f40_41xxx.o(RESET)
 <LI><a href="#[75]">SVC_Handler</a> from port.o(.emb_text) referenced from startup_stm32f40_41xxx.o(RESET)
 <LI><a href="#[78]">SysTick_Handler</a> from stm32f4xx_it.o(i.SysTick_Handler) referenced from startup_stm32f40_41xxx.o(RESET)
 <LI><a href="#[cc]">SystemInit</a> from system_stm32f4xx.o(i.SystemInit) referenced from startup_stm32f40_41xxx.o(.text)
 <LI><a href="#[7b]">TAMP_STAMP_IRQHandler</a> from startup_stm32f40_41xxx.o(.text) referenced from startup_stm32f40_41xxx.o(RESET)
 <LI><a href="#[91]">TIM1_BRK_TIM9_IRQHandler</a> from startup_stm32f40_41xxx.o(.text) referenced from startup_stm32f40_41xxx.o(RESET)
 <LI><a href="#[94]">TIM1_CC_IRQHandler</a> from startup_stm32f40_41xxx.o(.text) referenced from startup_stm32f40_41xxx.o(RESET)
 <LI><a href="#[93]">TIM1_TRG_COM_TIM11_IRQHandler</a> from startup_stm32f40_41xxx.o(.text) referenced from startup_stm32f40_41xxx.o(RESET)
 <LI><a href="#[92]">TIM1_UP_TIM10_IRQHandler</a> from startup_stm32f40_41xxx.o(.text) referenced from startup_stm32f40_41xxx.o(RESET)
 <LI><a href="#[95]">TIM2_IRQHandler</a> from startup_stm32f40_41xxx.o(.text) referenced from startup_stm32f40_41xxx.o(RESET)
 <LI><a href="#[96]">TIM3_IRQHandler</a> from stm32f4xx_it.o(i.TIM3_IRQHandler) referenced from startup_stm32f40_41xxx.o(RESET)
 <LI><a href="#[97]">TIM4_IRQHandler</a> from startup_stm32f40_41xxx.o(.text) referenced from startup_stm32f40_41xxx.o(RESET)
 <LI><a href="#[ab]">TIM5_IRQHandler</a> from stm32f4xx_it.o(i.TIM5_IRQHandler) referenced from startup_stm32f40_41xxx.o(RESET)
 <LI><a href="#[af]">TIM6_DAC_IRQHandler</a> from startup_stm32f40_41xxx.o(.text) referenced from startup_stm32f40_41xxx.o(RESET)
 <LI><a href="#[b0]">TIM7_IRQHandler</a> from stm32f4xx_it.o(i.TIM7_IRQHandler) referenced from startup_stm32f40_41xxx.o(RESET)
 <LI><a href="#[a4]">TIM8_BRK_TIM12_IRQHandler</a> from startup_stm32f40_41xxx.o(.text) referenced from startup_stm32f40_41xxx.o(RESET)
 <LI><a href="#[a7]">TIM8_CC_IRQHandler</a> from startup_stm32f40_41xxx.o(.text) referenced from startup_stm32f40_41xxx.o(RESET)
 <LI><a href="#[a6]">TIM8_TRG_COM_TIM14_IRQHandler</a> from startup_stm32f40_41xxx.o(.text) referenced from startup_stm32f40_41xxx.o(RESET)
 <LI><a href="#[a5]">TIM8_UP_TIM13_IRQHandler</a> from startup_stm32f40_41xxx.o(.text) referenced from startup_stm32f40_41xxx.o(RESET)
 <LI><a href="#[ad]">UART4_IRQHandler</a> from startup_stm32f40_41xxx.o(.text) referenced from startup_stm32f40_41xxx.o(RESET)
 <LI><a href="#[ae]">UART5_IRQHandler</a> from startup_stm32f40_41xxx.o(.text) referenced from startup_stm32f40_41xxx.o(RESET)
 <LI><a href="#[9e]">USART1_IRQHandler</a> from stm32f4xx_it.o(i.USART1_IRQHandler) referenced from startup_stm32f40_41xxx.o(RESET)
 <LI><a href="#[9f]">USART2_IRQHandler</a> from stm32f4xx_it.o(i.USART2_IRQHandler) referenced from startup_stm32f40_41xxx.o(RESET)
 <LI><a href="#[a0]">USART3_IRQHandler</a> from stm32f4xx_it.o(i.USART3_IRQHandler) referenced from startup_stm32f40_41xxx.o(RESET)
 <LI><a href="#[c0]">USART6_IRQHandler</a> from startup_stm32f40_41xxx.o(.text) referenced from startup_stm32f40_41xxx.o(RESET)
 <LI><a href="#[74]">UsageFault_Handler</a> from stm32f4xx_it.o(i.UsageFault_Handler) referenced from startup_stm32f40_41xxx.o(RESET)
 <LI><a href="#[79]">WWDG_IRQHandler</a> from startup_stm32f40_41xxx.o(.text) referenced from startup_stm32f40_41xxx.o(RESET)
 <LI><a href="#[cd]">__main</a> from entry.o(.ARM.Collect$$$$00000000) referenced from startup_stm32f40_41xxx.o(.text)
 <LI><a href="#[cf]">_sputc</a> from printfa.o(i._sputc) referenced from printfa.o(i.__0sprintf)
 <LI><a href="#[cf]">_sputc</a> from printfa.o(i._sputc) referenced from printfa.o(i.__0vsprintf)
 <LI><a href="#[d4]">alloc_kv_cb</a> from fdb_kvdb.o(i.alloc_kv_cb) referenced from fdb_kvdb.o(i.alloc_kv)
 <LI><a href="#[d6]">bitmapfont_get_glyph_bitmap</a> from font_unicode.o(i.bitmapfont_get_glyph_bitmap) referenced from font_unicode.o(i.bitmapfont_create_from_file)
 <LI><a href="#[d5]">bitmapfont_get_glyph_dsc</a> from font_unicode.o(i.bitmapfont_get_glyph_dsc) referenced from font_unicode.o(i.bitmapfont_create_from_file)
 <LI><a href="#[d7]">board_app_task</a> from board.o(i.board_app_task) referenced from board.o(i.board_app_init)
 <LI><a href="#[6e]">cap_touch_task_idle</a> from touch.o(i.cap_touch_task_idle) referenced 2 times from touch.o(.data)
 <LI><a href="#[d1]">check_and_recovery_gc_cb</a> from fdb_kvdb.o(i.check_and_recovery_gc_cb) referenced from fdb_kvdb.o(i._fdb_kv_load)
 <LI><a href="#[d2]">check_and_recovery_kv_cb</a> from fdb_kvdb.o(i.check_and_recovery_kv_cb) referenced from fdb_kvdb.o(i._fdb_kv_load)
 <LI><a href="#[d0]">check_sec_hdr_cb</a> from fdb_kvdb.o(i.check_sec_hdr_cb) referenced from fdb_kvdb.o(i._fdb_kv_load)
 <LI><a href="#[de]">cli_main_loop</a> from cmd.o(i.cli_main_loop) referenced from cmd_port.o(i.fun_cmd_init)
 <LI><a href="#[112]">cmd_display</a> from cmd_display.o(i.cmd_display) referenced from cmd_port.o(.constdata)
 <LI><a href="#[ff]">dev_spiflash_close</a> from drv_spiflash.o(i.dev_spiflash_close) referenced from drv_spiflash.o(.constdata)
 <LI><a href="#[fa]">dev_spiflash_getnode</a> from drv_spiflash.o(i.dev_spiflash_getnode) referenced from drv_spiflash.o(.constdata)
 <LI><a href="#[fb]">dev_spiflash_opennode</a> from drv_spiflash.o(i.dev_spiflash_opennode) referenced from drv_spiflash.o(.constdata)
 <LI><a href="#[102]">dev_xpt2046_close</a> from xpt2046.o(i.dev_xpt2046_close) referenced from xpt2046.o(.constdata)
 <LI><a href="#[100]">dev_xpt2046_init</a> from xpt2046.o(i.dev_xpt2046_init) referenced from xpt2046.o(.constdata)
 <LI><a href="#[101]">dev_xpt2046_open</a> from xpt2046.o(i.dev_xpt2046_open) referenced from xpt2046.o(.constdata)
 <LI><a href="#[d8]">dev_xpt2046_task</a> from xpt2046.o(i.dev_xpt2046_task) referenced from xpt2046.o(i.dev_xpt2046_open)
 <LI><a href="#[e0]">do_gc</a> from fdb_kvdb.o(i.do_gc) referenced from fdb_kvdb.o(i.gc_collect)
 <LI><a href="#[114]">do_help</a> from commnad.o(i.do_help) referenced from cmd_port.o(.constdata)
 <LI><a href="#[111]">do_system_info</a> from cmd_sys.o(i.do_system_info) referenced from cmd_port.o(.constdata)
 <LI><a href="#[113]">do_version</a> from commnad.o(i.do_version) referenced from cmd_port.o(.constdata)
 <LI><a href="#[16]">drv_IL3820_color_fill</a> from drv_il3820.o(i.drv_IL3820_color_fill) referenced 2 times from drv_il3820.o(.data)
 <LI><a href="#[1b]">drv_IL3820_display_onoff</a> from drv_il3820.o(i.drv_IL3820_display_onoff) referenced 2 times from drv_il3820.o(.data)
 <LI><a href="#[15]">drv_IL3820_drawpoint</a> from drv_il3820.o(i.drv_IL3820_drawpoint) referenced 2 times from drv_il3820.o(.data)
 <LI><a href="#[17]">drv_IL3820_fill</a> from drv_il3820.o(i.drv_IL3820_fill) referenced 2 times from drv_il3820.o(.data)
 <LI><a href="#[19]">drv_IL3820_flush</a> from drv_il3820.o(i.drv_IL3820_flush) referenced 2 times from drv_il3820.o(.data)
 <LI><a href="#[14]">drv_IL3820_init</a> from drv_il3820.o(i.drv_IL3820_init) referenced 2 times from drv_il3820.o(.data)
 <LI><a href="#[1d]">drv_IL3820_lcd_bl</a> from drv_il3820.o(i.drv_IL3820_lcd_bl) referenced 2 times from drv_il3820.o(.data)
 <LI><a href="#[18]">drv_IL3820_prepare_display</a> from drv_il3820.o(i.drv_IL3820_prepare_display) referenced 2 times from drv_il3820.o(.data)
 <LI><a href="#[1c]">drv_IL3820_scan_dir</a> from drv_il3820.o(i.drv_IL3820_scan_dir) referenced 2 times from drv_il3820.o(.data)
 <LI><a href="#[1a]">drv_IL3820_update</a> from drv_il3820.o(i.drv_IL3820_update) referenced 2 times from drv_il3820.o(.data)
 <LI><a href="#[20]">drv_IL91874_color_fill</a> from drv_il91874.o(i.drv_IL91874_color_fill) referenced 2 times from drv_il91874.o(.data)
 <LI><a href="#[25]">drv_IL91874_display_onoff</a> from drv_il91874.o(i.drv_IL91874_display_onoff) referenced 2 times from drv_il91874.o(.data)
 <LI><a href="#[1f]">drv_IL91874_drawpoint</a> from drv_il91874.o(i.drv_IL91874_drawpoint) referenced 2 times from drv_il91874.o(.data)
 <LI><a href="#[21]">drv_IL91874_fill</a> from drv_il91874.o(i.drv_IL91874_fill) referenced 2 times from drv_il91874.o(.data)
 <LI><a href="#[23]">drv_IL91874_flush</a> from drv_il91874.o(i.drv_IL91874_flush) referenced 2 times from drv_il91874.o(.data)
 <LI><a href="#[1e]">drv_IL91874_init</a> from drv_il91874.o(i.drv_IL91874_init) referenced 2 times from drv_il91874.o(.data)
 <LI><a href="#[27]">drv_IL91874_lcd_bl</a> from drv_il91874.o(i.drv_IL91874_lcd_bl) referenced 2 times from drv_il91874.o(.data)
 <LI><a href="#[22]">drv_IL91874_prepare_display</a> from drv_il91874.o(i.drv_IL91874_prepare_display) referenced 2 times from drv_il91874.o(.data)
 <LI><a href="#[26]">drv_IL91874_scan_dir</a> from drv_il91874.o(i.drv_IL91874_scan_dir) referenced 2 times from drv_il91874.o(.data)
 <LI><a href="#[24]">drv_IL91874_update</a> from drv_il91874.o(i.drv_IL91874_update) referenced 2 times from drv_il91874.o(.data)
 <LI><a href="#[2a]">drv_ILI9325_color_fill</a> from drv_ili9325.o(i.drv_ILI9325_color_fill) referenced 2 times from drv_ili9325.o(.data)
 <LI><a href="#[2f]">drv_ILI9325_display_onoff</a> from drv_ili9325.o(i.drv_ILI9325_display_onoff) referenced 2 times from drv_ili9325.o(.data)
 <LI><a href="#[29]">drv_ILI9325_drawpoint</a> from drv_ili9325.o(i.drv_ILI9325_drawpoint) referenced 2 times from drv_ili9325.o(.data)
 <LI><a href="#[2b]">drv_ILI9325_fill</a> from drv_ili9325.o(i.drv_ILI9325_fill) referenced 2 times from drv_ili9325.o(.data)
 <LI><a href="#[2d]">drv_ILI9325_flush</a> from drv_ili9325.o(i.drv_ILI9325_flush) referenced 2 times from drv_ili9325.o(.data)
 <LI><a href="#[28]">drv_ILI9325_init</a> from drv_ili9325.o(i.drv_ILI9325_init) referenced 2 times from drv_ili9325.o(.data)
 <LI><a href="#[31]">drv_ILI9325_lcd_bl</a> from drv_ili9325.o(i.drv_ILI9325_lcd_bl) referenced 2 times from drv_ili9325.o(.data)
 <LI><a href="#[2c]">drv_ILI9325_prepare_display</a> from drv_ili9325.o(i.drv_ILI9325_prepare_display) referenced 2 times from drv_ili9325.o(.data)
 <LI><a href="#[30]">drv_ILI9325_scan_dir</a> from drv_ili9325.o(i.drv_ILI9325_scan_dir) referenced 2 times from drv_ili9325.o(.data)
 <LI><a href="#[2e]">drv_ILI9325_update</a> from drv_ili9325.o(i.drv_ILI9325_update) referenced 2 times from drv_ili9325.o(.data)
 <LI><a href="#[3e]">drv_ILI9341_8_color_fill</a> from drv_ili9341.o(i.drv_ILI9341_8_color_fill) referenced 2 times from drv_ili9341.o(.data)
 <LI><a href="#[3d]">drv_ILI9341_8_drawpoint</a> from drv_ili9341.o(i.drv_ILI9341_8_drawpoint) referenced 2 times from drv_ili9341.o(.data)
 <LI><a href="#[3f]">drv_ILI9341_8_fill</a> from drv_ili9341.o(i.drv_ILI9341_8_fill) referenced 2 times from drv_ili9341.o(.data)
 <LI><a href="#[41]">drv_ILI9341_8_flush</a> from drv_ili9341.o(i.drv_ILI9341_8_flush) referenced 2 times from drv_ili9341.o(.data)
 <LI><a href="#[3c]">drv_ILI9341_8_init</a> from drv_ili9341.o(i.drv_ILI9341_8_init) referenced 2 times from drv_ili9341.o(.data)
 <LI><a href="#[40]">drv_ILI9341_8_prepare_display</a> from drv_ili9341.o(i.drv_ILI9341_8_prepare_display) referenced 2 times from drv_ili9341.o(.data)
 <LI><a href="#[43]">drv_ILI9341_8_scan_dir</a> from drv_ili9341.o(i.drv_ILI9341_8_scan_dir) referenced 2 times from drv_ili9341.o(.data)
 <LI><a href="#[42]">drv_ILI9341_8_update</a> from drv_ili9341.o(i.drv_ILI9341_8_update) referenced 2 times from drv_ili9341.o(.data)
 <LI><a href="#[34]">drv_ILI9341_color_fill</a> from drv_ili9341.o(i.drv_ILI9341_color_fill) referenced 2 times from drv_ili9341.o(.data)
 <LI><a href="#[39]">drv_ILI9341_display_onoff</a> from drv_ili9341.o(i.drv_ILI9341_display_onoff) referenced 4 times from drv_ili9341.o(.data)
 <LI><a href="#[33]">drv_ILI9341_drawpoint</a> from drv_ili9341.o(i.drv_ILI9341_drawpoint) referenced 2 times from drv_ili9341.o(.data)
 <LI><a href="#[35]">drv_ILI9341_fill</a> from drv_ili9341.o(i.drv_ILI9341_fill) referenced 2 times from drv_ili9341.o(.data)
 <LI><a href="#[37]">drv_ILI9341_flush</a> from drv_ili9341.o(i.drv_ILI9341_flush) referenced 2 times from drv_ili9341.o(.data)
 <LI><a href="#[32]">drv_ILI9341_init</a> from drv_ili9341.o(i.drv_ILI9341_init) referenced 2 times from drv_ili9341.o(.data)
 <LI><a href="#[3b]">drv_ILI9341_lcd_bl</a> from drv_ili9341.o(i.drv_ILI9341_lcd_bl) referenced 4 times from drv_ili9341.o(.data)
 <LI><a href="#[36]">drv_ILI9341_prepare_display</a> from drv_ili9341.o(i.drv_ILI9341_prepare_display) referenced 2 times from drv_ili9341.o(.data)
 <LI><a href="#[3a]">drv_ILI9341_scan_dir</a> from drv_ili9341.o(i.drv_ILI9341_scan_dir) referenced 2 times from drv_ili9341.o(.data)
 <LI><a href="#[38]">drv_ILI9341_update</a> from drv_ili9341.o(i.drv_ILI9341_update) referenced 2 times from drv_ili9341.o(.data)
 <LI><a href="#[2]">drv_NT35510_color_fill</a> from drv_nt35510.o(i.drv_NT35510_color_fill) referenced 2 times from drv_nt35510.o(.data)
 <LI><a href="#[7]">drv_NT35510_display_onoff</a> from drv_nt35510.o(i.drv_NT35510_display_onoff) referenced 2 times from drv_nt35510.o(.data)
 <LI><a href="#[1]">drv_NT35510_drawpoint</a> from drv_nt35510.o(i.drv_NT35510_drawpoint) referenced 2 times from drv_nt35510.o(.data)
 <LI><a href="#[3]">drv_NT35510_fill</a> from drv_nt35510.o(i.drv_NT35510_fill) referenced 2 times from drv_nt35510.o(.data)
 <LI><a href="#[5]">drv_NT35510_flush</a> from drv_nt35510.o(i.drv_NT35510_flush) referenced 2 times from drv_nt35510.o(.data)
 <LI><a href="#[0]">drv_NT35510_init</a> from drv_nt35510.o(i.drv_NT35510_init) referenced 2 times from drv_nt35510.o(.data)
 <LI><a href="#[9]">drv_NT35510_lcd_bl</a> from drv_nt35510.o(i.drv_NT35510_lcd_bl) referenced 2 times from drv_nt35510.o(.data)
 <LI><a href="#[4]">drv_NT35510_prepare_display</a> from drv_nt35510.o(i.drv_NT35510_prepare_display) referenced 2 times from drv_nt35510.o(.data)
 <LI><a href="#[8]">drv_NT35510_scan_dir</a> from drv_nt35510.o(i.drv_NT35510_scan_dir) referenced 2 times from drv_nt35510.o(.data)
 <LI><a href="#[6]">drv_NT35510_update</a> from drv_nt35510.o(i.drv_NT35510_update) referenced 2 times from drv_nt35510.o(.data)
 <LI><a href="#[c]">drv_R61408_color_fill</a> from drv_r61408.o(i.drv_R61408_color_fill) referenced 2 times from drv_r61408.o(.data)
 <LI><a href="#[11]">drv_R61408_display_onoff</a> from drv_r61408.o(i.drv_R61408_display_onoff) referenced 2 times from drv_r61408.o(.data)
 <LI><a href="#[b]">drv_R61408_drawpoint</a> from drv_r61408.o(i.drv_R61408_drawpoint) referenced 2 times from drv_r61408.o(.data)
 <LI><a href="#[d]">drv_R61408_fill</a> from drv_r61408.o(i.drv_R61408_fill) referenced 2 times from drv_r61408.o(.data)
 <LI><a href="#[f]">drv_R61408_flush</a> from drv_r61408.o(i.drv_R61408_flush) referenced 2 times from drv_r61408.o(.data)
 <LI><a href="#[a]">drv_R61408_init</a> from drv_r61408.o(i.drv_R61408_init) referenced 2 times from drv_r61408.o(.data)
 <LI><a href="#[13]">drv_R61408_lcd_bl</a> from drv_r61408.o(i.drv_R61408_lcd_bl) referenced 2 times from drv_r61408.o(.data)
 <LI><a href="#[e]">drv_R61408_prepare_display</a> from drv_r61408.o(i.drv_R61408_prepare_display) referenced 2 times from drv_r61408.o(.data)
 <LI><a href="#[12]">drv_R61408_scan_dir</a> from drv_r61408.o(i.drv_R61408_scan_dir) referenced 2 times from drv_r61408.o(.data)
 <LI><a href="#[10]">drv_R61408_update</a> from drv_r61408.o(i.drv_R61408_update) referenced 2 times from drv_r61408.o(.data)
 <LI><a href="#[5a]">drv_ST7565_color_fill</a> from drv_str7565.o(i.drv_ST7565_color_fill) referenced 4 times from drv_str7565.o(.data)
 <LI><a href="#[5f]">drv_ST7565_display_onoff</a> from drv_str7565.o(i.drv_ST7565_display_onoff) referenced 2 times from drv_str7565.o(.data)
 <LI><a href="#[59]">drv_ST7565_drawpoint</a> from drv_str7565.o(i.drv_ST7565_drawpoint) referenced 4 times from drv_str7565.o(.data)
 <LI><a href="#[5b]">drv_ST7565_fill</a> from drv_str7565.o(i.drv_ST7565_fill) referenced 4 times from drv_str7565.o(.data)
 <LI><a href="#[5d]">drv_ST7565_flush</a> from drv_str7565.o(i.drv_ST7565_flush) referenced 4 times from drv_str7565.o(.data)
 <LI><a href="#[58]">drv_ST7565_init</a> from drv_str7565.o(i.drv_ST7565_init) referenced 2 times from drv_str7565.o(.data)
 <LI><a href="#[61]">drv_ST7565_lcd_bl</a> from drv_str7565.o(i.drv_ST7565_lcd_bl) referenced 4 times from drv_str7565.o(.data)
 <LI><a href="#[5c]">drv_ST7565_prepare_display</a> from drv_str7565.o(i.drv_ST7565_prepare_display) referenced 4 times from drv_str7565.o(.data)
 <LI><a href="#[60]">drv_ST7565_scan_dir</a> from drv_str7565.o(i.drv_ST7565_scan_dir) referenced 4 times from drv_str7565.o(.data)
 <LI><a href="#[5e]">drv_ST7565_update</a> from drv_str7565.o(i.drv_ST7565_update) referenced 4 times from drv_str7565.o(.data)
 <LI><a href="#[46]">drv_ST7735R_color_fill</a> from drv_st7735r.o(i.drv_ST7735R_color_fill) referenced 2 times from drv_st7735r.o(.data)
 <LI><a href="#[4b]">drv_ST7735R_display_onoff</a> from drv_st7735r.o(i.drv_ST7735R_display_onoff) referenced 2 times from drv_st7735r.o(.data)
 <LI><a href="#[45]">drv_ST7735R_drawpoint</a> from drv_st7735r.o(i.drv_ST7735R_drawpoint) referenced 2 times from drv_st7735r.o(.data)
 <LI><a href="#[47]">drv_ST7735R_fill</a> from drv_st7735r.o(i.drv_ST7735R_fill) referenced 2 times from drv_st7735r.o(.data)
 <LI><a href="#[49]">drv_ST7735R_flush</a> from drv_st7735r.o(i.drv_ST7735R_flush) referenced 2 times from drv_st7735r.o(.data)
 <LI><a href="#[44]">drv_ST7735R_init</a> from drv_st7735r.o(i.drv_ST7735R_init) referenced 2 times from drv_st7735r.o(.data)
 <LI><a href="#[4d]">drv_ST7735R_lcd_bl</a> from drv_st7735r.o(i.drv_ST7735R_lcd_bl) referenced 2 times from drv_st7735r.o(.data)
 <LI><a href="#[48]">drv_ST7735R_prepare_display</a> from drv_st7735r.o(i.drv_ST7735R_prepare_display) referenced 2 times from drv_st7735r.o(.data)
 <LI><a href="#[4c]">drv_ST7735R_scan_dir</a> from drv_st7735r.o(i.drv_ST7735R_scan_dir) referenced 2 times from drv_st7735r.o(.data)
 <LI><a href="#[4a]">drv_ST7735R_update</a> from drv_st7735r.o(i.drv_ST7735R_update) referenced 2 times from drv_st7735r.o(.data)
 <LI><a href="#[50]">drv_ST7789_color_fill</a> from drv_st7789.o(i.drv_ST7789_color_fill) referenced 2 times from drv_st7789.o(.data)
 <LI><a href="#[55]">drv_ST7789_display_onoff</a> from drv_st7789.o(i.drv_ST7789_display_onoff) referenced 2 times from drv_st7789.o(.data)
 <LI><a href="#[4f]">drv_ST7789_drawpoint</a> from drv_st7789.o(i.drv_ST7789_drawpoint) referenced 2 times from drv_st7789.o(.data)
 <LI><a href="#[51]">drv_ST7789_fill</a> from drv_st7789.o(i.drv_ST7789_fill) referenced 2 times from drv_st7789.o(.data)
 <LI><a href="#[53]">drv_ST7789_flush</a> from drv_st7789.o(i.drv_ST7789_flush) referenced 2 times from drv_st7789.o(.data)
 <LI><a href="#[4e]">drv_ST7789_init</a> from drv_st7789.o(i.drv_ST7789_init) referenced 2 times from drv_st7789.o(.data)
 <LI><a href="#[57]">drv_ST7789_lcd_bl</a> from drv_st7789.o(i.drv_ST7789_lcd_bl) referenced 2 times from drv_st7789.o(.data)
 <LI><a href="#[52]">drv_ST7789_prepare_display</a> from drv_st7789.o(i.drv_ST7789_prepare_display) referenced 2 times from drv_st7789.o(.data)
 <LI><a href="#[56]">drv_ST7789_scan_dir</a> from drv_st7789.o(i.drv_ST7789_scan_dir) referenced 2 times from drv_st7789.o(.data)
 <LI><a href="#[54]">drv_ST7789_update</a> from drv_st7789.o(i.drv_ST7789_update) referenced 2 times from drv_st7789.o(.data)
 <LI><a href="#[63]">drv_ssd1615_display_onoff</a> from drv_str7565.o(i.drv_ssd1615_display_onoff) referenced 2 times from drv_str7565.o(.data)
 <LI><a href="#[62]">drv_ssd1615_init</a> from drv_str7565.o(i.drv_ssd1615_init) referenced 2 times from drv_str7565.o(.data)
 <LI><a href="#[d9]">find_kv_cb</a> from fdb_kvdb.o(i.find_kv_cb) referenced from fdb_kvdb.o(i.find_kv_no_cache)
 <LI><a href="#[dd]">font_wjq_get_glyph_bitmap</a> from font_wjq.o(i.font_wjq_get_glyph_bitmap) referenced from font_wjq.o(i.font_wjq_create_from_file)
 <LI><a href="#[dc]">font_wjq_get_glyph_dsc</a> from font_wjq.o(i.font_wjq_get_glyph_dsc) referenced from font_wjq.o(i.font_wjq_create_from_file)
 <LI><a href="#[ce]">fputc</a> from fputc.o(i.fputc) referenced from printfa.o(i.__0printf)
 <LI><a href="#[df]">gc_check_cb</a> from fdb_kvdb.o(i.gc_check_cb) referenced from fdb_kvdb.o(i.gc_collect)
 <LI><a href="#[e2]">lfs_alloc_lookahead</a> from lfs.o(i.lfs_alloc_lookahead) referenced from lfs.o(i.lfs_alloc)
 <LI><a href="#[e3]">lfs_dir_commit_commit</a> from lfs.o(i.lfs_dir_commit_commit) referenced from lfs.o(i.lfs_dir_compact)
 <LI><a href="#[e3]">lfs_dir_commit_commit</a> from lfs.o(i.lfs_dir_commit_commit) referenced from lfs.o(i.lfs_dir_relocatingcommit)
 <LI><a href="#[e5]">lfs_dir_commit_size</a> from lfs.o(i.lfs_dir_commit_size) referenced from lfs.o(i.lfs_dir_splittingcompact)
 <LI><a href="#[e4]">lfs_dir_find_match</a> from lfs.o(i.lfs_dir_find_match) referenced from lfs.o(i.lfs_dir_find)
 <LI><a href="#[e4]">lfs_dir_find_match</a> from lfs.o(i.lfs_dir_find_match) referenced from lfs.o(i.lfs_rawmount)
 <LI><a href="#[e6]">lfs_dir_traverse_filter</a> from lfs.o(i.lfs_dir_traverse_filter) referenced from lfs.o(i.lfs_dir_traverse)
 <LI><a href="#[e7]">lfs_fs_parent_match</a> from lfs.o(i.lfs_fs_parent_match) referenced from lfs.o(i.lfs_fs_parent)
 <LI><a href="#[e8]">lfs_fs_size_count</a> from lfs.o(i.lfs_fs_size_count) referenced from lfs.o(i.lfs_fs_rawsize)
 <LI><a href="#[da]">lock</a> from flashdb_demo.o(i.lock) referenced from flashdb_demo.o(i.flashdb_demo)
 <LI><a href="#[cb]">main</a> from main.o(i.main) referenced from entry9a.o(.ARM.Collect$$$$0000000B)
 <LI><a href="#[e9]">petite_task</a> from petite.o(i.petite_task) referenced from petite.o(i.petite_app)
 <LI><a href="#[eb]">prvIdleTask</a> from tasks.o(i.prvIdleTask) referenced from tasks.o(i.vTaskStartScheduler)
 <LI><a href="#[ea]">prvTaskExitError</a> from port.o(i.prvTaskExitError) referenced from port.o(i.pxPortInitialiseStack)
 <LI><a href="#[f7]">prvTimerTask</a> from timers.o(i.prvTimerTask) referenced from timers.o(i.xTimerCreateTimerTask)
 <LI><a href="#[d3]">sector_statistics_cb</a> from fdb_kvdb.o(i.sector_statistics_cb) referenced from fdb_kvdb.o(i.alloc_kv)
 <LI><a href="#[10b]">storage_empty_close</a> from partition.o(i.storage_empty_close) referenced from partition.o(.constdata)
 <LI><a href="#[10a]">storage_empty_erase</a> from partition.o(i.storage_empty_erase) referenced from partition.o(.constdata)
 <LI><a href="#[104]">storage_empty_getblksize</a> from partition.o(i.storage_empty_getblksize) referenced from partition.o(.constdata)
 <LI><a href="#[106]">storage_empty_getdev</a> from partition.o(i.storage_empty_getdev) referenced from partition.o(.constdata)
 <LI><a href="#[105]">storage_empty_getsize</a> from partition.o(i.storage_empty_getsize) referenced from partition.o(.constdata)
 <LI><a href="#[107]">storage_empty_open</a> from partition.o(i.storage_empty_open) referenced from partition.o(.constdata)
 <LI><a href="#[108]">storage_empty_read</a> from partition.o(i.storage_empty_read) referenced from partition.o(.constdata)
 <LI><a href="#[109]">storage_empty_write</a> from partition.o(i.storage_empty_write) referenced from partition.o(.constdata)
 <LI><a href="#[fe]">storage_spiflash_erase</a> from drv_spiflash.o(i.storage_spiflash_erase) referenced from drv_spiflash.o(.constdata)
 <LI><a href="#[f8]">storage_spiflash_getblksize</a> from drv_spiflash.o(i.storage_spiflash_getblksize) referenced from drv_spiflash.o(.constdata)
 <LI><a href="#[f9]">storage_spiflash_getsize</a> from drv_spiflash.o(i.storage_spiflash_getsize) referenced from drv_spiflash.o(.constdata)
 <LI><a href="#[fc]">storage_spiflash_read</a> from drv_spiflash.o(i.storage_spiflash_read) referenced from drv_spiflash.o(.constdata)
 <LI><a href="#[fd]">storage_spiflash_write</a> from drv_spiflash.o(i.storage_spiflash_write) referenced from drv_spiflash.o(.constdata)
 <LI><a href="#[64]">tlsf_create_with_pool</a> from tlsf.o(i.tlsf_create_with_pool) referenced 2 times from p_malloc.o(.data)
 <LI><a href="#[66]">tlsf_free</a> from tlsf.o(i.tlsf_free) referenced 2 times from p_malloc.o(.data)
 <LI><a href="#[65]">tlsf_malloc</a> from tlsf.o(i.tlsf_malloc) referenced 2 times from p_malloc.o(.data)
 <LI><a href="#[67]">tlsf_realloc</a> from tlsf.o(i.tlsf_realloc) referenced 2 times from p_malloc.o(.data)
 <LI><a href="#[db]">unlock</a> from flashdb_demo.o(i.unlock) referenced from flashdb_demo.o(i.flashdb_demo)
 <LI><a href="#[e1]">var_complete</a> from commnad.o(i.var_complete) referenced from commnad.o(i.install_auto_complete)
 <LI><a href="#[ec]">vfs_fatfs_file_open</a> from vfs.o(i.vfs_fatfs_file_open) referenced from vfs.o(i.vfs_fatfs_mount)
 <LI><a href="#[f5]">vfs_lfs_file_close</a> from vfs.o(i.vfs_lfs_file_close) referenced from vfs.o(i.vfs_mount_lfs)
 <LI><a href="#[f4]">vfs_lfs_file_lseek</a> from vfs.o(i.vfs_lfs_file_lseek) referenced from vfs.o(i.vfs_mount_lfs)
 <LI><a href="#[f1]">vfs_lfs_file_open</a> from vfs.o(i.vfs_lfs_file_open) referenced from vfs.o(i.vfs_mount_lfs)
 <LI><a href="#[f2]">vfs_lfs_file_read</a> from vfs.o(i.vfs_lfs_file_read) referenced from vfs.o(i.vfs_mount_lfs)
 <LI><a href="#[f6]">vfs_lfs_file_tell</a> from vfs.o(i.vfs_lfs_file_tell) referenced from vfs.o(i.vfs_mount_lfs)
 <LI><a href="#[f3]">vfs_lfs_file_write</a> from vfs.o(i.vfs_lfs_file_write) referenced from vfs.o(i.vfs_mount_lfs)
 <LI><a href="#[ef]">vfs_lfs_sto_erase</a> from vfs.o(i.vfs_lfs_sto_erase) referenced from vfs.o(i.vfs_mount_lfs)
 <LI><a href="#[ee]">vfs_lfs_sto_prog</a> from vfs.o(i.vfs_lfs_sto_prog) referenced from vfs.o(i.vfs_mount_lfs)
 <LI><a href="#[ed]">vfs_lfs_sto_read</a> from vfs.o(i.vfs_lfs_sto_read) referenced from vfs.o(i.vfs_mount_lfs)
 <LI><a href="#[f0]">vfs_lfs_sto_sync</a> from vfs.o(i.vfs_lfs_sto_sync) referenced from vfs.o(i.vfs_mount_lfs)
 <LI><a href="#[103]">xpt2046_task</a> from xpt2046.o(i.xpt2046_task) referenced from xpt2046.o(.constdata)
</UL>
<P>
<H3>
Global Symbols
</H3>
<P><STRONG><a name="[cd]"></a>__main</STRONG> (Thumb, 0 bytes, Stack size unknown bytes, entry.o(.ARM.Collect$$$$00000000))
<BR>[Address Reference Count : 1]<UL><LI> startup_stm32f40_41xxx.o(.text)
</UL>
<P><STRONG><a name="[43e]"></a>_main_stk</STRONG> (Thumb, 0 bytes, Stack size unknown bytes, entry2.o(.ARM.Collect$$$$00000001))

<P><STRONG><a name="[115]"></a>_main_scatterload</STRONG> (Thumb, 0 bytes, Stack size unknown bytes, entry5.o(.ARM.Collect$$$$00000004))
<BR><BR>[Calls]<UL><LI><a href="#[116]">&gt;&gt;</a>&nbsp;&nbsp;&nbsp;__scatterload
</UL>

<P><STRONG><a name="[128]"></a>__main_after_scatterload</STRONG> (Thumb, 0 bytes, Stack size unknown bytes, entry5.o(.ARM.Collect$$$$00000004))
<BR><BR>[Called By]<UL><LI><a href="#[116]">&gt;&gt;</a>&nbsp;&nbsp;&nbsp;__scatterload
</UL>

<P><STRONG><a name="[43f]"></a>_main_clock</STRONG> (Thumb, 0 bytes, Stack size unknown bytes, entry7b.o(.ARM.Collect$$$$00000008))

<P><STRONG><a name="[440]"></a>_main_cpp_init</STRONG> (Thumb, 0 bytes, Stack size unknown bytes, entry8b.o(.ARM.Collect$$$$0000000A))

<P><STRONG><a name="[441]"></a>_main_init</STRONG> (Thumb, 0 bytes, Stack size unknown bytes, entry9a.o(.ARM.Collect$$$$0000000B))

<P><STRONG><a name="[442]"></a>__rt_lib_shutdown_fini</STRONG> (Thumb, 0 bytes, Stack size unknown bytes, entry12b.o(.ARM.Collect$$$$0000000E))

<P><STRONG><a name="[443]"></a>__rt_final_cpp</STRONG> (Thumb, 0 bytes, Stack size unknown bytes, entry10a.o(.ARM.Collect$$$$0000000F))

<P><STRONG><a name="[444]"></a>__rt_final_exit</STRONG> (Thumb, 0 bytes, Stack size unknown bytes, entry11a.o(.ARM.Collect$$$$00000011))

<P><STRONG><a name="[75]"></a>SVC_Handler</STRONG> (Thumb, 28 bytes, Stack size 0 bytes, port.o(.emb_text))
<BR>[Address Reference Count : 1]<UL><LI> startup_stm32f40_41xxx.o(RESET)
</UL>
<P><STRONG><a name="[433]"></a>__asm___6_port_c_39a90d8d__prvStartFirstTask</STRONG> (Thumb, 36 bytes, Stack size 0 bytes, port.o(.emb_text))
<BR><BR>[Called By]<UL><LI><a href="#[42a]">&gt;&gt;</a>&nbsp;&nbsp;&nbsp;xPortStartScheduler
</UL>

<P><STRONG><a name="[432]"></a>__asm___6_port_c_39a90d8d__prvEnableVFP</STRONG> (Thumb, 16 bytes, Stack size 0 bytes, port.o(.emb_text))
<BR><BR>[Called By]<UL><LI><a href="#[42a]">&gt;&gt;</a>&nbsp;&nbsp;&nbsp;xPortStartScheduler
</UL>

<P><STRONG><a name="[77]"></a>PendSV_Handler</STRONG> (Thumb, 88 bytes, Stack size 0 bytes, port.o(.emb_text))
<BR><BR>[Stack]<UL><LI>Max Depth = 72<LI>Call Chain = PendSV_Handler &rArr; vTaskSwitchContext &rArr; vApplicationStackOverflowHook &rArr; uart_printf &rArr; mcu_uart_write
</UL>
<BR>[Calls]<UL><LI><a href="#[117]">&gt;&gt;</a>&nbsp;&nbsp;&nbsp;vTaskSwitchContext
</UL>
<BR>[Address Reference Count : 1]<UL><LI> startup_stm32f40_41xxx.o(RESET)
</UL>
<P><STRONG><a name="[424]"></a>vPortGetIPSR</STRONG> (Thumb, 6 bytes, Stack size 0 bytes, port.o(.emb_text))
<BR><BR>[Called By]<UL><LI><a href="#[423]">&gt;&gt;</a>&nbsp;&nbsp;&nbsp;vPortValidateInterruptPriority
</UL>

<P><STRONG><a name="[445]"></a>__asm___14_cm_backtrace_c_13c737ea__cmb_get_msp</STRONG> (Thumb, 6 bytes, Stack size 0 bytes, cm_backtrace.o(.emb_text), UNUSED)

<P><STRONG><a name="[271]"></a>__asm___14_cm_backtrace_c_13c737ea__cmb_get_psp</STRONG> (Thumb, 6 bytes, Stack size 0 bytes, cm_backtrace.o(.emb_text))
<BR><BR>[Called By]<UL><LI><a href="#[118]">&gt;&gt;</a>&nbsp;&nbsp;&nbsp;cm_backtrace_fault
<LI><a href="#[26e]">&gt;&gt;</a>&nbsp;&nbsp;&nbsp;cm_backtrace_call_stack
</UL>

<P><STRONG><a name="[270]"></a>__asm___14_cm_backtrace_c_13c737ea__cmb_get_sp</STRONG> (Thumb, 4 bytes, Stack size 0 bytes, cm_backtrace.o(.emb_text))
<BR><BR>[Called By]<UL><LI><a href="#[26e]">&gt;&gt;</a>&nbsp;&nbsp;&nbsp;cm_backtrace_call_stack
</UL>

<P><STRONG><a name="[6f]"></a>Reset_Handler</STRONG> (Thumb, 8 bytes, Stack size 0 bytes, startup_stm32f40_41xxx.o(.text))
<BR>[Address Reference Count : 1]<UL><LI> startup_stm32f40_41xxx.o(RESET)
</UL>
<P><STRONG><a name="[8e]"></a>CAN1_RX1_IRQHandler</STRONG> (Thumb, 0 bytes, Stack size 0 bytes, startup_stm32f40_41xxx.o(.text))
<BR><BR>[Calls]<UL><LI><a href="#[8e]">&gt;&gt;</a>&nbsp;&nbsp;&nbsp;CAN1_RX1_IRQHandler
</UL>
<BR>[Called By]<UL><LI><a href="#[8e]">&gt;&gt;</a>&nbsp;&nbsp;&nbsp;CAN1_RX1_IRQHandler
</UL>
<BR>[Address Reference Count : 1]<UL><LI> startup_stm32f40_41xxx.o(RESET)
</UL>
<P><STRONG><a name="[8f]"></a>CAN1_SCE_IRQHandler</STRONG> (Thumb, 0 bytes, Stack size 0 bytes, startup_stm32f40_41xxx.o(.text))
<BR>[Address Reference Count : 1]<UL><LI> startup_stm32f40_41xxx.o(RESET)
</UL>
<P><STRONG><a name="[8c]"></a>CAN1_TX_IRQHandler</STRONG> (Thumb, 0 bytes, Stack size 0 bytes, startup_stm32f40_41xxx.o(.text))
<BR>[Address Reference Count : 1]<UL><LI> startup_stm32f40_41xxx.o(RESET)
</UL>
<P><STRONG><a name="[b9]"></a>CAN2_RX0_IRQHandler</STRONG> (Thumb, 0 bytes, Stack size 0 bytes, startup_stm32f40_41xxx.o(.text))
<BR>[Address Reference Count : 1]<UL><LI> startup_stm32f40_41xxx.o(RESET)
</UL>
<P><STRONG><a name="[ba]"></a>CAN2_RX1_IRQHandler</STRONG> (Thumb, 0 bytes, Stack size 0 bytes, startup_stm32f40_41xxx.o(.text))
<BR>[Address Reference Count : 1]<UL><LI> startup_stm32f40_41xxx.o(RESET)
</UL>
<P><STRONG><a name="[bb]"></a>CAN2_SCE_IRQHandler</STRONG> (Thumb, 0 bytes, Stack size 0 bytes, startup_stm32f40_41xxx.o(.text))
<BR>[Address Reference Count : 1]<UL><LI> startup_stm32f40_41xxx.o(RESET)
</UL>
<P><STRONG><a name="[b8]"></a>CAN2_TX_IRQHandler</STRONG> (Thumb, 0 bytes, Stack size 0 bytes, startup_stm32f40_41xxx.o(.text))
<BR>[Address Reference Count : 1]<UL><LI> startup_stm32f40_41xxx.o(RESET)
</UL>
<P><STRONG><a name="[c8]"></a>CRYP_IRQHandler</STRONG> (Thumb, 0 bytes, Stack size 0 bytes, startup_stm32f40_41xxx.o(.text))
<BR>[Address Reference Count : 1]<UL><LI> startup_stm32f40_41xxx.o(RESET)
</UL>
<P><STRONG><a name="[84]"></a>DMA1_Stream0_IRQHandler</STRONG> (Thumb, 0 bytes, Stack size 0 bytes, startup_stm32f40_41xxx.o(.text))
<BR>[Address Reference Count : 1]<UL><LI> startup_stm32f40_41xxx.o(RESET)
</UL>
<P><STRONG><a name="[85]"></a>DMA1_Stream1_IRQHandler</STRONG> (Thumb, 0 bytes, Stack size 0 bytes, startup_stm32f40_41xxx.o(.text))
<BR>[Address Reference Count : 1]<UL><LI> startup_stm32f40_41xxx.o(RESET)
</UL>
<P><STRONG><a name="[86]"></a>DMA1_Stream2_IRQHandler</STRONG> (Thumb, 0 bytes, Stack size 0 bytes, startup_stm32f40_41xxx.o(.text))
<BR>[Address Reference Count : 1]<UL><LI> startup_stm32f40_41xxx.o(RESET)
</UL>
<P><STRONG><a name="[89]"></a>DMA1_Stream5_IRQHandler</STRONG> (Thumb, 0 bytes, Stack size 0 bytes, startup_stm32f40_41xxx.o(.text))
<BR>[Address Reference Count : 1]<UL><LI> startup_stm32f40_41xxx.o(RESET)
</UL>
<P><STRONG><a name="[8a]"></a>DMA1_Stream6_IRQHandler</STRONG> (Thumb, 0 bytes, Stack size 0 bytes, startup_stm32f40_41xxx.o(.text))
<BR>[Address Reference Count : 1]<UL><LI> startup_stm32f40_41xxx.o(RESET)
</UL>
<P><STRONG><a name="[a8]"></a>DMA1_Stream7_IRQHandler</STRONG> (Thumb, 0 bytes, Stack size 0 bytes, startup_stm32f40_41xxx.o(.text))
<BR>[Address Reference Count : 1]<UL><LI> startup_stm32f40_41xxx.o(RESET)
</UL>
<P><STRONG><a name="[b1]"></a>DMA2_Stream0_IRQHandler</STRONG> (Thumb, 0 bytes, Stack size 0 bytes, startup_stm32f40_41xxx.o(.text))
<BR>[Address Reference Count : 1]<UL><LI> startup_stm32f40_41xxx.o(RESET)
</UL>
<P><STRONG><a name="[b3]"></a>DMA2_Stream2_IRQHandler</STRONG> (Thumb, 0 bytes, Stack size 0 bytes, startup_stm32f40_41xxx.o(.text))
<BR>[Address Reference Count : 1]<UL><LI> startup_stm32f40_41xxx.o(RESET)
</UL>
<P><STRONG><a name="[b5]"></a>DMA2_Stream4_IRQHandler</STRONG> (Thumb, 0 bytes, Stack size 0 bytes, startup_stm32f40_41xxx.o(.text))
<BR>[Address Reference Count : 1]<UL><LI> startup_stm32f40_41xxx.o(RESET)
</UL>
<P><STRONG><a name="[bd]"></a>DMA2_Stream5_IRQHandler</STRONG> (Thumb, 0 bytes, Stack size 0 bytes, startup_stm32f40_41xxx.o(.text))
<BR>[Address Reference Count : 1]<UL><LI> startup_stm32f40_41xxx.o(RESET)
</UL>
<P><STRONG><a name="[be]"></a>DMA2_Stream6_IRQHandler</STRONG> (Thumb, 0 bytes, Stack size 0 bytes, startup_stm32f40_41xxx.o(.text))
<BR>[Address Reference Count : 1]<UL><LI> startup_stm32f40_41xxx.o(RESET)
</UL>
<P><STRONG><a name="[bf]"></a>DMA2_Stream7_IRQHandler</STRONG> (Thumb, 0 bytes, Stack size 0 bytes, startup_stm32f40_41xxx.o(.text))
<BR>[Address Reference Count : 1]<UL><LI> startup_stm32f40_41xxx.o(RESET)
</UL>
<P><STRONG><a name="[b6]"></a>ETH_IRQHandler</STRONG> (Thumb, 0 bytes, Stack size 0 bytes, startup_stm32f40_41xxx.o(.text))
<BR>[Address Reference Count : 1]<UL><LI> startup_stm32f40_41xxx.o(RESET)
</UL>
<P><STRONG><a name="[b7]"></a>ETH_WKUP_IRQHandler</STRONG> (Thumb, 0 bytes, Stack size 0 bytes, startup_stm32f40_41xxx.o(.text))
<BR>[Address Reference Count : 1]<UL><LI> startup_stm32f40_41xxx.o(RESET)
</UL>
<P><STRONG><a name="[7f]"></a>EXTI0_IRQHandler</STRONG> (Thumb, 0 bytes, Stack size 0 bytes, startup_stm32f40_41xxx.o(.text))
<BR>[Address Reference Count : 1]<UL><LI> startup_stm32f40_41xxx.o(RESET)
</UL>
<P><STRONG><a name="[a1]"></a>EXTI15_10_IRQHandler</STRONG> (Thumb, 0 bytes, Stack size 0 bytes, startup_stm32f40_41xxx.o(.text))
<BR>[Address Reference Count : 1]<UL><LI> startup_stm32f40_41xxx.o(RESET)
</UL>
<P><STRONG><a name="[80]"></a>EXTI1_IRQHandler</STRONG> (Thumb, 0 bytes, Stack size 0 bytes, startup_stm32f40_41xxx.o(.text))
<BR>[Address Reference Count : 1]<UL><LI> startup_stm32f40_41xxx.o(RESET)
</UL>
<P><STRONG><a name="[81]"></a>EXTI2_IRQHandler</STRONG> (Thumb, 0 bytes, Stack size 0 bytes, startup_stm32f40_41xxx.o(.text))
<BR>[Address Reference Count : 1]<UL><LI> startup_stm32f40_41xxx.o(RESET)
</UL>
<P><STRONG><a name="[82]"></a>EXTI3_IRQHandler</STRONG> (Thumb, 0 bytes, Stack size 0 bytes, startup_stm32f40_41xxx.o(.text))
<BR>[Address Reference Count : 1]<UL><LI> startup_stm32f40_41xxx.o(RESET)
</UL>
<P><STRONG><a name="[83]"></a>EXTI4_IRQHandler</STRONG> (Thumb, 0 bytes, Stack size 0 bytes, startup_stm32f40_41xxx.o(.text))
<BR>[Address Reference Count : 1]<UL><LI> startup_stm32f40_41xxx.o(RESET)
</UL>
<P><STRONG><a name="[90]"></a>EXTI9_5_IRQHandler</STRONG> (Thumb, 0 bytes, Stack size 0 bytes, startup_stm32f40_41xxx.o(.text))
<BR>[Address Reference Count : 1]<UL><LI> startup_stm32f40_41xxx.o(RESET)
</UL>
<P><STRONG><a name="[7d]"></a>FLASH_IRQHandler</STRONG> (Thumb, 0 bytes, Stack size 0 bytes, startup_stm32f40_41xxx.o(.text))
<BR>[Address Reference Count : 1]<UL><LI> startup_stm32f40_41xxx.o(RESET)
</UL>
<P><STRONG><a name="[ca]"></a>FPU_IRQHandler</STRONG> (Thumb, 0 bytes, Stack size 0 bytes, startup_stm32f40_41xxx.o(.text))
<BR>[Address Reference Count : 1]<UL><LI> startup_stm32f40_41xxx.o(RESET)
</UL>
<P><STRONG><a name="[a9]"></a>FSMC_IRQHandler</STRONG> (Thumb, 0 bytes, Stack size 0 bytes, startup_stm32f40_41xxx.o(.text))
<BR>[Address Reference Count : 1]<UL><LI> startup_stm32f40_41xxx.o(RESET)
</UL>
<P><STRONG><a name="[c9]"></a>HASH_RNG_IRQHandler</STRONG> (Thumb, 0 bytes, Stack size 0 bytes, startup_stm32f40_41xxx.o(.text))
<BR>[Address Reference Count : 1]<UL><LI> startup_stm32f40_41xxx.o(RESET)
</UL>
<P><STRONG><a name="[99]"></a>I2C1_ER_IRQHandler</STRONG> (Thumb, 0 bytes, Stack size 0 bytes, startup_stm32f40_41xxx.o(.text))
<BR>[Address Reference Count : 1]<UL><LI> startup_stm32f40_41xxx.o(RESET)
</UL>
<P><STRONG><a name="[98]"></a>I2C1_EV_IRQHandler</STRONG> (Thumb, 0 bytes, Stack size 0 bytes, startup_stm32f40_41xxx.o(.text))
<BR>[Address Reference Count : 1]<UL><LI> startup_stm32f40_41xxx.o(RESET)
</UL>
<P><STRONG><a name="[9b]"></a>I2C2_ER_IRQHandler</STRONG> (Thumb, 0 bytes, Stack size 0 bytes, startup_stm32f40_41xxx.o(.text))
<BR>[Address Reference Count : 1]<UL><LI> startup_stm32f40_41xxx.o(RESET)
</UL>
<P><STRONG><a name="[9a]"></a>I2C2_EV_IRQHandler</STRONG> (Thumb, 0 bytes, Stack size 0 bytes, startup_stm32f40_41xxx.o(.text))
<BR>[Address Reference Count : 1]<UL><LI> startup_stm32f40_41xxx.o(RESET)
</UL>
<P><STRONG><a name="[c2]"></a>I2C3_ER_IRQHandler</STRONG> (Thumb, 0 bytes, Stack size 0 bytes, startup_stm32f40_41xxx.o(.text))
<BR>[Address Reference Count : 1]<UL><LI> startup_stm32f40_41xxx.o(RESET)
</UL>
<P><STRONG><a name="[c1]"></a>I2C3_EV_IRQHandler</STRONG> (Thumb, 0 bytes, Stack size 0 bytes, startup_stm32f40_41xxx.o(.text))
<BR>[Address Reference Count : 1]<UL><LI> startup_stm32f40_41xxx.o(RESET)
</UL>
<P><STRONG><a name="[bc]"></a>OTG_FS_IRQHandler</STRONG> (Thumb, 0 bytes, Stack size 0 bytes, startup_stm32f40_41xxx.o(.text))
<BR>[Address Reference Count : 1]<UL><LI> startup_stm32f40_41xxx.o(RESET)
</UL>
<P><STRONG><a name="[a3]"></a>OTG_FS_WKUP_IRQHandler</STRONG> (Thumb, 0 bytes, Stack size 0 bytes, startup_stm32f40_41xxx.o(.text))
<BR>[Address Reference Count : 1]<UL><LI> startup_stm32f40_41xxx.o(RESET)
</UL>
<P><STRONG><a name="[c4]"></a>OTG_HS_EP1_IN_IRQHandler</STRONG> (Thumb, 0 bytes, Stack size 0 bytes, startup_stm32f40_41xxx.o(.text))
<BR>[Address Reference Count : 1]<UL><LI> startup_stm32f40_41xxx.o(RESET)
</UL>
<P><STRONG><a name="[c3]"></a>OTG_HS_EP1_OUT_IRQHandler</STRONG> (Thumb, 0 bytes, Stack size 0 bytes, startup_stm32f40_41xxx.o(.text))
<BR>[Address Reference Count : 1]<UL><LI> startup_stm32f40_41xxx.o(RESET)
</UL>
<P><STRONG><a name="[c6]"></a>OTG_HS_IRQHandler</STRONG> (Thumb, 0 bytes, Stack size 0 bytes, startup_stm32f40_41xxx.o(.text))
<BR>[Address Reference Count : 1]<UL><LI> startup_stm32f40_41xxx.o(RESET)
</UL>
<P><STRONG><a name="[c5]"></a>OTG_HS_WKUP_IRQHandler</STRONG> (Thumb, 0 bytes, Stack size 0 bytes, startup_stm32f40_41xxx.o(.text))
<BR>[Address Reference Count : 1]<UL><LI> startup_stm32f40_41xxx.o(RESET)
</UL>
<P><STRONG><a name="[7a]"></a>PVD_IRQHandler</STRONG> (Thumb, 0 bytes, Stack size 0 bytes, startup_stm32f40_41xxx.o(.text))
<BR>[Address Reference Count : 1]<UL><LI> startup_stm32f40_41xxx.o(RESET)
</UL>
<P><STRONG><a name="[7e]"></a>RCC_IRQHandler</STRONG> (Thumb, 0 bytes, Stack size 0 bytes, startup_stm32f40_41xxx.o(.text))
<BR>[Address Reference Count : 1]<UL><LI> startup_stm32f40_41xxx.o(RESET)
</UL>
<P><STRONG><a name="[a2]"></a>RTC_Alarm_IRQHandler</STRONG> (Thumb, 0 bytes, Stack size 0 bytes, startup_stm32f40_41xxx.o(.text))
<BR>[Address Reference Count : 1]<UL><LI> startup_stm32f40_41xxx.o(RESET)
</UL>
<P><STRONG><a name="[7c]"></a>RTC_WKUP_IRQHandler</STRONG> (Thumb, 0 bytes, Stack size 0 bytes, startup_stm32f40_41xxx.o(.text))
<BR>[Address Reference Count : 1]<UL><LI> startup_stm32f40_41xxx.o(RESET)
</UL>
<P><STRONG><a name="[9c]"></a>SPI1_IRQHandler</STRONG> (Thumb, 0 bytes, Stack size 0 bytes, startup_stm32f40_41xxx.o(.text))
<BR>[Address Reference Count : 1]<UL><LI> startup_stm32f40_41xxx.o(RESET)
</UL>
<P><STRONG><a name="[9d]"></a>SPI2_IRQHandler</STRONG> (Thumb, 0 bytes, Stack size 0 bytes, startup_stm32f40_41xxx.o(.text))
<BR>[Address Reference Count : 1]<UL><LI> startup_stm32f40_41xxx.o(RESET)
</UL>
<P><STRONG><a name="[ac]"></a>SPI3_IRQHandler</STRONG> (Thumb, 0 bytes, Stack size 0 bytes, startup_stm32f40_41xxx.o(.text))
<BR>[Address Reference Count : 1]<UL><LI> startup_stm32f40_41xxx.o(RESET)
</UL>
<P><STRONG><a name="[7b]"></a>TAMP_STAMP_IRQHandler</STRONG> (Thumb, 0 bytes, Stack size 0 bytes, startup_stm32f40_41xxx.o(.text))
<BR>[Address Reference Count : 1]<UL><LI> startup_stm32f40_41xxx.o(RESET)
</UL>
<P><STRONG><a name="[91]"></a>TIM1_BRK_TIM9_IRQHandler</STRONG> (Thumb, 0 bytes, Stack size 0 bytes, startup_stm32f40_41xxx.o(.text))
<BR>[Address Reference Count : 1]<UL><LI> startup_stm32f40_41xxx.o(RESET)
</UL>
<P><STRONG><a name="[94]"></a>TIM1_CC_IRQHandler</STRONG> (Thumb, 0 bytes, Stack size 0 bytes, startup_stm32f40_41xxx.o(.text))
<BR>[Address Reference Count : 1]<UL><LI> startup_stm32f40_41xxx.o(RESET)
</UL>
<P><STRONG><a name="[93]"></a>TIM1_TRG_COM_TIM11_IRQHandler</STRONG> (Thumb, 0 bytes, Stack size 0 bytes, startup_stm32f40_41xxx.o(.text))
<BR>[Address Reference Count : 1]<UL><LI> startup_stm32f40_41xxx.o(RESET)
</UL>
<P><STRONG><a name="[92]"></a>TIM1_UP_TIM10_IRQHandler</STRONG> (Thumb, 0 bytes, Stack size 0 bytes, startup_stm32f40_41xxx.o(.text))
<BR>[Address Reference Count : 1]<UL><LI> startup_stm32f40_41xxx.o(RESET)
</UL>
<P><STRONG><a name="[95]"></a>TIM2_IRQHandler</STRONG> (Thumb, 0 bytes, Stack size 0 bytes, startup_stm32f40_41xxx.o(.text))
<BR>[Address Reference Count : 1]<UL><LI> startup_stm32f40_41xxx.o(RESET)
</UL>
<P><STRONG><a name="[97]"></a>TIM4_IRQHandler</STRONG> (Thumb, 0 bytes, Stack size 0 bytes, startup_stm32f40_41xxx.o(.text))
<BR>[Address Reference Count : 1]<UL><LI> startup_stm32f40_41xxx.o(RESET)
</UL>
<P><STRONG><a name="[af]"></a>TIM6_DAC_IRQHandler</STRONG> (Thumb, 0 bytes, Stack size 0 bytes, startup_stm32f40_41xxx.o(.text))
<BR>[Address Reference Count : 1]<UL><LI> startup_stm32f40_41xxx.o(RESET)
</UL>
<P><STRONG><a name="[a4]"></a>TIM8_BRK_TIM12_IRQHandler</STRONG> (Thumb, 0 bytes, Stack size 0 bytes, startup_stm32f40_41xxx.o(.text))
<BR>[Address Reference Count : 1]<UL><LI> startup_stm32f40_41xxx.o(RESET)
</UL>
<P><STRONG><a name="[a7]"></a>TIM8_CC_IRQHandler</STRONG> (Thumb, 0 bytes, Stack size 0 bytes, startup_stm32f40_41xxx.o(.text))
<BR>[Address Reference Count : 1]<UL><LI> startup_stm32f40_41xxx.o(RESET)
</UL>
<P><STRONG><a name="[a6]"></a>TIM8_TRG_COM_TIM14_IRQHandler</STRONG> (Thumb, 0 bytes, Stack size 0 bytes, startup_stm32f40_41xxx.o(.text))
<BR>[Address Reference Count : 1]<UL><LI> startup_stm32f40_41xxx.o(RESET)
</UL>
<P><STRONG><a name="[a5]"></a>TIM8_UP_TIM13_IRQHandler</STRONG> (Thumb, 0 bytes, Stack size 0 bytes, startup_stm32f40_41xxx.o(.text))
<BR>[Address Reference Count : 1]<UL><LI> startup_stm32f40_41xxx.o(RESET)
</UL>
<P><STRONG><a name="[ad]"></a>UART4_IRQHandler</STRONG> (Thumb, 0 bytes, Stack size 0 bytes, startup_stm32f40_41xxx.o(.text))
<BR>[Address Reference Count : 1]<UL><LI> startup_stm32f40_41xxx.o(RESET)
</UL>
<P><STRONG><a name="[ae]"></a>UART5_IRQHandler</STRONG> (Thumb, 0 bytes, Stack size 0 bytes, startup_stm32f40_41xxx.o(.text))
<BR>[Address Reference Count : 1]<UL><LI> startup_stm32f40_41xxx.o(RESET)
</UL>
<P><STRONG><a name="[c0]"></a>USART6_IRQHandler</STRONG> (Thumb, 0 bytes, Stack size 0 bytes, startup_stm32f40_41xxx.o(.text))
<BR>[Address Reference Count : 1]<UL><LI> startup_stm32f40_41xxx.o(RESET)
</UL>
<P><STRONG><a name="[79]"></a>WWDG_IRQHandler</STRONG> (Thumb, 0 bytes, Stack size 0 bytes, startup_stm32f40_41xxx.o(.text))
<BR>[Address Reference Count : 1]<UL><LI> startup_stm32f40_41xxx.o(RESET)
</UL>
<P><STRONG><a name="[71]"></a>HardFault_Handler</STRONG> (Thumb, 12 bytes, Stack size 0 bytes, cmb_fault.o(.text))
<BR><BR>[Stack]<UL><LI>Max Depth = 304<LI>Call Chain = HardFault_Handler &rArr; cm_backtrace_fault &rArr; print_call_stack &rArr; cm_backtrace_call_stack &rArr; get_cur_thread_stack_info &rArr; uart_printf &rArr; mcu_uart_write
</UL>
<BR>[Calls]<UL><LI><a href="#[118]">&gt;&gt;</a>&nbsp;&nbsp;&nbsp;cm_backtrace_fault
</UL>
<BR>[Address Reference Count : 1]<UL><LI> startup_stm32f40_41xxx.o(RESET)
</UL>
<P><STRONG><a name="[446]"></a>___aeabi_memcpy8$move</STRONG> (Thumb, 0 bytes, Stack size 8 bytes, memmovea.o(.text), UNUSED)

<P><STRONG><a name="[240]"></a>__aeabi_memcpy</STRONG> (Thumb, 64 bytes, Stack size 8 bytes, memmovea.o(.text))
<BR><BR>[Stack]<UL><LI>Max Depth = 8<LI>Call Chain = __aeabi_memcpy
</UL>
<BR>[Called By]<UL><LI><a href="#[23f]">&gt;&gt;</a>&nbsp;&nbsp;&nbsp;bus_lcd_write_data
<LI><a href="#[42b]">&gt;&gt;</a>&nbsp;&nbsp;&nbsp;vfs_get_dir_name
<LI><a href="#[67]">&gt;&gt;</a>&nbsp;&nbsp;&nbsp;tlsf_realloc
<LI><a href="#[3ed]">&gt;&gt;</a>&nbsp;&nbsp;&nbsp;prvCopyDataToQueue
<LI><a href="#[3ec]">&gt;&gt;</a>&nbsp;&nbsp;&nbsp;prvCopyDataFromQueue
<LI><a href="#[36f]">&gt;&gt;</a>&nbsp;&nbsp;&nbsp;lfs_file_relocate
<LI><a href="#[35e]">&gt;&gt;</a>&nbsp;&nbsp;&nbsp;lfs_dir_getread
<LI><a href="#[32e]">&gt;&gt;</a>&nbsp;&nbsp;&nbsp;lfs_bd_read
<LI><a href="#[331]">&gt;&gt;</a>&nbsp;&nbsp;&nbsp;lfs_bd_prog
</UL>

<P><STRONG><a name="[273]"></a>__aeabi_memcpy4</STRONG> (Thumb, 0 bytes, Stack size 8 bytes, memmovea.o(.text))
<BR><BR>[Stack]<UL><LI>Max Depth = 8<LI>Call Chain = __aeabi_memcpy4
</UL>
<BR>[Called By]<UL><LI><a href="#[387]">&gt;&gt;</a>&nbsp;&nbsp;&nbsp;lfs_rawmount
<LI><a href="#[382]">&gt;&gt;</a>&nbsp;&nbsp;&nbsp;lfs_rawformat
<LI><a href="#[32a]">&gt;&gt;</a>&nbsp;&nbsp;&nbsp;lfs_fs_rawtraverse
<LI><a href="#[343]">&gt;&gt;</a>&nbsp;&nbsp;&nbsp;lfs_fs_deorphan
<LI><a href="#[361]">&gt;&gt;</a>&nbsp;&nbsp;&nbsp;lfs_file_flush
<LI><a href="#[34d]">&gt;&gt;</a>&nbsp;&nbsp;&nbsp;lfs_dir_traverse
<LI><a href="#[362]">&gt;&gt;</a>&nbsp;&nbsp;&nbsp;lfs_dir_relocatingcommit
<LI><a href="#[342]">&gt;&gt;</a>&nbsp;&nbsp;&nbsp;lfs_dir_orphaningcommit
<LI><a href="#[34a]">&gt;&gt;</a>&nbsp;&nbsp;&nbsp;lfs_dir_compact
<LI><a href="#[118]">&gt;&gt;</a>&nbsp;&nbsp;&nbsp;cm_backtrace_fault
</UL>

<P><STRONG><a name="[289]"></a>__aeabi_memmove</STRONG> (Thumb, 0 bytes, Stack size 8 bytes, memmovea.o(.text))
<BR><BR>[Stack]<UL><LI>Max Depth = 8<LI>Call Chain = __aeabi_memmove
</UL>
<BR>[Called By]<UL><LI><a href="#[28c]">&gt;&gt;</a>&nbsp;&nbsp;&nbsp;cread_line
<LI><a href="#[288]">&gt;&gt;</a>&nbsp;&nbsp;&nbsp;cread_add_char
</UL>

<P><STRONG><a name="[447]"></a>__aeabi_memmove4</STRONG> (Thumb, 0 bytes, Stack size 8 bytes, memmovea.o(.text), UNUSED)

<P><STRONG><a name="[448]"></a>__aeabi_memmove8</STRONG> (Thumb, 0 bytes, Stack size 8 bytes, memmovea.o(.text), UNUSED)

<P><STRONG><a name="[11a]"></a>__aeabi_memset</STRONG> (Thumb, 14 bytes, Stack size 0 bytes, memseta.o(.text))
<BR><BR>[Called By]<UL><LI><a href="#[3f7]">&gt;&gt;</a>&nbsp;&nbsp;&nbsp;prvInitialiseNewTask
<LI><a href="#[330]">&gt;&gt;</a>&nbsp;&nbsp;&nbsp;lfs_cache_zero
<LI><a href="#[1d4]">&gt;&gt;</a>&nbsp;&nbsp;&nbsp;_fdb_set_status
<LI><a href="#[268]">&gt;&gt;</a>&nbsp;&nbsp;&nbsp;format_sector
<LI><a href="#[293]">&gt;&gt;</a>&nbsp;&nbsp;&nbsp;create_kv_blob
<LI><a href="#[1dd]">&gt;&gt;</a>&nbsp;&nbsp;&nbsp;align_write
<LI><a href="#[11b]">&gt;&gt;</a>&nbsp;&nbsp;&nbsp;memset
<LI><a href="#[119]">&gt;&gt;</a>&nbsp;&nbsp;&nbsp;__aeabi_memclr
</UL>

<P><STRONG><a name="[449]"></a>__aeabi_memset4</STRONG> (Thumb, 0 bytes, Stack size 0 bytes, memseta.o(.text), UNUSED)

<P><STRONG><a name="[44a]"></a>__aeabi_memset8</STRONG> (Thumb, 0 bytes, Stack size 0 bytes, memseta.o(.text), UNUSED)

<P><STRONG><a name="[119]"></a>__aeabi_memclr</STRONG> (Thumb, 4 bytes, Stack size 0 bytes, memseta.o(.text))
<BR><BR>[Calls]<UL><LI><a href="#[11a]">&gt;&gt;</a>&nbsp;&nbsp;&nbsp;__aeabi_memset
</UL>
<BR>[Called By]<UL><LI><a href="#[1e]">&gt;&gt;</a>&nbsp;&nbsp;&nbsp;drv_IL91874_init
<LI><a href="#[14]">&gt;&gt;</a>&nbsp;&nbsp;&nbsp;drv_IL3820_init
<LI><a href="#[62]">&gt;&gt;</a>&nbsp;&nbsp;&nbsp;drv_ssd1615_init
<LI><a href="#[58]">&gt;&gt;</a>&nbsp;&nbsp;&nbsp;drv_ST7565_init
<LI><a href="#[2cc]">&gt;&gt;</a>&nbsp;&nbsp;&nbsp;display_put_str_to_framebuff
<LI><a href="#[35d]">&gt;&gt;</a>&nbsp;&nbsp;&nbsp;lfs_dir_getslice
</UL>

<P><STRONG><a name="[24d]"></a>__aeabi_memclr4</STRONG> (Thumb, 0 bytes, Stack size 0 bytes, memseta.o(.text))
<BR><BR>[Called By]<UL><LI><a href="#[226]">&gt;&gt;</a>&nbsp;&nbsp;&nbsp;bus_uart_init
<LI><a href="#[382]">&gt;&gt;</a>&nbsp;&nbsp;&nbsp;lfs_rawformat
<LI><a href="#[374]">&gt;&gt;</a>&nbsp;&nbsp;&nbsp;lfs_file_rawopencfg
<LI><a href="#[34d]">&gt;&gt;</a>&nbsp;&nbsp;&nbsp;lfs_dir_traverse
<LI><a href="#[328]">&gt;&gt;</a>&nbsp;&nbsp;&nbsp;lfs_alloc
<LI><a href="#[279]">&gt;&gt;</a>&nbsp;&nbsp;&nbsp;print_call_stack
<LI><a href="#[262]">&gt;&gt;</a>&nbsp;&nbsp;&nbsp;move_kv
</UL>

<P><STRONG><a name="[44b]"></a>__aeabi_memclr8</STRONG> (Thumb, 0 bytes, Stack size 0 bytes, memseta.o(.text), UNUSED)

<P><STRONG><a name="[11b]"></a>memset</STRONG> (Thumb, 18 bytes, Stack size 8 bytes, memseta.o(.text), UNUSED)
<BR><BR>[Calls]<UL><LI><a href="#[11a]">&gt;&gt;</a>&nbsp;&nbsp;&nbsp;__aeabi_memset
</UL>

<P><STRONG><a name="[27b]"></a>strncpy</STRONG> (Thumb, 24 bytes, Stack size 8 bytes, strncpy.o(.text))
<BR><BR>[Stack]<UL><LI>Max Depth = 8<LI>Call Chain = strncpy
</UL>
<BR>[Called By]<UL><LI><a href="#[27a]">&gt;&gt;</a>&nbsp;&nbsp;&nbsp;cm_backtrace_init
<LI><a href="#[262]">&gt;&gt;</a>&nbsp;&nbsp;&nbsp;move_kv
<LI><a href="#[314]">&gt;&gt;</a>&nbsp;&nbsp;&nbsp;kvdb_type_string_sample
</UL>

<P><STRONG><a name="[285]"></a>strchr</STRONG> (Thumb, 20 bytes, Stack size 0 bytes, strchr.o(.text))
<BR><BR>[Called By]<UL><LI><a href="#[359]">&gt;&gt;</a>&nbsp;&nbsp;&nbsp;lfs_dir_find
<LI><a href="#[1be]">&gt;&gt;</a>&nbsp;&nbsp;&nbsp;find_cmd_tbl
<LI><a href="#[27e]">&gt;&gt;</a>&nbsp;&nbsp;&nbsp;complete_cmdv
</UL>

<P><STRONG><a name="[151]"></a>strlen</STRONG> (Thumb, 14 bytes, Stack size 0 bytes, strlen.o(.text))
<BR><BR>[Called By]<UL><LI><a href="#[42b]">&gt;&gt;</a>&nbsp;&nbsp;&nbsp;vfs_get_dir_name
<LI><a href="#[2cc]">&gt;&gt;</a>&nbsp;&nbsp;&nbsp;display_put_str_to_framebuff
<LI><a href="#[374]">&gt;&gt;</a>&nbsp;&nbsp;&nbsp;lfs_file_rawopencfg
<LI><a href="#[2e7]">&gt;&gt;</a>&nbsp;&nbsp;&nbsp;env_complete
<LI><a href="#[281]">&gt;&gt;</a>&nbsp;&nbsp;&nbsp;print_argv
<LI><a href="#[27f]">&gt;&gt;</a>&nbsp;&nbsp;&nbsp;find_common_prefix
<LI><a href="#[1be]">&gt;&gt;</a>&nbsp;&nbsp;&nbsp;find_cmd_tbl
<LI><a href="#[27e]">&gt;&gt;</a>&nbsp;&nbsp;&nbsp;complete_cmdv
<LI><a href="#[27c]">&gt;&gt;</a>&nbsp;&nbsp;&nbsp;cmd_auto_complete
<LI><a href="#[26c]">&gt;&gt;</a>&nbsp;&nbsp;&nbsp;run_command
<LI><a href="#[3de]">&gt;&gt;</a>&nbsp;&nbsp;&nbsp;process_macros
<LI><a href="#[28c]">&gt;&gt;</a>&nbsp;&nbsp;&nbsp;cread_line
<LI><a href="#[1cf]">&gt;&gt;</a>&nbsp;&nbsp;&nbsp;fdb_kv_set_default
<LI><a href="#[309]">&gt;&gt;</a>&nbsp;&nbsp;&nbsp;set_kv
<LI><a href="#[d9]">&gt;&gt;</a>&nbsp;&nbsp;&nbsp;find_kv_cb
<LI><a href="#[2a1]">&gt;&gt;</a>&nbsp;&nbsp;&nbsp;find_kv
<LI><a href="#[2a0]">&gt;&gt;</a>&nbsp;&nbsp;&nbsp;del_kv
<LI><a href="#[293]">&gt;&gt;</a>&nbsp;&nbsp;&nbsp;create_kv_blob
<LI><a href="#[307]">&gt;&gt;</a>&nbsp;&nbsp;&nbsp;fdb_kv_set
<LI><a href="#[14d]">&gt;&gt;</a>&nbsp;&nbsp;&nbsp;FatFs_FileTest
</UL>

<P><STRONG><a name="[1bc]"></a>strcmp</STRONG> (Thumb, 28 bytes, Stack size 8 bytes, strcmp.o(.text))
<BR><BR>[Stack]<UL><LI>Max Depth = 8<LI>Call Chain = strcmp
</UL>
<BR>[Called By]<UL><LI><a href="#[24b]">&gt;&gt;</a>&nbsp;&nbsp;&nbsp;mcu_hspi_transfer
<LI><a href="#[247]">&gt;&gt;</a>&nbsp;&nbsp;&nbsp;mcu_hspi_open
<LI><a href="#[243]">&gt;&gt;</a>&nbsp;&nbsp;&nbsp;mcu_hspi_init
<LI><a href="#[244]">&gt;&gt;</a>&nbsp;&nbsp;&nbsp;mcu_hspi_close
<LI><a href="#[22b]">&gt;&gt;</a>&nbsp;&nbsp;&nbsp;petite_dev_get_node
<LI><a href="#[1df]">&gt;&gt;</a>&nbsp;&nbsp;&nbsp;audio_pipe_close
<LI><a href="#[2fc]">&gt;&gt;</a>&nbsp;&nbsp;&nbsp;petite_partition_get
<LI><a href="#[20b]">&gt;&gt;</a>&nbsp;&nbsp;&nbsp;vfs_write
<LI><a href="#[1e4]">&gt;&gt;</a>&nbsp;&nbsp;&nbsp;vfs_read
<LI><a href="#[1e3]">&gt;&gt;</a>&nbsp;&nbsp;&nbsp;vfs_open
<LI><a href="#[3dc]">&gt;&gt;</a>&nbsp;&nbsp;&nbsp;vfs_mount
<LI><a href="#[1e7]">&gt;&gt;</a>&nbsp;&nbsp;&nbsp;vfs_lseek
<LI><a href="#[20c]">&gt;&gt;</a>&nbsp;&nbsp;&nbsp;vfs_close
<LI><a href="#[227]">&gt;&gt;</a>&nbsp;&nbsp;&nbsp;bus_uart_open
<LI><a href="#[211]">&gt;&gt;</a>&nbsp;&nbsp;&nbsp;petite_partition_init
<LI><a href="#[1bb]">&gt;&gt;</a>&nbsp;&nbsp;&nbsp;_do_help
<LI><a href="#[27c]">&gt;&gt;</a>&nbsp;&nbsp;&nbsp;cmd_auto_complete
<LI><a href="#[112]">&gt;&gt;</a>&nbsp;&nbsp;&nbsp;cmd_display
</UL>

<P><STRONG><a name="[287]"></a>memcmp</STRONG> (Thumb, 26 bytes, Stack size 12 bytes, memcmp.o(.text))
<BR><BR>[Stack]<UL><LI>Max Depth = 12<LI>Call Chain = memcmp
</UL>
<BR>[Called By]<UL><LI><a href="#[359]">&gt;&gt;</a>&nbsp;&nbsp;&nbsp;lfs_dir_find
<LI><a href="#[32d]">&gt;&gt;</a>&nbsp;&nbsp;&nbsp;lfs_bd_cmp
<LI><a href="#[27e]">&gt;&gt;</a>&nbsp;&nbsp;&nbsp;complete_cmdv
</UL>

<P><STRONG><a name="[26b]"></a>strcpy</STRONG> (Thumb, 18 bytes, Stack size 0 bytes, strcpy.o(.text))
<BR><BR>[Called By]<UL><LI><a href="#[27c]">&gt;&gt;</a>&nbsp;&nbsp;&nbsp;cmd_auto_complete
<LI><a href="#[26c]">&gt;&gt;</a>&nbsp;&nbsp;&nbsp;run_command
<LI><a href="#[28c]">&gt;&gt;</a>&nbsp;&nbsp;&nbsp;cread_line
<LI><a href="#[28b]">&gt;&gt;</a>&nbsp;&nbsp;&nbsp;cread_add_to_hist
<LI><a href="#[de]">&gt;&gt;</a>&nbsp;&nbsp;&nbsp;cli_main_loop
</UL>

<P><STRONG><a name="[30c]"></a>strncmp</STRONG> (Thumb, 30 bytes, Stack size 12 bytes, strncmp.o(.text))
<BR><BR>[Stack]<UL><LI>Max Depth = 12<LI>Call Chain = strncmp
</UL>
<BR>[Called By]<UL><LI><a href="#[1be]">&gt;&gt;</a>&nbsp;&nbsp;&nbsp;find_cmd_tbl
<LI><a href="#[30d]">&gt;&gt;</a>&nbsp;&nbsp;&nbsp;get_kv_from_cache
<LI><a href="#[d9]">&gt;&gt;</a>&nbsp;&nbsp;&nbsp;find_kv_cb
</UL>

<P><STRONG><a name="[35a]"></a>strspn</STRONG> (Thumb, 28 bytes, Stack size 12 bytes, strspn.o(.text))
<BR><BR>[Stack]<UL><LI>Max Depth = 12<LI>Call Chain = strspn
</UL>
<BR>[Called By]<UL><LI><a href="#[359]">&gt;&gt;</a>&nbsp;&nbsp;&nbsp;lfs_dir_find
</UL>

<P><STRONG><a name="[35b]"></a>strcspn</STRONG> (Thumb, 34 bytes, Stack size 12 bytes, strcspn.o(.text))
<BR><BR>[Stack]<UL><LI>Max Depth = 12<LI>Call Chain = strcspn
</UL>
<BR>[Called By]<UL><LI><a href="#[359]">&gt;&gt;</a>&nbsp;&nbsp;&nbsp;lfs_dir_find
</UL>

<P><STRONG><a name="[11c]"></a>__aeabi_dadd</STRONG> (Thumb, 322 bytes, Stack size 48 bytes, dadd.o(.text), UNUSED)
<BR><BR>[Calls]<UL><LI><a href="#[11e]">&gt;&gt;</a>&nbsp;&nbsp;&nbsp;__aeabi_lasr
<LI><a href="#[11d]">&gt;&gt;</a>&nbsp;&nbsp;&nbsp;__aeabi_llsl
<LI><a href="#[120]">&gt;&gt;</a>&nbsp;&nbsp;&nbsp;_double_round
<LI><a href="#[11f]">&gt;&gt;</a>&nbsp;&nbsp;&nbsp;_double_epilogue
</UL>
<BR>[Called By]<UL><LI><a href="#[1d6]">&gt;&gt;</a>&nbsp;&nbsp;&nbsp;_fp_digits
<LI><a href="#[122]">&gt;&gt;</a>&nbsp;&nbsp;&nbsp;__aeabi_drsub
<LI><a href="#[121]">&gt;&gt;</a>&nbsp;&nbsp;&nbsp;__aeabi_dsub
</UL>

<P><STRONG><a name="[121]"></a>__aeabi_dsub</STRONG> (Thumb, 6 bytes, Stack size 0 bytes, dadd.o(.text), UNUSED)
<BR><BR>[Calls]<UL><LI><a href="#[11c]">&gt;&gt;</a>&nbsp;&nbsp;&nbsp;__aeabi_dadd
</UL>

<P><STRONG><a name="[122]"></a>__aeabi_drsub</STRONG> (Thumb, 6 bytes, Stack size 0 bytes, dadd.o(.text), UNUSED)
<BR><BR>[Calls]<UL><LI><a href="#[11c]">&gt;&gt;</a>&nbsp;&nbsp;&nbsp;__aeabi_dadd
</UL>

<P><STRONG><a name="[44c]"></a>__aeabi_uidiv</STRONG> (Thumb, 0 bytes, Stack size 12 bytes, uidiv.o(.text), UNUSED)

<P><STRONG><a name="[1da]"></a>__aeabi_uidivmod</STRONG> (Thumb, 44 bytes, Stack size 12 bytes, uidiv.o(.text), UNUSED)
<BR><BR>[Called By]<UL><LI><a href="#[1b8]">&gt;&gt;</a>&nbsp;&nbsp;&nbsp;_printf_core
</UL>

<P><STRONG><a name="[123]"></a>__aeabi_uldivmod</STRONG> (Thumb, 98 bytes, Stack size 40 bytes, uldiv.o(.text), UNUSED)
<BR><BR>[Calls]<UL><LI><a href="#[124]">&gt;&gt;</a>&nbsp;&nbsp;&nbsp;__aeabi_llsr
<LI><a href="#[11d]">&gt;&gt;</a>&nbsp;&nbsp;&nbsp;__aeabi_llsl
</UL>
<BR>[Called By]<UL><LI><a href="#[1b8]">&gt;&gt;</a>&nbsp;&nbsp;&nbsp;_printf_core
<LI><a href="#[1d6]">&gt;&gt;</a>&nbsp;&nbsp;&nbsp;_fp_digits
</UL>

<P><STRONG><a name="[11d]"></a>__aeabi_llsl</STRONG> (Thumb, 30 bytes, Stack size 0 bytes, llshl.o(.text), UNUSED)
<BR><BR>[Called By]<UL><LI><a href="#[11c]">&gt;&gt;</a>&nbsp;&nbsp;&nbsp;__aeabi_dadd
<LI><a href="#[127]">&gt;&gt;</a>&nbsp;&nbsp;&nbsp;__aeabi_d2ulz
<LI><a href="#[123]">&gt;&gt;</a>&nbsp;&nbsp;&nbsp;__aeabi_uldivmod
<LI><a href="#[11f]">&gt;&gt;</a>&nbsp;&nbsp;&nbsp;_double_epilogue
</UL>

<P><STRONG><a name="[44d]"></a>_ll_shift_l</STRONG> (Thumb, 0 bytes, Stack size 0 bytes, llshl.o(.text), UNUSED)

<P><STRONG><a name="[11e]"></a>__aeabi_lasr</STRONG> (Thumb, 36 bytes, Stack size 0 bytes, llsshr.o(.text), UNUSED)
<BR><BR>[Called By]<UL><LI><a href="#[11c]">&gt;&gt;</a>&nbsp;&nbsp;&nbsp;__aeabi_dadd
</UL>

<P><STRONG><a name="[44e]"></a>_ll_sshift_r</STRONG> (Thumb, 0 bytes, Stack size 0 bytes, llsshr.o(.text), UNUSED)

<P><STRONG><a name="[44f]"></a>__I$use$fp</STRONG> (Thumb, 0 bytes, Stack size 8 bytes, iusefp.o(.text), UNUSED)

<P><STRONG><a name="[120]"></a>_double_round</STRONG> (Thumb, 30 bytes, Stack size 8 bytes, depilogue.o(.text), UNUSED)
<BR><BR>[Called By]<UL><LI><a href="#[11c]">&gt;&gt;</a>&nbsp;&nbsp;&nbsp;__aeabi_dadd
<LI><a href="#[126]">&gt;&gt;</a>&nbsp;&nbsp;&nbsp;__aeabi_ddiv
<LI><a href="#[11f]">&gt;&gt;</a>&nbsp;&nbsp;&nbsp;_double_epilogue
</UL>

<P><STRONG><a name="[11f]"></a>_double_epilogue</STRONG> (Thumb, 156 bytes, Stack size 32 bytes, depilogue.o(.text), UNUSED)
<BR><BR>[Calls]<UL><LI><a href="#[124]">&gt;&gt;</a>&nbsp;&nbsp;&nbsp;__aeabi_llsr
<LI><a href="#[11d]">&gt;&gt;</a>&nbsp;&nbsp;&nbsp;__aeabi_llsl
<LI><a href="#[120]">&gt;&gt;</a>&nbsp;&nbsp;&nbsp;_double_round
</UL>
<BR>[Called By]<UL><LI><a href="#[11c]">&gt;&gt;</a>&nbsp;&nbsp;&nbsp;__aeabi_dadd
<LI><a href="#[125]">&gt;&gt;</a>&nbsp;&nbsp;&nbsp;__aeabi_dmul
</UL>

<P><STRONG><a name="[125]"></a>__aeabi_dmul</STRONG> (Thumb, 228 bytes, Stack size 48 bytes, dmul.o(.text), UNUSED)
<BR><BR>[Calls]<UL><LI><a href="#[11f]">&gt;&gt;</a>&nbsp;&nbsp;&nbsp;_double_epilogue
</UL>
<BR>[Called By]<UL><LI><a href="#[1d6]">&gt;&gt;</a>&nbsp;&nbsp;&nbsp;_fp_digits
</UL>

<P><STRONG><a name="[126]"></a>__aeabi_ddiv</STRONG> (Thumb, 222 bytes, Stack size 32 bytes, ddiv.o(.text), UNUSED)
<BR><BR>[Calls]<UL><LI><a href="#[120]">&gt;&gt;</a>&nbsp;&nbsp;&nbsp;_double_round
</UL>
<BR>[Called By]<UL><LI><a href="#[1d6]">&gt;&gt;</a>&nbsp;&nbsp;&nbsp;_fp_digits
</UL>

<P><STRONG><a name="[127]"></a>__aeabi_d2ulz</STRONG> (Thumb, 48 bytes, Stack size 0 bytes, dfixul.o(.text), UNUSED)
<BR><BR>[Calls]<UL><LI><a href="#[124]">&gt;&gt;</a>&nbsp;&nbsp;&nbsp;__aeabi_llsr
<LI><a href="#[11d]">&gt;&gt;</a>&nbsp;&nbsp;&nbsp;__aeabi_llsl
</UL>
<BR>[Called By]<UL><LI><a href="#[1d6]">&gt;&gt;</a>&nbsp;&nbsp;&nbsp;_fp_digits
</UL>

<P><STRONG><a name="[1d7]"></a>__aeabi_cdrcmple</STRONG> (Thumb, 48 bytes, Stack size 0 bytes, cdrcmple.o(.text), UNUSED)
<BR><BR>[Called By]<UL><LI><a href="#[1d6]">&gt;&gt;</a>&nbsp;&nbsp;&nbsp;_fp_digits
</UL>

<P><STRONG><a name="[116]"></a>__scatterload</STRONG> (Thumb, 28 bytes, Stack size 0 bytes, init.o(.text))
<BR><BR>[Calls]<UL><LI><a href="#[128]">&gt;&gt;</a>&nbsp;&nbsp;&nbsp;__main_after_scatterload
</UL>
<BR>[Called By]<UL><LI><a href="#[115]">&gt;&gt;</a>&nbsp;&nbsp;&nbsp;_main_scatterload
</UL>

<P><STRONG><a name="[450]"></a>__scatterload_rt2</STRONG> (Thumb, 0 bytes, Stack size 0 bytes, init.o(.text), UNUSED)

<P><STRONG><a name="[124]"></a>__aeabi_llsr</STRONG> (Thumb, 32 bytes, Stack size 0 bytes, llushr.o(.text), UNUSED)
<BR><BR>[Called By]<UL><LI><a href="#[127]">&gt;&gt;</a>&nbsp;&nbsp;&nbsp;__aeabi_d2ulz
<LI><a href="#[123]">&gt;&gt;</a>&nbsp;&nbsp;&nbsp;__aeabi_uldivmod
<LI><a href="#[11f]">&gt;&gt;</a>&nbsp;&nbsp;&nbsp;_double_epilogue
</UL>

<P><STRONG><a name="[451]"></a>__semihosting_library_function</STRONG> (Thumb, 0 bytes, Stack size 0 bytes, semi.o(.text), UNUSED)

<P><STRONG><a name="[452]"></a>_ll_ushift_r</STRONG> (Thumb, 0 bytes, Stack size 0 bytes, llushr.o(.text), UNUSED)

<P><STRONG><a name="[453]"></a>__I$use$semihosting$fputc</STRONG> (Thumb, 0 bytes, Stack size unknown bytes, iusesemip.o(.text), UNUSED)

<P><STRONG><a name="[454]"></a>__decompress</STRONG> (Thumb, 0 bytes, Stack size unknown bytes, __dczerorl2.o(.text), UNUSED)

<P><STRONG><a name="[455]"></a>__decompress1</STRONG> (Thumb, 86 bytes, Stack size unknown bytes, __dczerorl2.o(.text), UNUSED)

<P><STRONG><a name="[38f]"></a>ADC_ClearFlag</STRONG> (Thumb, 6 bytes, Stack size 0 bytes, stm32f4xx_adc.o(i.ADC_ClearFlag))
<BR><BR>[Called By]<UL><LI><a href="#[129]">&gt;&gt;</a>&nbsp;&nbsp;&nbsp;mcu_adc_IRQhandler
</UL>

<P><STRONG><a name="[390]"></a>ADC_ClearITPendingBit</STRONG> (Thumb, 8 bytes, Stack size 0 bytes, stm32f4xx_adc.o(i.ADC_ClearITPendingBit))
<BR><BR>[Called By]<UL><LI><a href="#[129]">&gt;&gt;</a>&nbsp;&nbsp;&nbsp;mcu_adc_IRQhandler
</UL>

<P><STRONG><a name="[395]"></a>ADC_Cmd</STRONG> (Thumb, 24 bytes, Stack size 0 bytes, stm32f4xx_adc.o(i.ADC_Cmd))
<BR><BR>[Called By]<UL><LI><a href="#[217]">&gt;&gt;</a>&nbsp;&nbsp;&nbsp;mcu_adc_temprate_init
</UL>

<P><STRONG><a name="[392]"></a>ADC_CommonInit</STRONG> (Thumb, 30 bytes, Stack size 8 bytes, stm32f4xx_adc.o(i.ADC_CommonInit))
<BR><BR>[Stack]<UL><LI>Max Depth = 8<LI>Call Chain = ADC_CommonInit
</UL>
<BR>[Called By]<UL><LI><a href="#[217]">&gt;&gt;</a>&nbsp;&nbsp;&nbsp;mcu_adc_temprate_init
</UL>

<P><STRONG><a name="[38e]"></a>ADC_GetConversionValue</STRONG> (Thumb, 6 bytes, Stack size 0 bytes, stm32f4xx_adc.o(i.ADC_GetConversionValue))
<BR><BR>[Called By]<UL><LI><a href="#[129]">&gt;&gt;</a>&nbsp;&nbsp;&nbsp;mcu_adc_IRQhandler
</UL>

<P><STRONG><a name="[38d]"></a>ADC_GetFlagStatus</STRONG> (Thumb, 14 bytes, Stack size 0 bytes, stm32f4xx_adc.o(i.ADC_GetFlagStatus))
<BR><BR>[Called By]<UL><LI><a href="#[129]">&gt;&gt;</a>&nbsp;&nbsp;&nbsp;mcu_adc_IRQhandler
</UL>

<P><STRONG><a name="[38c]"></a>ADC_GetITStatus</STRONG> (Thumb, 30 bytes, Stack size 12 bytes, stm32f4xx_adc.o(i.ADC_GetITStatus))
<BR><BR>[Stack]<UL><LI>Max Depth = 12<LI>Call Chain = ADC_GetITStatus
</UL>
<BR>[Called By]<UL><LI><a href="#[129]">&gt;&gt;</a>&nbsp;&nbsp;&nbsp;mcu_adc_IRQhandler
</UL>

<P><STRONG><a name="[8b]"></a>ADC_IRQHandler</STRONG> (Thumb, 4 bytes, Stack size 0 bytes, stm32f4xx_it.o(i.ADC_IRQHandler))
<BR><BR>[Stack]<UL><LI>Max Depth = 28<LI>Call Chain = ADC_IRQHandler &rArr; mcu_adc_IRQhandler &rArr; ADC_GetITStatus
</UL>
<BR>[Calls]<UL><LI><a href="#[129]">&gt;&gt;</a>&nbsp;&nbsp;&nbsp;mcu_adc_IRQhandler
</UL>
<BR>[Address Reference Count : 1]<UL><LI> startup_stm32f40_41xxx.o(RESET)
</UL>
<P><STRONG><a name="[393]"></a>ADC_Init</STRONG> (Thumb, 66 bytes, Stack size 12 bytes, stm32f4xx_adc.o(i.ADC_Init))
<BR><BR>[Stack]<UL><LI>Max Depth = 12<LI>Call Chain = ADC_Init
</UL>
<BR>[Called By]<UL><LI><a href="#[217]">&gt;&gt;</a>&nbsp;&nbsp;&nbsp;mcu_adc_temprate_init
</UL>

<P><STRONG><a name="[394]"></a>ADC_RegularChannelConfig</STRONG> (Thumb, 116 bytes, Stack size 16 bytes, stm32f4xx_adc.o(i.ADC_RegularChannelConfig))
<BR><BR>[Stack]<UL><LI>Max Depth = 16<LI>Call Chain = ADC_RegularChannelConfig
</UL>
<BR>[Called By]<UL><LI><a href="#[217]">&gt;&gt;</a>&nbsp;&nbsp;&nbsp;mcu_adc_temprate_init
</UL>

<P><STRONG><a name="[391]"></a>ADC_TempSensorVrefintCmd</STRONG> (Thumb, 34 bytes, Stack size 0 bytes, stm32f4xx_adc.o(i.ADC_TempSensorVrefintCmd))
<BR><BR>[Called By]<UL><LI><a href="#[217]">&gt;&gt;</a>&nbsp;&nbsp;&nbsp;mcu_adc_temprate_init
</UL>

<P><STRONG><a name="[12a]"></a>BUS_DCMI_HW_Init</STRONG> (Thumb, 212 bytes, Stack size 32 bytes, stm32f407_hal_msp.o(i.BUS_DCMI_HW_Init))
<BR><BR>[Stack]<UL><LI>Max Depth = 72<LI>Call Chain = BUS_DCMI_HW_Init &rArr; MCO1_Init &rArr; GPIO_Init
</UL>
<BR>[Calls]<UL><LI><a href="#[12d]">&gt;&gt;</a>&nbsp;&nbsp;&nbsp;GPIO_PinAFConfig
<LI><a href="#[12e]">&gt;&gt;</a>&nbsp;&nbsp;&nbsp;GPIO_Init
<LI><a href="#[12c]">&gt;&gt;</a>&nbsp;&nbsp;&nbsp;RCC_AHB1PeriphClockCmd
<LI><a href="#[12b]">&gt;&gt;</a>&nbsp;&nbsp;&nbsp;MCO1_Init
</UL>
<BR>[Called By]<UL><LI><a href="#[20e]">&gt;&gt;</a>&nbsp;&nbsp;&nbsp;board_init
</UL>

<P><STRONG><a name="[73]"></a>BusFault_Handler</STRONG> (Thumb, 10 bytes, Stack size 0 bytes, stm32f4xx_it.o(i.BusFault_Handler))
<BR><BR>[Stack]<UL><LI>Max Depth = 64<LI>Call Chain = BusFault_Handler &rArr; wjq_log &rArr; mcu_uart_write
</UL>
<BR>[Calls]<UL><LI><a href="#[12f]">&gt;&gt;</a>&nbsp;&nbsp;&nbsp;wjq_log
</UL>
<BR>[Address Reference Count : 1]<UL><LI> startup_stm32f40_41xxx.o(RESET)
</UL>
<P><STRONG><a name="[8d]"></a>CAN1_RX0_IRQHandler</STRONG> (Thumb, 4 bytes, Stack size 0 bytes, stm32f4xx_it.o(i.CAN1_RX0_IRQHandler))
<BR><BR>[Stack]<UL><LI>Max Depth = 72<LI>Call Chain = CAN1_RX0_IRQHandler &rArr; mcu_can1_rx0_IRQ &rArr; wjq_log &rArr; mcu_uart_write
</UL>
<BR>[Calls]<UL><LI><a href="#[130]">&gt;&gt;</a>&nbsp;&nbsp;&nbsp;mcu_can1_rx0_IRQ
</UL>
<BR>[Address Reference Count : 1]<UL><LI> startup_stm32f40_41xxx.o(RESET)
</UL>
<P><STRONG><a name="[396]"></a>CAN_Receive</STRONG> (Thumb, 130 bytes, Stack size 8 bytes, stm32f4xx_can.o(i.CAN_Receive))
<BR><BR>[Stack]<UL><LI>Max Depth = 8<LI>Call Chain = CAN_Receive
</UL>
<BR>[Called By]<UL><LI><a href="#[130]">&gt;&gt;</a>&nbsp;&nbsp;&nbsp;mcu_can1_rx0_IRQ
</UL>

<P><STRONG><a name="[13c]"></a>DCMI_ClearITPendingBit</STRONG> (Thumb, 6 bytes, Stack size 0 bytes, stm32f4xx_dcmi.o(i.DCMI_ClearITPendingBit))
<BR><BR>[Called By]<UL><LI><a href="#[c7]">&gt;&gt;</a>&nbsp;&nbsp;&nbsp;DCMI_IRQHandler
</UL>

<P><STRONG><a name="[13b]"></a>DCMI_GetITStatus</STRONG> (Thumb, 18 bytes, Stack size 0 bytes, stm32f4xx_dcmi.o(i.DCMI_GetITStatus))
<BR><BR>[Called By]<UL><LI><a href="#[c7]">&gt;&gt;</a>&nbsp;&nbsp;&nbsp;DCMI_IRQHandler
</UL>

<P><STRONG><a name="[c7]"></a>DCMI_IRQHandler</STRONG> (Thumb, 26 bytes, Stack size 8 bytes, stm32f4xx_it.o(i.DCMI_IRQHandler))
<BR><BR>[Stack]<UL><LI>Max Depth = 8<LI>Call Chain = DCMI_IRQHandler
</UL>
<BR>[Calls]<UL><LI><a href="#[13b]">&gt;&gt;</a>&nbsp;&nbsp;&nbsp;DCMI_GetITStatus
<LI><a href="#[13c]">&gt;&gt;</a>&nbsp;&nbsp;&nbsp;DCMI_ClearITPendingBit
<LI><a href="#[13d]">&gt;&gt;</a>&nbsp;&nbsp;&nbsp;mcu_dcmi_frame_process
</UL>
<BR>[Address Reference Count : 1]<UL><LI> startup_stm32f40_41xxx.o(RESET)
</UL>
<P><STRONG><a name="[13e]"></a>DCMI_PWDN_RESET_Init</STRONG> (Thumb, 84 bytes, Stack size 16 bytes, stm32f407_hal_msp.o(i.DCMI_PWDN_RESET_Init))
<BR><BR>[Stack]<UL><LI>Max Depth = 40<LI>Call Chain = DCMI_PWDN_RESET_Init &rArr; GPIO_Init
</UL>
<BR>[Calls]<UL><LI><a href="#[141]">&gt;&gt;</a>&nbsp;&nbsp;&nbsp;GPIO_SetBits
<LI><a href="#[13f]">&gt;&gt;</a>&nbsp;&nbsp;&nbsp;GPIO_ResetBits
<LI><a href="#[12e]">&gt;&gt;</a>&nbsp;&nbsp;&nbsp;GPIO_Init
<LI><a href="#[12c]">&gt;&gt;</a>&nbsp;&nbsp;&nbsp;RCC_AHB1PeriphClockCmd
<LI><a href="#[140]">&gt;&gt;</a>&nbsp;&nbsp;&nbsp;Delay
</UL>
<BR>[Called By]<UL><LI><a href="#[20e]">&gt;&gt;</a>&nbsp;&nbsp;&nbsp;board_init
</UL>

[...]
<LI><a href="#[1d1]">&gt;&gt;</a>&nbsp;&nbsp;&nbsp;gc_collect
<LI><a href="#[1de]">&gt;&gt;</a>&nbsp;&nbsp;&nbsp;alloc_kv
</UL>
<BR>[Called By]<UL><LI><a href="#[3cc]">&gt;&gt;</a>&nbsp;&nbsp;&nbsp;new_kv_ex
<LI><a href="#[293]">&gt;&gt;</a>&nbsp;&nbsp;&nbsp;create_kv_blob
</UL>

<P><STRONG><a name="[3cc]"></a>new_kv_ex</STRONG> (Thumb, 8 bytes, Stack size 0 bytes, fdb_kvdb.o(i.new_kv_ex))
<BR><BR>[Stack]<UL><LI>Max Depth = 464<LI>Call Chain = new_kv_ex &rArr; new_kv &rArr; alloc_kv &rArr; sector_iterator &rArr; read_sector_info &rArr; read_kv &rArr; _fdb_write_status &rArr; uart_printf &rArr; mcu_uart_write
</UL>
<BR>[Calls]<UL><LI><a href="#[294]">&gt;&gt;</a>&nbsp;&nbsp;&nbsp;new_kv
</UL>
<BR>[Called By]<UL><LI><a href="#[309]">&gt;&gt;</a>&nbsp;&nbsp;&nbsp;set_kv
</UL>

<P><STRONG><a name="[2d1]"></a>read_kv</STRONG> (Thumb, 344 bytes, Stack size 104 bytes, fdb_kvdb.o(i.read_kv))
<BR><BR>[Stack]<UL><LI>Max Depth = 192<LI>Call Chain = read_kv &rArr; _fdb_write_status &rArr; uart_printf &rArr; mcu_uart_write
</UL>
<BR>[Calls]<UL><LI><a href="#[14e]">&gt;&gt;</a>&nbsp;&nbsp;&nbsp;uart_printf
<LI><a href="#[296]">&gt;&gt;</a>&nbsp;&nbsp;&nbsp;fdb_calc_crc32
<LI><a href="#[1d5]">&gt;&gt;</a>&nbsp;&nbsp;&nbsp;_fdb_write_status
<LI><a href="#[1d3]">&gt;&gt;</a>&nbsp;&nbsp;&nbsp;_fdb_get_status
<LI><a href="#[1c1]">&gt;&gt;</a>&nbsp;&nbsp;&nbsp;_fdb_flash_read
</UL>
<BR>[Called By]<UL><LI><a href="#[320]">&gt;&gt;</a>&nbsp;&nbsp;&nbsp;read_sector_info
<LI><a href="#[1d0]">&gt;&gt;</a>&nbsp;&nbsp;&nbsp;kv_iterator
<LI><a href="#[2a1]">&gt;&gt;</a>&nbsp;&nbsp;&nbsp;find_kv
<LI><a href="#[e0]">&gt;&gt;</a>&nbsp;&nbsp;&nbsp;do_gc
</UL>

<P><STRONG><a name="[320]"></a>read_sector_info</STRONG> (Thumb, 416 bytes, Stack size 136 bytes, fdb_kvdb.o(i.read_sector_info))
<BR><BR>[Stack]<UL><LI>Max Depth = 328<LI>Call Chain = read_sector_info &rArr; read_kv &rArr; _fdb_write_status &rArr; uart_printf &rArr; mcu_uart_write
</UL>
<BR>[Calls]<UL><LI><a href="#[14e]">&gt;&gt;</a>&nbsp;&nbsp;&nbsp;uart_printf
<LI><a href="#[1d3]">&gt;&gt;</a>&nbsp;&nbsp;&nbsp;_fdb_get_status
<LI><a href="#[1c1]">&gt;&gt;</a>&nbsp;&nbsp;&nbsp;_fdb_flash_read
<LI><a href="#[1c0]">&gt;&gt;</a>&nbsp;&nbsp;&nbsp;_fdb_continue_ff_addr
<LI><a href="#[298]">&gt;&gt;</a>&nbsp;&nbsp;&nbsp;update_sector_cache
<LI><a href="#[2d1]">&gt;&gt;</a>&nbsp;&nbsp;&nbsp;read_kv
<LI><a href="#[310]">&gt;&gt;</a>&nbsp;&nbsp;&nbsp;get_sector_from_cache
<LI><a href="#[2d2]">&gt;&gt;</a>&nbsp;&nbsp;&nbsp;get_next_kv_addr
</UL>
<BR>[Called By]<UL><LI><a href="#[1ce]">&gt;&gt;</a>&nbsp;&nbsp;&nbsp;sector_iterator
<LI><a href="#[1d0]">&gt;&gt;</a>&nbsp;&nbsp;&nbsp;kv_iterator
</UL>

<P><STRONG><a name="[1ce]"></a>sector_iterator</STRONG> (Thumb, 88 bytes, Stack size 40 bytes, fdb_kvdb.o(i.sector_iterator))
<BR><BR>[Stack]<UL><LI>Max Depth = 368<LI>Call Chain = sector_iterator &rArr; read_sector_info &rArr; read_kv &rArr; _fdb_write_status &rArr; uart_printf &rArr; mcu_uart_write
</UL>
<BR>[Calls]<UL><LI><a href="#[320]">&gt;&gt;</a>&nbsp;&nbsp;&nbsp;read_sector_info
<LI><a href="#[321]">&gt;&gt;</a>&nbsp;&nbsp;&nbsp;get_next_sector_addr
</UL>
<BR>[Called By]<UL><LI><a href="#[1cd]">&gt;&gt;</a>&nbsp;&nbsp;&nbsp;_fdb_kv_load
<LI><a href="#[1d1]">&gt;&gt;</a>&nbsp;&nbsp;&nbsp;gc_collect
<LI><a href="#[1de]">&gt;&gt;</a>&nbsp;&nbsp;&nbsp;alloc_kv
</UL>

<P><STRONG><a name="[d3]"></a>sector_statistics_cb</STRONG> (Thumb, 42 bytes, Stack size 8 bytes, fdb_kvdb.o(i.sector_statistics_cb))
<BR><BR>[Stack]<UL><LI>Max Depth = 8<LI>Call Chain = sector_statistics_cb
</UL>
<BR>[Address Reference Count : 1]<UL><LI> fdb_kvdb.o(i.alloc_kv)
</UL>
<P><STRONG><a name="[309]"></a>set_kv</STRONG> (Thumb, 156 bytes, Stack size 40 bytes, fdb_kvdb.o(i.set_kv))
<BR><BR>[Stack]<UL><LI>Max Depth = 592<LI>Call Chain = set_kv &rArr; del_kv &rArr; find_kv &rArr; find_kv_no_cache &rArr; kv_iterator &rArr; read_sector_info &rArr; read_kv &rArr; _fdb_write_status &rArr; uart_printf &rArr; mcu_uart_write
</UL>
<BR>[Calls]<UL><LI><a href="#[3cc]">&gt;&gt;</a>&nbsp;&nbsp;&nbsp;new_kv_ex
<LI><a href="#[1d1]">&gt;&gt;</a>&nbsp;&nbsp;&nbsp;gc_collect
<LI><a href="#[2a1]">&gt;&gt;</a>&nbsp;&nbsp;&nbsp;find_kv
<LI><a href="#[2a0]">&gt;&gt;</a>&nbsp;&nbsp;&nbsp;del_kv
<LI><a href="#[293]">&gt;&gt;</a>&nbsp;&nbsp;&nbsp;create_kv_blob
<LI><a href="#[151]">&gt;&gt;</a>&nbsp;&nbsp;&nbsp;strlen
</UL>
<BR>[Called By]<UL><LI><a href="#[308]">&gt;&gt;</a>&nbsp;&nbsp;&nbsp;fdb_kv_set_blob
</UL>

<P><STRONG><a name="[263]"></a>update_kv_cache</STRONG> (Thumb, 180 bytes, Stack size 32 bytes, fdb_kvdb.o(i.update_kv_cache))
<BR><BR>[Stack]<UL><LI>Max Depth = 40<LI>Call Chain = update_kv_cache &rArr; fdb_calc_crc32
</UL>
<BR>[Calls]<UL><LI><a href="#[296]">&gt;&gt;</a>&nbsp;&nbsp;&nbsp;fdb_calc_crc32
</UL>
<BR>[Called By]<UL><LI><a href="#[262]">&gt;&gt;</a>&nbsp;&nbsp;&nbsp;move_kv
<LI><a href="#[2a1]">&gt;&gt;</a>&nbsp;&nbsp;&nbsp;find_kv
<LI><a href="#[2a0]">&gt;&gt;</a>&nbsp;&nbsp;&nbsp;del_kv
<LI><a href="#[293]">&gt;&gt;</a>&nbsp;&nbsp;&nbsp;create_kv_blob
<LI><a href="#[d2]">&gt;&gt;</a>&nbsp;&nbsp;&nbsp;check_and_recovery_kv_cb
</UL>

<P><STRONG><a name="[295]"></a>update_sec_status</STRONG> (Thumb, 114 bytes, Stack size 40 bytes, fdb_kvdb.o(i.update_sec_status))
<BR><BR>[Stack]<UL><LI>Max Depth = 128<LI>Call Chain = update_sec_status &rArr; _fdb_write_status &rArr; uart_printf &rArr; mcu_uart_write
</UL>
<BR>[Calls]<UL><LI><a href="#[1d5]">&gt;&gt;</a>&nbsp;&nbsp;&nbsp;_fdb_write_status
<LI><a href="#[298]">&gt;&gt;</a>&nbsp;&nbsp;&nbsp;update_sector_cache
</UL>
<BR>[Called By]<UL><LI><a href="#[262]">&gt;&gt;</a>&nbsp;&nbsp;&nbsp;move_kv
<LI><a href="#[293]">&gt;&gt;</a>&nbsp;&nbsp;&nbsp;create_kv_blob
</UL>

<P><STRONG><a name="[298]"></a>update_sector_cache</STRONG> (Thumb, 106 bytes, Stack size 16 bytes, fdb_kvdb.o(i.update_sector_cache))
<BR><BR>[Stack]<UL><LI>Max Depth = 16<LI>Call Chain = update_sector_cache
</UL>
<BR>[Called By]<UL><LI><a href="#[295]">&gt;&gt;</a>&nbsp;&nbsp;&nbsp;update_sec_status
<LI><a href="#[320]">&gt;&gt;</a>&nbsp;&nbsp;&nbsp;read_sector_info
<LI><a href="#[262]">&gt;&gt;</a>&nbsp;&nbsp;&nbsp;move_kv
<LI><a href="#[268]">&gt;&gt;</a>&nbsp;&nbsp;&nbsp;format_sector
<LI><a href="#[293]">&gt;&gt;</a>&nbsp;&nbsp;&nbsp;create_kv_blob
</UL>

<P><STRONG><a name="[297]"></a>write_kv_hdr</STRONG> (Thumb, 52 bytes, Stack size 32 bytes, fdb_kvdb.o(i.write_kv_hdr))
<BR><BR>[Stack]<UL><LI>Max Depth = 120<LI>Call Chain = write_kv_hdr &rArr; _fdb_write_status &rArr; uart_printf &rArr; mcu_uart_write
</UL>
<BR>[Calls]<UL><LI><a href="#[1d5]">&gt;&gt;</a>&nbsp;&nbsp;&nbsp;_fdb_write_status
<LI><a href="#[1c5]">&gt;&gt;</a>&nbsp;&nbsp;&nbsp;_fdb_flash_write
</UL>
<BR>[Called By]<UL><LI><a href="#[293]">&gt;&gt;</a>&nbsp;&nbsp;&nbsp;create_kv_blob
</UL>

<P><STRONG><a name="[272]"></a>disassembly_ins_is_bl_blx</STRONG> (Thumb, 40 bytes, Stack size 0 bytes, cm_backtrace.o(i.disassembly_ins_is_bl_blx))
<BR><BR>[Called By]<UL><LI><a href="#[26e]">&gt;&gt;</a>&nbsp;&nbsp;&nbsp;cm_backtrace_call_stack
</UL>

<P><STRONG><a name="[277]"></a>dump_stack</STRONG> (Thumb, 120 bytes, Stack size 24 bytes, cm_backtrace.o(i.dump_stack))
<BR><BR>[Stack]<UL><LI>Max Depth = 88<LI>Call Chain = dump_stack &rArr; uart_printf &rArr; mcu_uart_write
</UL>
<BR>[Calls]<UL><LI><a href="#[14e]">&gt;&gt;</a>&nbsp;&nbsp;&nbsp;uart_printf
</UL>
<BR>[Called By]<UL><LI><a href="#[118]">&gt;&gt;</a>&nbsp;&nbsp;&nbsp;cm_backtrace_fault
</UL>

<P><STRONG><a name="[278]"></a>fault_diagnosis</STRONG> (Thumb, 564 bytes, Stack size 16 bytes, cm_backtrace.o(i.fault_diagnosis))
<BR><BR>[Stack]<UL><LI>Max Depth = 80<LI>Call Chain = fault_diagnosis &rArr; uart_printf &rArr; mcu_uart_write
</UL>
<BR>[Calls]<UL><LI><a href="#[14e]">&gt;&gt;</a>&nbsp;&nbsp;&nbsp;uart_printf
</UL>
<BR>[Called By]<UL><LI><a href="#[118]">&gt;&gt;</a>&nbsp;&nbsp;&nbsp;cm_backtrace_fault
</UL>

<P><STRONG><a name="[275]"></a>get_cur_thread_name</STRONG> (Thumb, 4 bytes, Stack size 0 bytes, cm_backtrace.o(i.get_cur_thread_name))
<BR><BR>[Calls]<UL><LI><a href="#[31b]">&gt;&gt;</a>&nbsp;&nbsp;&nbsp;vTaskName
</UL>
<BR>[Called By]<UL><LI><a href="#[118]">&gt;&gt;</a>&nbsp;&nbsp;&nbsp;cm_backtrace_fault
</UL>

<P><STRONG><a name="[26f]"></a>get_cur_thread_stack_info</STRONG> (Thumb, 64 bytes, Stack size 16 bytes, cm_backtrace.o(i.get_cur_thread_stack_info))
<BR><BR>[Stack]<UL><LI>Max Depth = 80<LI>Call Chain = get_cur_thread_stack_info &rArr; uart_printf &rArr; mcu_uart_write
</UL>
<BR>[Calls]<UL><LI><a href="#[14e]">&gt;&gt;</a>&nbsp;&nbsp;&nbsp;uart_printf
<LI><a href="#[31d]">&gt;&gt;</a>&nbsp;&nbsp;&nbsp;vTaskStackSize
<LI><a href="#[31c]">&gt;&gt;</a>&nbsp;&nbsp;&nbsp;vTaskStackAddr
</UL>
<BR>[Called By]<UL><LI><a href="#[118]">&gt;&gt;</a>&nbsp;&nbsp;&nbsp;cm_backtrace_fault
<LI><a href="#[26e]">&gt;&gt;</a>&nbsp;&nbsp;&nbsp;cm_backtrace_call_stack
</UL>

<P><STRONG><a name="[279]"></a>print_call_stack</STRONG> (Thumb, 126 bytes, Stack size 96 bytes, cm_backtrace.o(i.print_call_stack))
<BR><BR>[Stack]<UL><LI>Max Depth = 216<LI>Call Chain = print_call_stack &rArr; cm_backtrace_call_stack &rArr; get_cur_thread_stack_info &rArr; uart_printf &rArr; mcu_uart_write
</UL>
<BR>[Calls]<UL><LI><a href="#[14e]">&gt;&gt;</a>&nbsp;&nbsp;&nbsp;uart_printf
<LI><a href="#[26e]">&gt;&gt;</a>&nbsp;&nbsp;&nbsp;cm_backtrace_call_stack
<LI><a href="#[3dd]">&gt;&gt;</a>&nbsp;&nbsp;&nbsp;__2sprintf
<LI><a href="#[24d]">&gt;&gt;</a>&nbsp;&nbsp;&nbsp;__aeabi_memclr4
</UL>
<BR>[Called By]<UL><LI><a href="#[118]">&gt;&gt;</a>&nbsp;&nbsp;&nbsp;cm_backtrace_fault
</UL>

<P><STRONG><a name="[276]"></a>statck_del_fpu_regs</STRONG> (Thumb, 24 bytes, Stack size 0 bytes, cm_backtrace.o(i.statck_del_fpu_regs))
<BR><BR>[Called By]<UL><LI><a href="#[118]">&gt;&gt;</a>&nbsp;&nbsp;&nbsp;cm_backtrace_fault
</UL>

<P><STRONG><a name="[288]"></a>cread_add_char</STRONG> (Thumb, 134 bytes, Stack size 24 bytes, cmd.o(i.cread_add_char))
<BR><BR>[Stack]<UL><LI>Max Depth = 88<LI>Call Chain = cread_add_char &rArr; cmd_uart_printf &rArr; mcu_uart_write
</UL>
<BR>[Calls]<UL><LI><a href="#[1bd]">&gt;&gt;</a>&nbsp;&nbsp;&nbsp;cmd_uart_printf
<LI><a href="#[280]">&gt;&gt;</a>&nbsp;&nbsp;&nbsp;putc
<LI><a href="#[289]">&gt;&gt;</a>&nbsp;&nbsp;&nbsp;__aeabi_memmove
</UL>
<BR>[Called By]<UL><LI><a href="#[28c]">&gt;&gt;</a>&nbsp;&nbsp;&nbsp;cread_line
<LI><a href="#[28a]">&gt;&gt;</a>&nbsp;&nbsp;&nbsp;cread_add_str
</UL>

<P><STRONG><a name="[28a]"></a>cread_add_str</STRONG> (Thumb, 48 bytes, Stack size 40 bytes, cmd.o(i.cread_add_str))
<BR><BR>[Stack]<UL><LI>Max Depth = 128<LI>Call Chain = cread_add_str &rArr; cread_add_char &rArr; cmd_uart_printf &rArr; mcu_uart_write
</UL>
<BR>[Calls]<UL><LI><a href="#[288]">&gt;&gt;</a>&nbsp;&nbsp;&nbsp;cread_add_char
</UL>
<BR>[Called By]<UL><LI><a href="#[28c]">&gt;&gt;</a>&nbsp;&nbsp;&nbsp;cread_line
</UL>

<P><STRONG><a name="[28b]"></a>cread_add_to_hist</STRONG> (Thumb, 50 bytes, Stack size 8 bytes, cmd.o(i.cread_add_to_hist))
<BR><BR>[Stack]<UL><LI>Max Depth = 8<LI>Call Chain = cread_add_to_hist
</UL>
<BR>[Calls]<UL><LI><a href="#[26b]">&gt;&gt;</a>&nbsp;&nbsp;&nbsp;strcpy
</UL>
<BR>[Called By]<UL><LI><a href="#[28c]">&gt;&gt;</a>&nbsp;&nbsp;&nbsp;cread_line
</UL>

<P><STRONG><a name="[28c]"></a>cread_line</STRONG> (Thumb, 894 bytes, Stack size 80 bytes, cmd.o(i.cread_line))
<BR><BR>[Stack]<UL><LI>Max Depth = 384<LI>Call Chain = cread_line &rArr; cmd_auto_complete &rArr; print_argv &rArr; cmd_uart_printf &rArr; mcu_uart_write
</UL>
<BR>[Calls]<UL><LI><a href="#[1bd]">&gt;&gt;</a>&nbsp;&nbsp;&nbsp;cmd_uart_printf
<LI><a href="#[280]">&gt;&gt;</a>&nbsp;&nbsp;&nbsp;putc
<LI><a href="#[28d]">&gt;&gt;</a>&nbsp;&nbsp;&nbsp;getc
<LI><a href="#[27c]">&gt;&gt;</a>&nbsp;&nbsp;&nbsp;cmd_auto_complete
<LI><a href="#[28f]">&gt;&gt;</a>&nbsp;&nbsp;&nbsp;hist_prev
<LI><a href="#[28e]">&gt;&gt;</a>&nbsp;&nbsp;&nbsp;hist_next
<LI><a href="#[28b]">&gt;&gt;</a>&nbsp;&nbsp;&nbsp;cread_add_to_hist
<LI><a href="#[28a]">&gt;&gt;</a>&nbsp;&nbsp;&nbsp;cread_add_str
<LI><a href="#[288]">&gt;&gt;</a>&nbsp;&nbsp;&nbsp;cread_add_char
<LI><a href="#[26b]">&gt;&gt;</a>&nbsp;&nbsp;&nbsp;strcpy
<LI><a href="#[151]">&gt;&gt;</a>&nbsp;&nbsp;&nbsp;strlen
<LI><a href="#[289]">&gt;&gt;</a>&nbsp;&nbsp;&nbsp;__aeabi_memmove
</UL>
<BR>[Called By]<UL><LI><a href="#[40e]">&gt;&gt;</a>&nbsp;&nbsp;&nbsp;readline_into_buffer
</UL>

<P><STRONG><a name="[40f]"></a>hist_init</STRONG> (Thumb, 42 bytes, Stack size 8 bytes, cmd.o(i.hist_init))
<BR><BR>[Stack]<UL><LI>Max Depth = 8<LI>Call Chain = hist_init
</UL>
<BR>[Called By]<UL><LI><a href="#[40e]">&gt;&gt;</a>&nbsp;&nbsp;&nbsp;readline_into_buffer
</UL>

<P><STRONG><a name="[28e]"></a>hist_next</STRONG> (Thumb, 54 bytes, Stack size 0 bytes, cmd.o(i.hist_next))
<BR><BR>[Called By]<UL><LI><a href="#[28c]">&gt;&gt;</a>&nbsp;&nbsp;&nbsp;cread_line
</UL>

<P><STRONG><a name="[28f]"></a>hist_prev</STRONG> (Thumb, 46 bytes, Stack size 0 bytes, cmd.o(i.hist_prev))
<BR><BR>[Called By]<UL><LI><a href="#[28c]">&gt;&gt;</a>&nbsp;&nbsp;&nbsp;cread_line
</UL>

<P><STRONG><a name="[3de]"></a>process_macros</STRONG> (Thumb, 250 bytes, Stack size 160 bytes, cmd.o(i.process_macros))
<BR><BR>[Stack]<UL><LI>Max Depth = 160<LI>Call Chain = process_macros
</UL>
<BR>[Calls]<UL><LI><a href="#[151]">&gt;&gt;</a>&nbsp;&nbsp;&nbsp;strlen
</UL>
<BR>[Called By]<UL><LI><a href="#[26c]">&gt;&gt;</a>&nbsp;&nbsp;&nbsp;run_command
</UL>

<P><STRONG><a name="[27e]"></a>complete_cmdv</STRONG> (Thumb, 252 bytes, Stack size 40 bytes, commnad.o(i.complete_cmdv))
<BR><BR>[Stack]<UL><LI>Max Depth = 84<LI>Call Chain = complete_cmdv &rArr; find_cmd &rArr; find_cmd_tbl &rArr; strncmp
</UL>
<BR>[Calls]<UL><LI><a href="#[286]">&gt;&gt;</a>&nbsp;&nbsp;&nbsp;find_cmd
<LI><a href="#[287]">&gt;&gt;</a>&nbsp;&nbsp;&nbsp;memcmp
<LI><a href="#[151]">&gt;&gt;</a>&nbsp;&nbsp;&nbsp;strlen
<LI><a href="#[285]">&gt;&gt;</a>&nbsp;&nbsp;&nbsp;strchr
</UL>
<BR>[Called By]<UL><LI><a href="#[27c]">&gt;&gt;</a>&nbsp;&nbsp;&nbsp;cmd_auto_complete
</UL>

<P><STRONG><a name="[1be]"></a>find_cmd_tbl</STRONG> (Thumb, 98 bytes, Stack size 32 bytes, commnad.o(i.find_cmd_tbl))
<BR><BR>[Stack]<UL><LI>Max Depth = 44<LI>Call Chain = find_cmd_tbl &rArr; strncmp
</UL>
<BR>[Calls]<UL><LI><a href="#[30c]">&gt;&gt;</a>&nbsp;&nbsp;&nbsp;strncmp
<LI><a href="#[151]">&gt;&gt;</a>&nbsp;&nbsp;&nbsp;strlen
<LI><a href="#[285]">&gt;&gt;</a>&nbsp;&nbsp;&nbsp;strchr
</UL>
<BR>[Called By]<UL><LI><a href="#[1bb]">&gt;&gt;</a>&nbsp;&nbsp;&nbsp;_do_help
<LI><a href="#[286]">&gt;&gt;</a>&nbsp;&nbsp;&nbsp;find_cmd
</UL>

<P><STRONG><a name="[27f]"></a>find_common_prefix</STRONG> (Thumb, 64 bytes, Stack size 24 bytes, commnad.o(i.find_common_prefix))
<BR><BR>[Stack]<UL><LI>Max Depth = 24<LI>Call Chain = find_common_prefix
</UL>
<BR>[Calls]<UL><LI><a href="#[151]">&gt;&gt;</a>&nbsp;&nbsp;&nbsp;strlen
</UL>
<BR>[Called By]<UL><LI><a href="#[27c]">&gt;&gt;</a>&nbsp;&nbsp;&nbsp;cmd_auto_complete
</UL>

<P><STRONG><a name="[31f]"></a>install_auto_complete_handler</STRONG> (Thumb, 4 bytes, Stack size 0 bytes, commnad.o(i.install_auto_complete_handler))
<BR><BR>[Stack]<UL><LI>Max Depth = 44<LI>Call Chain = install_auto_complete_handler &rArr; find_cmd &rArr; find_cmd_tbl &rArr; strncmp
</UL>
<BR>[Calls]<UL><LI><a href="#[286]">&gt;&gt;</a>&nbsp;&nbsp;&nbsp;find_cmd
</UL>
<BR>[Called By]<UL><LI><a href="#[269]">&gt;&gt;</a>&nbsp;&nbsp;&nbsp;install_auto_complete
</UL>

<P><STRONG><a name="[27d]"></a>make_argv</STRONG> (Thumb, 70 bytes, Stack size 12 bytes, commnad.o(i.make_argv))
<BR><BR>[Stack]<UL><LI>Max Depth = 12<LI>Call Chain = make_argv
</UL>
<BR>[Called By]<UL><LI><a href="#[27c]">&gt;&gt;</a>&nbsp;&nbsp;&nbsp;cmd_auto_complete
</UL>

<P><STRONG><a name="[281]"></a>print_argv</STRONG> (Thumb, 154 bytes, Stack size 40 bytes, commnad.o(i.print_argv))
<BR><BR>[Stack]<UL><LI>Max Depth = 104<LI>Call Chain = print_argv &rArr; cmd_uart_printf &rArr; mcu_uart_write
</UL>
<BR>[Calls]<UL><LI><a href="#[1bd]">&gt;&gt;</a>&nbsp;&nbsp;&nbsp;cmd_uart_printf
<LI><a href="#[151]">&gt;&gt;</a>&nbsp;&nbsp;&nbsp;strlen
</UL>
<BR>[Called By]<UL><LI><a href="#[27c]">&gt;&gt;</a>&nbsp;&nbsp;&nbsp;cmd_auto_complete
</UL>

<P><STRONG><a name="[1e6]"></a>bitmapfont_get_bitmaphead</STRONG> (Thumb, 164 bytes, Stack size 32 bytes, font_unicode.o(i.bitmapfont_get_bitmaphead))
<BR><BR>[Stack]<UL><LI>Max Depth = 192<LI>Call Chain = bitmapfont_get_bitmaphead &rArr; vfs_lseek &rArr; f_lseek &rArr; create_chain &rArr; put_fat &rArr; move_window &rArr; sync_window &rArr; disk_write
</UL>
<BR>[Calls]<UL><LI><a href="#[14e]">&gt;&gt;</a>&nbsp;&nbsp;&nbsp;uart_printf
<LI><a href="#[1e4]">&gt;&gt;</a>&nbsp;&nbsp;&nbsp;vfs_read
<LI><a href="#[1e7]">&gt;&gt;</a>&nbsp;&nbsp;&nbsp;vfs_lseek
</UL>
<BR>[Called By]<UL><LI><a href="#[d5]">&gt;&gt;</a>&nbsp;&nbsp;&nbsp;bitmapfont_get_glyph_dsc
<LI><a href="#[d6]">&gt;&gt;</a>&nbsp;&nbsp;&nbsp;bitmapfont_get_glyph_bitmap
</UL>

<P><STRONG><a name="[318]"></a>font_index_gbk_wjq</STRONG> (Thumb, 12 bytes, Stack size 0 bytes, font_wjq.o(i.font_index_gbk_wjq))
<BR><BR>[Called By]<UL><LI><a href="#[dd]">&gt;&gt;</a>&nbsp;&nbsp;&nbsp;font_wjq_get_glyph_bitmap
</UL>

<P><STRONG><a name="[316]"></a>font_gbk_get_area</STRONG> (Thumb, 116 bytes, Stack size 0 bytes, petite_font.o(i.font_gbk_get_area))
<BR><BR>[Called By]<UL><LI><a href="#[2cf]">&gt;&gt;</a>&nbsp;&nbsp;&nbsp;font_get_ch_from_str
</UL>

<P><STRONG><a name="[1d6]"></a>_fp_digits</STRONG> (Thumb, 366 bytes, Stack size 64 bytes, printfa.o(i._fp_digits), UNUSED)
<BR><BR>[Calls]<UL><LI><a href="#[11c]">&gt;&gt;</a>&nbsp;&nbsp;&nbsp;__aeabi_dadd
<LI><a href="#[125]">&gt;&gt;</a>&nbsp;&nbsp;&nbsp;__aeabi_dmul
<LI><a href="#[126]">&gt;&gt;</a>&nbsp;&nbsp;&nbsp;__aeabi_ddiv
<LI><a href="#[127]">&gt;&gt;</a>&nbsp;&nbsp;&nbsp;__aeabi_d2ulz
<LI><a href="#[1d7]">&gt;&gt;</a>&nbsp;&nbsp;&nbsp;__aeabi_cdrcmple
<LI><a href="#[123]">&gt;&gt;</a>&nbsp;&nbsp;&nbsp;__aeabi_uldivmod
</UL>
<BR>[Called By]<UL><LI><a href="#[1b8]">&gt;&gt;</a>&nbsp;&nbsp;&nbsp;_printf_core
</UL>

<P><STRONG><a name="[1b8]"></a>_printf_core</STRONG> (Thumb, 1704 bytes, Stack size 136 bytes, printfa.o(i._printf_core), UNUSED)
<BR><BR>[Calls]<UL><LI><a href="#[1d8]">&gt;&gt;</a>&nbsp;&nbsp;&nbsp;_printf_pre_padding
<LI><a href="#[1d9]">&gt;&gt;</a>&nbsp;&nbsp;&nbsp;_printf_post_padding
<LI><a href="#[1d6]">&gt;&gt;</a>&nbsp;&nbsp;&nbsp;_fp_digits
<LI><a href="#[123]">&gt;&gt;</a>&nbsp;&nbsp;&nbsp;__aeabi_uldivmod
<LI><a href="#[1da]">&gt;&gt;</a>&nbsp;&nbsp;&nbsp;__aeabi_uidivmod
</UL>
<BR>[Called By]<UL><LI><a href="#[1ba]">&gt;&gt;</a>&nbsp;&nbsp;&nbsp;__0vsprintf
<LI><a href="#[1b9]">&gt;&gt;</a>&nbsp;&nbsp;&nbsp;__0sprintf
<LI><a href="#[1b7]">&gt;&gt;</a>&nbsp;&nbsp;&nbsp;__0printf
</UL>

<P><STRONG><a name="[1d9]"></a>_printf_post_padding</STRONG> (Thumb, 36 bytes, Stack size 24 bytes, printfa.o(i._printf_post_padding), UNUSED)
<BR><BR>[Called By]<UL><LI><a href="#[1b8]">&gt;&gt;</a>&nbsp;&nbsp;&nbsp;_printf_core
</UL>

<P><STRONG><a name="[1d8]"></a>_printf_pre_padding</STRONG> (Thumb, 46 bytes, Stack size 24 bytes, printfa.o(i._printf_pre_padding), UNUSED)
<BR><BR>[Called By]<UL><LI><a href="#[1b8]">&gt;&gt;</a>&nbsp;&nbsp;&nbsp;_printf_core
</UL>

<P><STRONG><a name="[cf]"></a>_sputc</STRONG> (Thumb, 10 bytes, Stack size 0 bytes, printfa.o(i._sputc))
<BR><BR>[Called By]<UL><LI><a href="#[1ba]">&gt;&gt;</a>&nbsp;&nbsp;&nbsp;__0vsprintf
<LI><a href="#[1b9]">&gt;&gt;</a>&nbsp;&nbsp;&nbsp;__0sprintf
</UL>
<BR>[Address Reference Count : 2]<UL><LI> printfa.o(i.__0sprintf)
<LI> printfa.o(i.__0vsprintf)
</UL><P>
<H3>
Undefined Global Symbols
</H3><HR></body></html>
